[ 10%] [32mBuilding CXX object CMakeFiles/rc26_decision_serial.dir/src/gain_odom/wheel_odom_receiver.cpp.o[0m
[ 10%] [32mBuilding CXX object CMakeFiles/rc26_decision_serial.dir/src/gain_odom/pose_sender.cpp.o[0m
[ 15%] [32mBuilding CXX object CMakeFiles/rc26_decision_nodes.dir/src/mc_area.cpp.o[0m
[ 21%] [32mBuilding CXX object CMakeFiles/rc26_decision_nodes.dir/src/mf_area.cpp.o[0m
[ 26%] [32mBuilding CXX object CMakeFiles/rc26_decision_nodes.dir/src/combat_area.cpp.o[0m
[ 31%] [32mBuilding CXX object CMakeFiles/rc26_decision_nodes.dir/src/navigation/bt_navigate_waypoint.cpp.o[0m
[ 36%] [32mBuilding CXX object CMakeFiles/rc26_decision_nodes.dir/src/navigation/waypoint_navigator.cpp.o[0m
[ 42%] [32m[1mLinking CXX shared library librc26_decision_nodes.so[0m
[ 47%] Built target rc26_decision_nodes
[ 52%] [32m[1mLinking CXX shared library librc26_decision_serial.so[0m
[ 57%] Built target rc26_decision_serial
[35m[1mConsolidate compiler generated dependencies of target decision_node[0m
[ 63%] [32mBuilding CXX object CMakeFiles/serial_test0_node.dir/src/gain_odom/serial_test0_node.cpp.o[0m
[ 68%] [32mBuilding CXX object CMakeFiles/serial_test1_node.dir/src/gain_odom/serial_test1_node.cpp.o[0m
[ 73%] [32m[1mLinking CXX executable can_odom_test_node[0m
[ 78%] [32mBuilding CXX object CMakeFiles/decision_node.dir/src/decision_node.cpp.o[0m
[ 84%] Built target can_odom_test_node
[ 89%] [32m[1mLinking CXX executable serial_test1_node[0m
[ 89%] Built target serial_test1_node
[ 94%] [32m[1mLinking CXX executable serial_test0_node[0m
[ 94%] Built target serial_test0_node
[100%] [32m[1mLinking CXX executable decision_node[0m
[100%] Built target decision_node
-- Install configuration: ""
-- Up-to-date: /home/potato/RC_2026/install/rc26_decision/include
-- Up-to-date: /home/potato/RC_2026/install/rc26_decision/include/rc26_decision
-- Up-to-date: /home/potato/RC_2026/install/rc26_decision/include/rc26_decision/combat_area.hpp
-- Up-to-date: /home/potato/RC_2026/install/rc26_decision/include/rc26_decision/navigation
-- Up-to-date: /home/potato/RC_2026/install/rc26_decision/include/rc26_decision/navigation/bt_navigate_waypoint.hpp
-- Up-to-date: /home/potato/RC_2026/install/rc26_decision/include/rc26_decision/navigation/waypoint_navigator.hpp
-- Up-to-date: /home/potato/RC_2026/install/rc26_decision/include/rc26_decision/navigation/waypoint_catalog.hpp
-- Up-to-date: /home/potato/RC_2026/install/rc26_decision/include/rc26_decision/mf_area.hpp
-- Up-to-date: /home/potato/RC_2026/install/rc26_decision/include/rc26_decision/mc_area.hpp
-- Up-to-date: /home/potato/RC_2026/install/rc26_decision/include/rc26_decision/gain_odom
-- Up-to-date: /home/potato/RC_2026/install/rc26_decision/include/rc26_decision/gain_odom/pose_sender.hpp
-- Up-to-date: /home/potato/RC_2026/install/rc26_decision/include/rc26_decision/gain_odom/wheel_odom_receiver.hpp
-- Up-to-date: /home/potato/RC_2026/install/rc26_decision/include/rc26_decision/gain_odom/can_odom.hpp
-- Installing: /home/potato/RC_2026/install/rc26_decision/lib/librc26_decision_nodes.so
-- Set runtime path of "/home/potato/RC_2026/install/rc26_decision/lib/librc26_decision_nodes.so" to ""
-- Installing: /home/potato/RC_2026/install/rc26_decision/lib/librc26_decision_serial.so
-- Set runtime path of "/home/potato/RC_2026/install/rc26_decision/lib/librc26_decision_serial.so" to ""
-- Installing: /home/potato/RC_2026/install/rc26_decision/lib/rc26_decision/decision_node
-- Set runtime path of "/home/potato/RC_2026/install/rc26_decision/lib/rc26_decision/decision_node" to ""
-- Installing: /home/potato/RC_2026/install/rc26_decision/lib/rc26_decision/serial_test0_node
-- Set runtime path of "/home/potato/RC_2026/install/rc26_decision/lib/rc26_decision/serial_test0_node" to ""
-- Installing: /home/potato/RC_2026/install/rc26_decision/lib/rc26_decision/serial_test1_node
-- Set runtime path of "/home/potato/RC_2026/install/rc26_decision/lib/rc26_decision/serial_test1_node" to ""
-- Installing: /home/potato/RC_2026/install/rc26_decision/lib/rc26_decision/can_odom_test_node
-- Set runtime path of "/home/potato/RC_2026/install/rc26_decision/lib/rc26_decision/can_odom_test_node" to ""
-- Up-to-date: /home/potato/RC_2026/install/rc26_decision/share/rc26_decision/behavior_trees
-- Up-to-date: /home/potato/RC_2026/install/rc26_decision/share/rc26_decision/behavior_trees/main_tree.xml
-- Up-to-date: /home/potato/RC_2026/install/rc26_decision/share/rc26_decision/launch
-- Up-to-date: /home/potato/RC_2026/install/rc26_decision/share/rc26_decision/launch/__pycache__
-- Up-to-date: /home/potato/RC_2026/install/rc26_decision/share/rc26_decision/launch/__pycache__/waypoint_patrol.launch.cpython-310.pyc
-- Up-to-date: /home/potato/RC_2026/install/rc26_decision/share/rc26_decision/launch/decision.launch.py
-- Up-to-date: /home/potato/RC_2026/install/rc26_decision/share/rc26_decision/config
-- Up-to-date: /home/potato/RC_2026/install/rc26_decision/share/rc26_decision/config/decision_params.yaml
-- Up-to-date: /home/potato/RC_2026/install/rc26_decision/share/rc26_decision/environment/library_path.sh
-- Up-to-date: /home/potato/RC_2026/install/rc26_decision/share/rc26_decision/environment/library_path.dsv
-- Up-to-date: /home/potato/RC_2026/install/rc26_decision/share/ament_index/resource_index/package_run_dependencies/rc26_decision
-- Up-to-date: /home/potato/RC_2026/install/rc26_decision/share/ament_index/resource_index/parent_prefix_path/rc26_decision
-- Up-to-date: /home/potato/RC_2026/install/rc26_decision/share/rc26_decision/environment/ament_prefix_path.sh
-- Up-to-date: /home/potato/RC_2026/install/rc26_decision/share/rc26_decision/environment/ament_prefix_path.dsv
-- Up-to-date: /home/potato/RC_2026/install/rc26_decision/share/rc26_decision/environment/path.sh
-- Up-to-date: /home/potato/RC_2026/install/rc26_decision/share/rc26_decision/environment/path.dsv
-- Up-to-date: /home/potato/RC_2026/install/rc26_decision/share/rc26_decision/local_setup.bash
-- Up-to-date: /home/potato/RC_2026/install/rc26_decision/share/rc26_decision/local_setup.sh
-- Up-to-date: /home/potato/RC_2026/install/rc26_decision/share/rc26_decision/local_setup.zsh
-- Up-to-date: /home/potato/RC_2026/install/rc26_decision/share/rc26_decision/local_setup.dsv
-- Installing: /home/potato/RC_2026/install/rc26_decision/share/rc26_decision/package.dsv
-- Up-to-date: /home/potato/RC_2026/install/rc26_decision/share/ament_index/resource_index/packages/rc26_decision
-- Up-to-date: /home/potato/RC_2026/install/rc26_decision/share/rc26_decision/cmake/rc26_decisionTargetsExport.cmake
-- Up-to-date: /home/potato/RC_2026/install/rc26_decision/share/rc26_decision/cmake/rc26_decisionTargetsExport-noconfig.cmake
-- Up-to-date: /home/potato/RC_2026/install/rc26_decision/share/rc26_decision/cmake/ament_cmake_export_targets-extras.cmake
-- Up-to-date: /home/potato/RC_2026/install/rc26_decision/share/rc26_decision/cmake/ament_cmake_export_include_directories-extras.cmake
-- Up-to-date: /home/potato/RC_2026/install/rc26_decision/share/rc26_decision/cmake/ament_cmake_export_libraries-extras.cmake
-- Up-to-date: /home/potato/RC_2026/install/rc26_decision/share/rc26_decision/cmake/ament_cmake_export_dependencies-extras.cmake
-- Up-to-date: /home/potato/RC_2026/install/rc26_decision/share/rc26_decision/cmake/rc26_decisionConfig.cmake
-- Up-to-date: /home/potato/RC_2026/install/rc26_decision/share/rc26_decision/cmake/rc26_decisionConfig-version.cmake
-- Up-to-date: /home/potato/RC_2026/install/rc26_decision/share/rc26_decision/package.xml
