-- The C compiler identification is GNU 11.4.0
-- The CXX compiler identification is GNU 11.4.0
-- Detecting C compiler ABI info
-- Detecting C compiler ABI info - done
-- Check for working C compiler: /usr/bin/cc - skipped
-- Detecting C compile features
-- Detecting C compile features - done
-- Detecting CXX compiler ABI info
-- Detecting CXX compiler ABI info - done
-- Check for working CXX compiler: /usr/bin/c++ - skipped
-- Detecting CXX compile features
-- Detecting CXX compile features - done
-- Found ament_cmake: 1.3.12 (/opt/ros/humble/share/ament_cmake/cmake)
-- Found Python3: /usr/bin/python3 (found version "3.10.12") found components: Interpreter 
-- Found rclcpp: 16.0.16 (/opt/ros/humble/share/rclcpp/cmake)
-- Found rosidl_generator_c: 3.1.7 (/opt/ros/humble/share/rosidl_generator_c/cmake)
-- Found rosidl_adapter: 3.1.7 (/opt/ros/humble/share/rosidl_adapter/cmake)
-- Found rosidl_generator_cpp: 3.1.7 (/opt/ros/humble/share/rosidl_generator_cpp/cmake)
-- Using all available rosidl_typesupport_c: rosidl_typesupport_fastrtps_c;rosidl_typesupport_introspection_c
-- Using all available rosidl_typesupport_cpp: rosidl_typesupport_fastrtps_cpp;rosidl_typesupport_introspection_cpp
-- Found rmw_implementation_cmake: 6.1.2 (/opt/ros/humble/share/rmw_implementation_cmake/cmake)
-- Found rmw_fastrtps_cpp: 6.2.9 (/opt/ros/humble/share/rmw_fastrtps_cpp/cmake)
-- Found OpenSSL: /usr/lib/x86_64-linux-gnu/libcrypto.so (found version "3.0.2")  
-- Found FastRTPS: /opt/ros/humble/include  
-- Using RMW implementation 'rmw_fastrtps_cpp' as default
-- Looking for pthread.h
-- Looking for pthread.h - found
-- Performing Test CMAKE_HAVE_LIBC_PTHREAD
-- Performing Test CMAKE_HAVE_LIBC_PTHREAD - Success
-- Found Threads: TRUE  
-- Found rclcpp_action: 16.0.16 (/opt/ros/humble/share/rclcpp_action/cmake)
-- Found behaviortree_cpp: 4.7.1 (/opt/ros/humble/share/behaviortree_cpp/cmake)
-- Found geometry_msgs: 4.9.0 (/opt/ros/humble/share/geometry_msgs/cmake)
-- Found nav_msgs: 4.9.0 (/opt/ros/humble/share/nav_msgs/cmake)
-- Found nav2_msgs: 1.1.20 (/opt/ros/humble/share/nav2_msgs/cmake)
-- Found tf2: 0.25.17 (/opt/ros/humble/share/tf2/cmake)
-- Found tf2_geometry_msgs: 0.25.17 (/opt/ros/humble/share/tf2_geometry_msgs/cmake)
-- Found eigen3_cmake_module: 0.1.1 (/opt/ros/humble/share/eigen3_cmake_module/cmake)
-- Found Eigen3: TRUE (found version "3.4.0") 
-- Ensuring Eigen3 include directory is part of orocos-kdl CMake target
-- Found rc26_serial: 0.1.0 (/home/potato/RC_2026/install/rc26_serial/share/rc26_serial/cmake)
-- Configuring done
-- Generating done
-- Build files have been written to: /home/potato/RC_2026/build/rc26_decision
[ 10%] [32mBuilding CXX object CMakeFiles/rc26_decision_serial.dir/src/gain_odom/pose_sender.cpp.o[0m
[ 10%] [32mBuilding CXX object CMakeFiles/rc26_decision_nodes.dir/src/mc_area.cpp.o[0m
[ 15%] [32mBuilding CXX object CMakeFiles/rc26_decision_nodes.dir/src/combat_area.cpp.o[0m
[ 21%] [32mBuilding CXX object CMakeFiles/rc26_decision_nodes.dir/src/navigation/waypoint_catalog.cpp.o[0m
[ 26%] [32mBuilding CXX object CMakeFiles/rc26_decision_nodes.dir/src/mf_area.cpp.o[0m
[ 31%] [32mBuilding CXX object CMakeFiles/rc26_decision_nodes.dir/src/navigation/bt_navigate_waypoint.cpp.o[0m
[ 36%] [32mBuilding CXX object CMakeFiles/rc26_decision_serial.dir/src/gain_odom/wheel_odom_receiver.cpp.o[0m
[ 42%] [32mBuilding CXX object CMakeFiles/rc26_decision_serial.dir/src/gain_odom/can_odom.cpp.o[0m
[ 47%] [32mBuilding CXX object CMakeFiles/rc26_decision_nodes.dir/src/navigation/waypoint_navigator.cpp.o[0m
[ 52%] [32m[1mLinking CXX shared library librc26_decision_nodes.so[0m
[ 52%] Built target rc26_decision_nodes
[ 57%] [32m[1mLinking CXX shared library librc26_decision_serial.so[0m
[ 57%] Built target rc26_decision_serial
[ 63%] [32mBuilding CXX object CMakeFiles/can_odom_test_node.dir/src/gain_odom/can_odom_test_node.cpp.o[0m
[ 68%] [32mBuilding CXX object CMakeFiles/serial_test1_node.dir/src/gain_odom/serial_test1_node.cpp.o[0m
[ 73%] [32mBuilding CXX object CMakeFiles/serial_test0_node.dir/src/gain_odom/serial_test0_node.cpp.o[0m
[ 78%] [32mBuilding CXX object CMakeFiles/decision_node.dir/src/decision_node.cpp.o[0m
[ 84%] [32m[1mLinking CXX executable can_odom_test_node[0m
[ 89%] [32m[1mLinking CXX executable serial_test1_node[0m
[ 94%] [32m[1mLinking CXX executable serial_test0_node[0m
[ 94%] Built target serial_test1_node
[ 94%] Built target can_odom_test_node
[ 94%] Built target serial_test0_node
[100%] [32m[1mLinking CXX executable decision_node[0m
[100%] Built target decision_node
-- Install configuration: ""
-- Installing: /home/potato/RC_2026/install/rc26_decision/include
-- Installing: /home/potato/RC_2026/install/rc26_decision/include/rc26_decision
-- Installing: /home/potato/RC_2026/install/rc26_decision/include/rc26_decision/combat_area.hpp
-- Installing: /home/potato/RC_2026/install/rc26_decision/include/rc26_decision/navigation
-- Installing: /home/potato/RC_2026/install/rc26_decision/include/rc26_decision/navigation/bt_navigate_waypoint.hpp
-- Installing: /home/potato/RC_2026/install/rc26_decision/include/rc26_decision/navigation/waypoint_navigator.hpp
-- Installing: /home/potato/RC_2026/install/rc26_decision/include/rc26_decision/navigation/waypoint_catalog.hpp
-- Installing: /home/potato/RC_2026/install/rc26_decision/include/rc26_decision/mf_area.hpp
-- Installing: /home/potato/RC_2026/install/rc26_decision/include/rc26_decision/mc_area.hpp
-- Installing: /home/potato/RC_2026/install/rc26_decision/include/rc26_decision/gain_odom
-- Installing: /home/potato/RC_2026/install/rc26_decision/include/rc26_decision/gain_odom/pose_sender.hpp
-- Installing: /home/potato/RC_2026/install/rc26_decision/include/rc26_decision/gain_odom/wheel_odom_receiver.hpp
-- Installing: /home/potato/RC_2026/install/rc26_decision/include/rc26_decision/gain_odom/can_odom.hpp
-- Installing: /home/potato/RC_2026/install/rc26_decision/lib/librc26_decision_nodes.so
-- Set runtime path of "/home/potato/RC_2026/install/rc26_decision/lib/librc26_decision_nodes.so" to ""
-- Installing: /home/potato/RC_2026/install/rc26_decision/lib/librc26_decision_serial.so
-- Set runtime path of "/home/potato/RC_2026/install/rc26_decision/lib/librc26_decision_serial.so" to ""
-- Installing: /home/potato/RC_2026/install/rc26_decision/lib/rc26_decision/decision_node
-- Set runtime path of "/home/potato/RC_2026/install/rc26_decision/lib/rc26_decision/decision_node" to ""
-- Installing: /home/potato/RC_2026/install/rc26_decision/lib/rc26_decision/serial_test0_node
-- Set runtime path of "/home/potato/RC_2026/install/rc26_decision/lib/rc26_decision/serial_test0_node" to ""
-- Installing: /home/potato/RC_2026/install/rc26_decision/lib/rc26_decision/serial_test1_node
-- Set runtime path of "/home/potato/RC_2026/install/rc26_decision/lib/rc26_decision/serial_test1_node" to ""
-- Installing: /home/potato/RC_2026/install/rc26_decision/lib/rc26_decision/can_odom_test_node
-- Set runtime path of "/home/potato/RC_2026/install/rc26_decision/lib/rc26_decision/can_odom_test_node" to ""
-- Installing: /home/potato/RC_2026/install/rc26_decision/share/rc26_decision/behavior_trees
-- Installing: /home/potato/RC_2026/install/rc26_decision/share/rc26_decision/behavior_trees/main_tree.xml
-- Installing: /home/potato/RC_2026/install/rc26_decision/share/rc26_decision/launch
-- Installing: /home/potato/RC_2026/install/rc26_decision/share/rc26_decision/launch/__pycache__
-- Installing: /home/potato/RC_2026/install/rc26_decision/share/rc26_decision/launch/__pycache__/waypoint_patrol.launch.cpython-310.pyc
-- Installing: /home/potato/RC_2026/install/rc26_decision/share/rc26_decision/launch/decision.launch.py
-- Installing: /home/potato/RC_2026/install/rc26_decision/share/rc26_decision/config
-- Installing: /home/potato/RC_2026/install/rc26_decision/share/rc26_decision/config/decision_params.yaml
-- Installing: /home/potato/RC_2026/install/rc26_decision/share/rc26_decision/environment/library_path.sh
-- Installing: /home/potato/RC_2026/install/rc26_decision/share/rc26_decision/environment/library_path.dsv
-- Installing: /home/potato/RC_2026/install/rc26_decision/share/ament_index/resource_index/package_run_dependencies/rc26_decision
-- Installing: /home/potato/RC_2026/install/rc26_decision/share/ament_index/resource_index/parent_prefix_path/rc26_decision
-- Installing: /home/potato/RC_2026/install/rc26_decision/share/rc26_decision/environment/ament_prefix_path.sh
-- Installing: /home/potato/RC_2026/install/rc26_decision/share/rc26_decision/environment/ament_prefix_path.dsv
-- Installing: /home/potato/RC_2026/install/rc26_decision/share/rc26_decision/environment/path.sh
-- Installing: /home/potato/RC_2026/install/rc26_decision/share/rc26_decision/environment/path.dsv
-- Installing: /home/potato/RC_2026/install/rc26_decision/share/rc26_decision/local_setup.bash
-- Installing: /home/potato/RC_2026/install/rc26_decision/share/rc26_decision/local_setup.sh
-- Installing: /home/potato/RC_2026/install/rc26_decision/share/rc26_decision/local_setup.zsh
-- Installing: /home/potato/RC_2026/install/rc26_decision/share/rc26_decision/local_setup.dsv
-- Installing: /home/potato/RC_2026/install/rc26_decision/share/rc26_decision/package.dsv
-- Installing: /home/potato/RC_2026/install/rc26_decision/share/ament_index/resource_index/packages/rc26_decision
-- Installing: /home/potato/RC_2026/install/rc26_decision/share/rc26_decision/cmake/rc26_decisionTargetsExport.cmake
-- Installing: /home/potato/RC_2026/install/rc26_decision/share/rc26_decision/cmake/rc26_decisionTargetsExport-noconfig.cmake
-- Installing: /home/potato/RC_2026/install/rc26_decision/share/rc26_decision/cmake/ament_cmake_export_targets-extras.cmake
-- Installing: /home/potato/RC_2026/install/rc26_decision/share/rc26_decision/cmake/ament_cmake_export_include_directories-extras.cmake
-- Installing: /home/potato/RC_2026/install/rc26_decision/share/rc26_decision/cmake/ament_cmake_export_libraries-extras.cmake
-- Installing: /home/potato/RC_2026/install/rc26_decision/share/rc26_decision/cmake/ament_cmake_export_dependencies-extras.cmake
-- Installing: /home/potato/RC_2026/install/rc26_decision/share/rc26_decision/cmake/rc26_decisionConfig.cmake
-- Installing: /home/potato/RC_2026/install/rc26_decision/share/rc26_decision/cmake/rc26_decisionConfig-version.cmake
-- Installing: /home/potato/RC_2026/install/rc26_decision/share/rc26_decision/package.xml
