[0.008s] Invoking command in '/home/potato/RC_2026/build/rc26_decision': AMENT_PREFIX_PATH=/home/potato/RC_2026/install/rc26_serial:${AMENT_PREFIX_PATH} CMAKE_PREFIX_PATH=/home/potato/RC_2026/install/rc26_serial:/opt/ros/humble:/opt/ros/humble LD_LIBRARY_PATH=/home/potato/RC_2026/install/rc26_serial/lib:${LD_LIBRARY_PATH} /usr/bin/cmake /home/potato/RC_2026/RC_2026_1/rc26_decision -DCMAKE_INSTALL_PREFIX=/home/potato/RC_2026/install/rc26_decision
[0.048s] -- The C compiler identification is GNU 11.4.0
[0.091s] -- The CXX compiler identification is GNU 11.4.0
[0.096s] -- Detecting C compiler ABI info
[0.152s] -- Detecting C compiler ABI info - done
[0.157s] -- Check for working C compiler: /usr/bin/cc - skipped
[0.157s] -- Detecting C compile features
[0.157s] -- Detecting C compile features - done
[0.160s] -- Detecting CXX compiler ABI info
[0.220s] -- Detecting CXX compiler ABI info - done
[0.225s] -- Check for working CXX compiler: /usr/bin/c++ - skipped
[0.225s] -- Detecting CXX compile features
[0.225s] -- Detecting CXX compile features - done
[0.227s] -- Found ament_cmake: 1.3.12 (/opt/ros/humble/share/ament_cmake/cmake)
[0.348s] -- Found Python3: /usr/bin/python3 (found version "3.10.12") found components: Interpreter 
[0.409s] -- Found rclcpp: 16.0.16 (/opt/ros/humble/share/rclcpp/cmake)
[0.437s] -- Found rosidl_generator_c: 3.1.7 (/opt/ros/humble/share/rosidl_generator_c/cmake)
[0.441s] -- Found rosidl_adapter: 3.1.7 (/opt/ros/humble/share/rosidl_adapter/cmake)
[0.446s] -- Found rosidl_generator_cpp: 3.1.7 (/opt/ros/humble/share/rosidl_generator_cpp/cmake)
[0.454s] -- Using all available rosidl_typesupport_c: rosidl_typesupport_fastrtps_c;rosidl_typesupport_introspection_c
[0.464s] -- Using all available rosidl_typesupport_cpp: rosidl_typesupport_fastrtps_cpp;rosidl_typesupport_introspection_cpp
[0.493s] -- Found rmw_implementation_cmake: 6.1.2 (/opt/ros/humble/share/rmw_implementation_cmake/cmake)
[0.494s] -- Found rmw_fastrtps_cpp: 6.2.9 (/opt/ros/humble/share/rmw_fastrtps_cpp/cmake)
[0.566s] -- Found OpenSSL: /usr/lib/x86_64-linux-gnu/libcrypto.so (found version "3.0.2")  
[0.588s] -- Found FastRTPS: /opt/ros/humble/include  
[0.622s] -- Using RMW implementation 'rmw_fastrtps_cpp' as default
[0.630s] -- Looking for pthread.h
[0.690s] -- Looking for pthread.h - found
[0.691s] -- Performing Test CMAKE_HAVE_LIBC_PTHREAD
[0.747s] -- Performing Test CMAKE_HAVE_LIBC_PTHREAD - Success
[0.748s] -- Found Threads: TRUE  
[0.782s] -- Found rclcpp_action: 16.0.16 (/opt/ros/humble/share/rclcpp_action/cmake)
[0.806s] -- Found behaviortree_cpp: 4.7.1 (/opt/ros/humble/share/behaviortree_cpp/cmake)
[0.809s] -- Found geometry_msgs: 4.9.0 (/opt/ros/humble/share/geometry_msgs/cmake)
[0.818s] -- Found nav_msgs: 4.9.0 (/opt/ros/humble/share/nav_msgs/cmake)
[0.829s] -- Found nav2_msgs: 1.1.20 (/opt/ros/humble/share/nav2_msgs/cmake)
[0.845s] -- Found tf2: 0.25.17 (/opt/ros/humble/share/tf2/cmake)
[0.852s] -- Found tf2_geometry_msgs: 0.25.17 (/opt/ros/humble/share/tf2_geometry_msgs/cmake)
[0.862s] -- Found eigen3_cmake_module: 0.1.1 (/opt/ros/humble/share/eigen3_cmake_module/cmake)
[0.863s] -- Found Eigen3: TRUE (found version "3.4.0") 
[0.863s] -- Ensuring Eigen3 include directory is part of orocos-kdl CMake target
[0.900s] -- Found rc26_serial: 0.1.0 (/home/potato/RC_2026/install/rc26_serial/share/rc26_serial/cmake)
[0.952s] -- Configuring done
[0.973s] -- Generating done
[0.982s] -- Build files have been written to: /home/potato/RC_2026/build/rc26_decision
[0.991s] Invoked command in '/home/potato/RC_2026/build/rc26_decision' returned '0': AMENT_PREFIX_PATH=/home/potato/RC_2026/install/rc26_serial:${AMENT_PREFIX_PATH} CMAKE_PREFIX_PATH=/home/potato/RC_2026/install/rc26_serial:/opt/ros/humble:/opt/ros/humble LD_LIBRARY_PATH=/home/potato/RC_2026/install/rc26_serial/lib:${LD_LIBRARY_PATH} /usr/bin/cmake /home/potato/RC_2026/RC_2026_1/rc26_decision -DCMAKE_INSTALL_PREFIX=/home/potato/RC_2026/install/rc26_decision
[0.992s] Invoking command in '/home/potato/RC_2026/build/rc26_decision': AMENT_PREFIX_PATH=/home/potato/RC_2026/install/rc26_serial:${AMENT_PREFIX_PATH} CMAKE_PREFIX_PATH=/home/potato/RC_2026/install/rc26_serial:/opt/ros/humble:/opt/ros/humble LD_LIBRARY_PATH=/home/potato/RC_2026/install/rc26_serial/lib:${LD_LIBRARY_PATH} /usr/bin/cmake --build /home/potato/RC_2026/build/rc26_decision -- -j28 -l28
[1.034s] [ 10%] [32mBuilding CXX object CMakeFiles/rc26_decision_serial.dir/src/gain_odom/pose_sender.cpp.o[0m
[1.034s] [ 10%] [32mBuilding CXX object CMakeFiles/rc26_decision_nodes.dir/src/mc_area.cpp.o[0m
[1.034s] [ 15%] [32mBuilding CXX object CMakeFiles/rc26_decision_nodes.dir/src/combat_area.cpp.o[0m
[1.034s] [ 21%] [32mBuilding CXX object CMakeFiles/rc26_decision_nodes.dir/src/navigation/waypoint_catalog.cpp.o[0m
[1.036s] [ 26%] [32mBuilding CXX object CMakeFiles/rc26_decision_nodes.dir/src/mf_area.cpp.o[0m
[1.036s] [ 31%] [32mBuilding CXX object CMakeFiles/rc26_decision_nodes.dir/src/navigation/bt_navigate_waypoint.cpp.o[0m
[1.036s] [ 36%] [32mBuilding CXX object CMakeFiles/rc26_decision_serial.dir/src/gain_odom/wheel_odom_receiver.cpp.o[0m
[1.036s] [ 42%] [32mBuilding CXX object CMakeFiles/rc26_decision_serial.dir/src/gain_odom/can_odom.cpp.o[0m
[1.037s] [ 47%] [32mBuilding CXX object CMakeFiles/rc26_decision_nodes.dir/src/navigation/waypoint_navigator.cpp.o[0m
[4.912s] [ 52%] [32m[1mLinking CXX shared library librc26_decision_nodes.so[0m
[5.127s] [ 52%] Built target rc26_decision_nodes
[7.725s] [ 57%] [32m[1mLinking CXX shared library librc26_decision_serial.so[0m
[8.178s] [ 57%] Built target rc26_decision_serial
[8.197s] [ 63%] [32mBuilding CXX object CMakeFiles/can_odom_test_node.dir/src/gain_odom/can_odom_test_node.cpp.o[0m
[8.198s] [ 68%] [32mBuilding CXX object CMakeFiles/serial_test1_node.dir/src/gain_odom/serial_test1_node.cpp.o[0m
[8.198s] [ 73%] [32mBuilding CXX object CMakeFiles/serial_test0_node.dir/src/gain_odom/serial_test0_node.cpp.o[0m
[8.199s] [ 78%] [32mBuilding CXX object CMakeFiles/decision_node.dir/src/decision_node.cpp.o[0m
[9.987s] [ 84%] [32m[1mLinking CXX executable can_odom_test_node[0m
[10.054s] [ 89%] [32m[1mLinking CXX executable serial_test1_node[0m
[10.094s] [ 94%] [32m[1mLinking CXX executable serial_test0_node[0m
[10.159s] [ 94%] Built target serial_test1_node
[10.173s] [ 94%] Built target can_odom_test_node
[10.202s] [ 94%] Built target serial_test0_node
[11.940s] [100%] [32m[1mLinking CXX executable decision_node[0m
[12.224s] [100%] Built target decision_node
[12.233s] Invoked command in '/home/potato/RC_2026/build/rc26_decision' returned '0': AMENT_PREFIX_PATH=/home/potato/RC_2026/install/rc26_serial:${AMENT_PREFIX_PATH} CMAKE_PREFIX_PATH=/home/potato/RC_2026/install/rc26_serial:/opt/ros/humble:/opt/ros/humble LD_LIBRARY_PATH=/home/potato/RC_2026/install/rc26_serial/lib:${LD_LIBRARY_PATH} /usr/bin/cmake --build /home/potato/RC_2026/build/rc26_decision -- -j28 -l28
[12.234s] Invoking command in '/home/potato/RC_2026/build/rc26_decision': AMENT_PREFIX_PATH=/home/potato/RC_2026/install/rc26_serial:${AMENT_PREFIX_PATH} CMAKE_PREFIX_PATH=/home/potato/RC_2026/install/rc26_serial:/opt/ros/humble:/opt/ros/humble LD_LIBRARY_PATH=/home/potato/RC_2026/install/rc26_serial/lib:${LD_LIBRARY_PATH} /usr/bin/cmake --install /home/potato/RC_2026/build/rc26_decision
[12.240s] -- Install configuration: ""
[12.240s] -- Installing: /home/potato/RC_2026/install/rc26_decision/include
[12.240s] -- Installing: /home/potato/RC_2026/install/rc26_decision/include/rc26_decision
[12.240s] -- Installing: /home/potato/RC_2026/install/rc26_decision/include/rc26_decision/combat_area.hpp
[12.240s] -- Installing: /home/potato/RC_2026/install/rc26_decision/include/rc26_decision/navigation
[12.240s] -- Installing: /home/potato/RC_2026/install/rc26_decision/include/rc26_decision/navigation/bt_navigate_waypoint.hpp
[12.240s] -- Installing: /home/potato/RC_2026/install/rc26_decision/include/rc26_decision/navigation/waypoint_navigator.hpp
[12.240s] -- Installing: /home/potato/RC_2026/install/rc26_decision/include/rc26_decision/navigation/waypoint_catalog.hpp
[12.241s] -- Installing: /home/potato/RC_2026/install/rc26_decision/include/rc26_decision/mf_area.hpp
[12.241s] -- Installing: /home/potato/RC_2026/install/rc26_decision/include/rc26_decision/mc_area.hpp
[12.241s] -- Installing: /home/potato/RC_2026/install/rc26_decision/include/rc26_decision/gain_odom
[12.241s] -- Installing: /home/potato/RC_2026/install/rc26_decision/include/rc26_decision/gain_odom/pose_sender.hpp
[12.241s] -- Installing: /home/potato/RC_2026/install/rc26_decision/include/rc26_decision/gain_odom/wheel_odom_receiver.hpp
[12.241s] -- Installing: /home/potato/RC_2026/install/rc26_decision/include/rc26_decision/gain_odom/can_odom.hpp
[12.241s] -- Installing: /home/potato/RC_2026/install/rc26_decision/lib/librc26_decision_nodes.so
[12.242s] -- Set runtime path of "/home/potato/RC_2026/install/rc26_decision/lib/librc26_decision_nodes.so" to ""
[12.242s] -- Installing: /home/potato/RC_2026/install/rc26_decision/lib/librc26_decision_serial.so
[12.248s] -- Set runtime path of "/home/potato/RC_2026/install/rc26_decision/lib/librc26_decision_serial.so" to ""
[12.248s] -- Installing: /home/potato/RC_2026/install/rc26_decision/lib/rc26_decision/decision_node
[12.249s] -- Set runtime path of "/home/potato/RC_2026/install/rc26_decision/lib/rc26_decision/decision_node" to ""
[12.249s] -- Installing: /home/potato/RC_2026/install/rc26_decision/lib/rc26_decision/serial_test0_node
[12.249s] -- Set runtime path of "/home/potato/RC_2026/install/rc26_decision/lib/rc26_decision/serial_test0_node" to ""
[12.249s] -- Installing: /home/potato/RC_2026/install/rc26_decision/lib/rc26_decision/serial_test1_node
[12.249s] -- Set runtime path of "/home/potato/RC_2026/install/rc26_decision/lib/rc26_decision/serial_test1_node" to ""
[12.250s] -- Installing: /home/potato/RC_2026/install/rc26_decision/lib/rc26_decision/can_odom_test_node
[12.250s] -- Set runtime path of "/home/potato/RC_2026/install/rc26_decision/lib/rc26_decision/can_odom_test_node" to ""
[12.250s] -- Installing: /home/potato/RC_2026/install/rc26_decision/share/rc26_decision/behavior_trees
[12.250s] -- Installing: /home/potato/RC_2026/install/rc26_decision/share/rc26_decision/behavior_trees/main_tree.xml
[12.250s] -- Installing: /home/potato/RC_2026/install/rc26_decision/share/rc26_decision/launch
[12.250s] -- Installing: /home/potato/RC_2026/install/rc26_decision/share/rc26_decision/launch/__pycache__
[12.251s] -- Installing: /home/potato/RC_2026/install/rc26_decision/share/rc26_decision/launch/__pycache__/waypoint_patrol.launch.cpython-310.pyc
[12.251s] -- Installing: /home/potato/RC_2026/install/rc26_decision/share/rc26_decision/launch/decision.launch.py
[12.251s] -- Installing: /home/potato/RC_2026/install/rc26_decision/share/rc26_decision/config
[12.251s] -- Installing: /home/potato/RC_2026/install/rc26_decision/share/rc26_decision/config/decision_params.yaml
[12.251s] -- Installing: /home/potato/RC_2026/install/rc26_decision/share/rc26_decision/environment/library_path.sh
[12.251s] -- Installing: /home/potato/RC_2026/install/rc26_decision/share/rc26_decision/environment/library_path.dsv
[12.251s] -- Installing: /home/potato/RC_2026/install/rc26_decision/share/ament_index/resource_index/package_run_dependencies/rc26_decision
[12.251s] -- Installing: /home/potato/RC_2026/install/rc26_decision/share/ament_index/resource_index/parent_prefix_path/rc26_decision
[12.251s] -- Installing: /home/potato/RC_2026/install/rc26_decision/share/rc26_decision/environment/ament_prefix_path.sh
[12.251s] -- Installing: /home/potato/RC_2026/install/rc26_decision/share/rc26_decision/environment/ament_prefix_path.dsv
[12.252s] -- Installing: /home/potato/RC_2026/install/rc26_decision/share/rc26_decision/environment/path.sh
[12.252s] -- Installing: /home/potato/RC_2026/install/rc26_decision/share/rc26_decision/environment/path.dsv
[12.252s] -- Installing: /home/potato/RC_2026/install/rc26_decision/share/rc26_decision/local_setup.bash
[12.252s] -- Installing: /home/potato/RC_2026/install/rc26_decision/share/rc26_decision/local_setup.sh
[12.252s] -- Installing: /home/potato/RC_2026/install/rc26_decision/share/rc26_decision/local_setup.zsh
[12.252s] -- Installing: /home/potato/RC_2026/install/rc26_decision/share/rc26_decision/local_setup.dsv
[12.252s] -- Installing: /home/potato/RC_2026/install/rc26_decision/share/rc26_decision/package.dsv
[12.252s] -- Installing: /home/potato/RC_2026/install/rc26_decision/share/ament_index/resource_index/packages/rc26_decision
[12.252s] -- Installing: /home/potato/RC_2026/install/rc26_decision/share/rc26_decision/cmake/rc26_decisionTargetsExport.cmake
[12.252s] -- Installing: /home/potato/RC_2026/install/rc26_decision/share/rc26_decision/cmake/rc26_decisionTargetsExport-noconfig.cmake
[12.252s] -- Installing: /home/potato/RC_2026/install/rc26_decision/share/rc26_decision/cmake/ament_cmake_export_targets-extras.cmake
[12.252s] -- Installing: /home/potato/RC_2026/install/rc26_decision/share/rc26_decision/cmake/ament_cmake_export_include_directories-extras.cmake
[12.252s] -- Installing: /home/potato/RC_2026/install/rc26_decision/share/rc26_decision/cmake/ament_cmake_export_libraries-extras.cmake
[12.252s] -- Installing: /home/potato/RC_2026/install/rc26_decision/share/rc26_decision/cmake/ament_cmake_export_dependencies-extras.cmake
[12.252s] -- Installing: /home/potato/RC_2026/install/rc26_decision/share/rc26_decision/cmake/rc26_decisionConfig.cmake
[12.253s] -- Installing: /home/potato/RC_2026/install/rc26_decision/share/rc26_decision/cmake/rc26_decisionConfig-version.cmake
[12.253s] -- Installing: /home/potato/RC_2026/install/rc26_decision/share/rc26_decision/package.xml
[12.255s] Invoked command in '/home/potato/RC_2026/build/rc26_decision' returned '0': AMENT_PREFIX_PATH=/home/potato/RC_2026/install/rc26_serial:${AMENT_PREFIX_PATH} CMAKE_PREFIX_PATH=/home/potato/RC_2026/install/rc26_serial:/opt/ros/humble:/opt/ros/humble LD_LIBRARY_PATH=/home/potato/RC_2026/install/rc26_serial/lib:${LD_LIBRARY_PATH} /usr/bin/cmake --install /home/potato/RC_2026/build/rc26_decision
