[0.096s] colcon DEBUG Command line arguments: ['/usr/bin/colcon', 'build', '--packages-select', 'rc26_merge_odom']
[0.096s] colcon DEBUG Parsed command line arguments: Namespace(log_base=None, log_level=None, verb_name='build', build_base='build', install_base='install', merge_install=False, symlink_install=False, test_result_base=None, continue_on_error=False, executor='parallel', parallel_workers=28, event_handlers=None, ignore_user_meta=False, metas=['./colcon.meta'], base_paths=['.'], packages_ignore=None, packages_ignore_regex=None, paths=None, packages_up_to=None, packages_up_to_regex=None, packages_above=None, packages_above_and_dependencies=None, packages_above_depth=None, packages_select_by_dep=None, packages_skip_by_dep=None, packages_skip_up_to=None, packages_select_build_failed=False, packages_skip_build_finished=False, packages_select_test_failures=False, packages_skip_test_passed=False, packages_select=['rc26_merge_odom'], packages_skip=None, packages_select_regex=None, packages_skip_regex=None, packages_start=None, packages_end=None, allow_overriding=[], cmake_args=None, cmake_target=None, cmake_target_skip_unavailable=False, cmake_clean_cache=False, cmake_clean_first=False, cmake_force_configure=False, ament_cmake_args=None, catkin_cmake_args=None, catkin_skip_building_tests=False, verb_parser=<colcon_defaults.argument_parser.defaults.DefaultArgumentsDecorator object at 0x798fc5c56620>, verb_extension=<colcon_core.verb.build.BuildVerb object at 0x798fc5c56020>, main=<bound method BuildVerb.main of <colcon_core.verb.build.BuildVerb object at 0x798fc5c56020>>)
[0.230s] colcon.colcon_core.package_discovery Level 1 discover_packages(colcon_meta) check parameters
[0.230s] colcon.colcon_core.package_discovery Level 1 discover_packages(recursive) check parameters
[0.230s] colcon.colcon_core.package_discovery Level 1 discover_packages(ignore) check parameters
[0.230s] colcon.colcon_core.package_discovery Level 1 discover_packages(path) check parameters
[0.230s] colcon.colcon_core.package_discovery Level 1 discover_packages(colcon_meta) discover
[0.230s] colcon.colcon_core.package_discovery Level 1 discover_packages(recursive) discover
[0.230s] colcon.colcon_core.package_discovery INFO Crawling recursively for packages in '/home/potato/RC_2026'
[0.230s] colcon.colcon_core.package_identification Level 1 _identify(.) by extensions ['ignore', 'ignore_ament_install']
[0.230s] colcon.colcon_core.package_identification Level 1 _identify(.) by extension 'ignore'
[0.230s] colcon.colcon_core.package_identification Level 1 _identify(.) by extension 'ignore_ament_install'
[0.230s] colcon.colcon_core.package_identification Level 1 _identify(.) by extensions ['colcon_pkg']
[0.230s] colcon.colcon_core.package_identification Level 1 _identify(.) by extension 'colcon_pkg'
[0.230s] colcon.colcon_core.package_identification Level 1 _identify(.) by extensions ['colcon_meta']
[0.230s] colcon.colcon_core.package_identification Level 1 _identify(.) by extension 'colcon_meta'
[0.230s] colcon.colcon_core.package_identification Level 1 _identify(.) by extensions ['ros']
[0.230s] colcon.colcon_core.package_identification Level 1 _identify(.) by extension 'ros'
[0.239s] colcon.colcon_core.package_identification Level 1 _identify(.) by extensions ['cmake', 'python']
[0.239s] colcon.colcon_core.package_identification Level 1 _identify(.) by extension 'cmake'
[0.239s] colcon.colcon_core.package_identification Level 1 _identify(.) by extension 'python'
[0.239s] colcon.colcon_core.package_identification Level 1 _identify(.) by extensions ['python_setup_py']
[0.239s] colcon.colcon_core.package_identification Level 1 _identify(.) by extension 'python_setup_py'
[0.239s] colcon.colcon_core.package_identification Level 1 _identify(RC_2026_1) by extensions ['ignore', 'ignore_ament_install']
[0.239s] colcon.colcon_core.package_identification Level 1 _identify(RC_2026_1) by extension 'ignore'
[0.239s] colcon.colcon_core.package_identification Level 1 _identify(RC_2026_1) by extension 'ignore_ament_install'
[0.239s] colcon.colcon_core.package_identification Level 1 _identify(RC_2026_1) by extensions ['colcon_pkg']
[0.239s] colcon.colcon_core.package_identification Level 1 _identify(RC_2026_1) by extension 'colcon_pkg'
[0.239s] colcon.colcon_core.package_identification Level 1 _identify(RC_2026_1) by extensions ['colcon_meta']
[0.239s] colcon.colcon_core.package_identification Level 1 _identify(RC_2026_1) by extension 'colcon_meta'
[0.239s] colcon.colcon_core.package_identification Level 1 _identify(RC_2026_1) by extensions ['ros']
[0.240s] colcon.colcon_core.package_identification Level 1 _identify(RC_2026_1) by extension 'ros'
[0.240s] colcon.colcon_core.package_identification Level 1 _identify(RC_2026_1) by extensions ['cmake', 'python']
[0.240s] colcon.colcon_core.package_identification Level 1 _identify(RC_2026_1) by extension 'cmake'
[0.240s] colcon.colcon_core.package_identification Level 1 _identify(RC_2026_1) by extension 'python'
[0.240s] colcon.colcon_core.package_identification Level 1 _identify(RC_2026_1) by extensions ['python_setup_py']
[0.240s] colcon.colcon_core.package_identification Level 1 _identify(RC_2026_1) by extension 'python_setup_py'
[0.240s] colcon.colcon_core.package_identification Level 1 _identify(RC_2026_1/mid360_driver) by extensions ['ignore', 'ignore_ament_install']
[0.240s] colcon.colcon_core.package_identification Level 1 _identify(RC_2026_1/mid360_driver) by extension 'ignore'
[0.240s] colcon.colcon_core.package_identification Level 1 _identify(RC_2026_1/mid360_driver) by extension 'ignore_ament_install'
[0.240s] colcon.colcon_core.package_identification Level 1 _identify(RC_2026_1/mid360_driver) by extensions ['colcon_pkg']
[0.240s] colcon.colcon_core.package_identification Level 1 _identify(RC_2026_1/mid360_driver) by extension 'colcon_pkg'
[0.240s] colcon.colcon_core.package_identification Level 1 _identify(RC_2026_1/mid360_driver) by extensions ['colcon_meta']
[0.240s] colcon.colcon_core.package_identification Level 1 _identify(RC_2026_1/mid360_driver) by extension 'colcon_meta'
[0.240s] colcon.colcon_core.package_identification Level 1 _identify(RC_2026_1/mid360_driver) by extensions ['ros']
[0.240s] colcon.colcon_core.package_identification Level 1 _identify(RC_2026_1/mid360_driver) by extension 'ros'
[0.242s] colcon.colcon_core.package_identification DEBUG Package 'RC_2026_1/mid360_driver' with type 'ros.ament_cmake' and name 'mid360_driver'
[0.242s] colcon.colcon_core.package_identification Level 1 _identify(RC_2026_1/point_lio) by extensions ['ignore', 'ignore_ament_install']
[0.242s] colcon.colcon_core.package_identification Level 1 _identify(RC_2026_1/point_lio) by extension 'ignore'
[0.242s] colcon.colcon_core.package_identification Level 1 _identify(RC_2026_1/point_lio) by extension 'ignore_ament_install'
[0.242s] colcon.colcon_core.package_identification Level 1 _identify(RC_2026_1/point_lio) by extensions ['colcon_pkg']
[0.242s] colcon.colcon_core.package_identification Level 1 _identify(RC_2026_1/point_lio) by extension 'colcon_pkg'
[0.242s] colcon.colcon_core.package_identification Level 1 _identify(RC_2026_1/point_lio) by extensions ['colcon_meta']
[0.242s] colcon.colcon_core.package_identification Level 1 _identify(RC_2026_1/point_lio) by extension 'colcon_meta'
[0.242s] colcon.colcon_core.package_identification Level 1 _identify(RC_2026_1/point_lio) by extensions ['ros']
[0.242s] colcon.colcon_core.package_identification Level 1 _identify(RC_2026_1/point_lio) by extension 'ros'
[0.243s] colcon.colcon_core.package_identification DEBUG Package 'RC_2026_1/point_lio' with type 'ros.ament_cmake' and name 'point_lio'
[0.244s] colcon.colcon_core.package_identification Level 1 _identify(RC_2026_1/rc26_bringup) by extensions ['ignore', 'ignore_ament_install']
[0.244s] colcon.colcon_core.package_identification Level 1 _identify(RC_2026_1/rc26_bringup) by extension 'ignore'
[0.244s] colcon.colcon_core.package_identification Level 1 _identify(RC_2026_1/rc26_bringup) by extension 'ignore_ament_install'
[0.244s] colcon.colcon_core.package_identification Level 1 _identify(RC_2026_1/rc26_bringup) by extensions ['colcon_pkg']
[0.244s] colcon.colcon_core.package_identification Level 1 _identify(RC_2026_1/rc26_bringup) by extension 'colcon_pkg'
[0.244s] colcon.colcon_core.package_identification Level 1 _identify(RC_2026_1/rc26_bringup) by extensions ['colcon_meta']
[0.244s] colcon.colcon_core.package_identification Level 1 _identify(RC_2026_1/rc26_bringup) by extension 'colcon_meta'
[0.244s] colcon.colcon_core.package_identification Level 1 _identify(RC_2026_1/rc26_bringup) by extensions ['ros']
[0.244s] colcon.colcon_core.package_identification Level 1 _identify(RC_2026_1/rc26_bringup) by extension 'ros'
[0.244s] colcon.colcon_core.package_identification DEBUG Package 'RC_2026_1/rc26_bringup' with type 'ros.ament_cmake' and name 'rc26_bringup'
[0.244s] colcon.colcon_core.package_identification Level 1 _identify(RC_2026_1/rc26_decision) by extensions ['ignore', 'ignore_ament_install']
[0.244s] colcon.colcon_core.package_identification Level 1 _identify(RC_2026_1/rc26_decision) by extension 'ignore'
[0.244s] colcon.colcon_core.package_identification Level 1 _identify(RC_2026_1/rc26_decision) by extension 'ignore_ament_install'
[0.244s] colcon.colcon_core.package_identification Level 1 _identify(RC_2026_1/rc26_decision) by extensions ['colcon_pkg']
[0.244s] colcon.colcon_core.package_identification Level 1 _identify(RC_2026_1/rc26_decision) by extension 'colcon_pkg'
[0.244s] colcon.colcon_core.package_identification Level 1 _identify(RC_2026_1/rc26_decision) by extensions ['colcon_meta']
[0.244s] colcon.colcon_core.package_identification Level 1 _identify(RC_2026_1/rc26_decision) by extension 'colcon_meta'
[0.245s] colcon.colcon_core.package_identification Level 1 _identify(RC_2026_1/rc26_decision) by extensions ['ros']
[0.245s] colcon.colcon_core.package_identification Level 1 _identify(RC_2026_1/rc26_decision) by extension 'ros'
[0.245s] colcon.colcon_core.package_identification DEBUG Package 'RC_2026_1/rc26_decision' with type 'ros.ament_cmake' and name 'rc26_decision'
[0.245s] colcon.colcon_core.package_identification Level 1 _identify(RC_2026_1/rc26_localization) by extensions ['ignore', 'ignore_ament_install']
[0.245s] colcon.colcon_core.package_identification Level 1 _identify(RC_2026_1/rc26_localization) by extension 'ignore'
[0.245s] colcon.colcon_core.package_identification Level 1 _identify(RC_2026_1/rc26_localization) by extension 'ignore_ament_install'
[0.246s] colcon.colcon_core.package_identification Level 1 _identify(RC_2026_1/rc26_localization) by extensions ['colcon_pkg']
[0.246s] colcon.colcon_core.package_identification Level 1 _identify(RC_2026_1/rc26_localization) by extension 'colcon_pkg'
[0.246s] colcon.colcon_core.package_identification Level 1 _identify(RC_2026_1/rc26_localization) by extensions ['colcon_meta']
[0.246s] colcon.colcon_core.package_identification Level 1 _identify(RC_2026_1/rc26_localization) by extension 'colcon_meta'
[0.246s] colcon.colcon_core.package_identification Level 1 _identify(RC_2026_1/rc26_localization) by extensions ['ros']
[0.246s] colcon.colcon_core.package_identification Level 1 _identify(RC_2026_1/rc26_localization) by extension 'ros'
[0.246s] colcon.colcon_core.package_identification DEBUG Package 'RC_2026_1/rc26_localization' with type 'ros.ament_cmake' and name 'rc26_localization'
[0.246s] colcon.colcon_core.package_identification Level 1 _identify(RC_2026_1/rc26_merge_odom) by extensions ['ignore', 'ignore_ament_install']
[0.246s] colcon.colcon_core.package_identification Level 1 _identify(RC_2026_1/rc26_merge_odom) by extension 'ignore'
[0.247s] colcon.colcon_core.package_identification Level 1 _identify(RC_2026_1/rc26_merge_odom) by extension 'ignore_ament_install'
[0.247s] colcon.colcon_core.package_identification Level 1 _identify(RC_2026_1/rc26_merge_odom) by extensions ['colcon_pkg']
[0.247s] colcon.colcon_core.package_identification Level 1 _identify(RC_2026_1/rc26_merge_odom) by extension 'colcon_pkg'
[0.247s] colcon.colcon_core.package_identification Level 1 _identify(RC_2026_1/rc26_merge_odom) by extensions ['colcon_meta']
[0.247s] colcon.colcon_core.package_identification Level 1 _identify(RC_2026_1/rc26_merge_odom) by extension 'colcon_meta'
[0.247s] colcon.colcon_core.package_identification Level 1 _identify(RC_2026_1/rc26_merge_odom) by extensions ['ros']
[0.247s] colcon.colcon_core.package_identification Level 1 _identify(RC_2026_1/rc26_merge_odom) by extension 'ros'
[0.247s] colcon.colcon_core.package_identification DEBUG Package 'RC_2026_1/rc26_merge_odom' with type 'ros.ament_cmake' and name 'rc26_merge_odom'
[0.247s] colcon.colcon_core.package_identification Level 1 _identify(RC_2026_1/rc26_odom_interface) by extensions ['ignore', 'ignore_ament_install']
[0.248s] colcon.colcon_core.package_identification Level 1 _identify(RC_2026_1/rc26_odom_interface) by extension 'ignore'
[0.248s] colcon.colcon_core.package_identification Level 1 _identify(RC_2026_1/rc26_odom_interface) by extension 'ignore_ament_install'
[0.248s] colcon.colcon_core.package_identification Level 1 _identify(RC_2026_1/rc26_odom_interface) by extensions ['colcon_pkg']
[0.248s] colcon.colcon_core.package_identification Level 1 _identify(RC_2026_1/rc26_odom_interface) by extension 'colcon_pkg'
[0.248s] colcon.colcon_core.package_identification Level 1 _identify(RC_2026_1/rc26_odom_interface) by extensions ['colcon_meta']
[0.248s] colcon.colcon_core.package_identification Level 1 _identify(RC_2026_1/rc26_odom_interface) by extension 'colcon_meta'
[0.248s] colcon.colcon_core.package_identification Level 1 _identify(RC_2026_1/rc26_odom_interface) by extensions ['ros']
[0.248s] colcon.colcon_core.package_identification Level 1 _identify(RC_2026_1/rc26_odom_interface) by extension 'ros'
[0.248s] colcon.colcon_core.package_identification DEBUG Package 'RC_2026_1/rc26_odom_interface' with type 'ros.ament_cmake' and name 'rc26_odom_interface'
[0.248s] colcon.colcon_core.package_identification Level 1 _identify(RC_2026_1/rc26_omni_controller) by extensions ['ignore', 'ignore_ament_install']
[0.248s] colcon.colcon_core.package_identification Level 1 _identify(RC_2026_1/rc26_omni_controller) by extension 'ignore'
[0.248s] colcon.colcon_core.package_identification Level 1 _identify(RC_2026_1/rc26_omni_controller) by extension 'ignore_ament_install'
[0.248s] colcon.colcon_core.package_identification Level 1 _identify(RC_2026_1/rc26_omni_controller) by extensions ['colcon_pkg']
[0.249s] colcon.colcon_core.package_identification Level 1 _identify(RC_2026_1/rc26_omni_controller) by extension 'colcon_pkg'
[0.249s] colcon.colcon_core.package_identification Level 1 _identify(RC_2026_1/rc26_omni_controller) by extensions ['colcon_meta']
[0.249s] colcon.colcon_core.package_identification Level 1 _identify(RC_2026_1/rc26_omni_controller) by extension 'colcon_meta'
[0.249s] colcon.colcon_core.package_identification Level 1 _identify(RC_2026_1/rc26_omni_controller) by extensions ['ros']
[0.249s] colcon.colcon_core.package_identification Level 1 _identify(RC_2026_1/rc26_omni_controller) by extension 'ros'
[0.249s] colcon.colcon_core.package_identification DEBUG Package 'RC_2026_1/rc26_omni_controller' with type 'ros.ament_cmake' and name 'rc26_omni_controller'
[0.249s] colcon.colcon_core.package_identification Level 1 _identify(RC_2026_1/rc26_perception) by extensions ['ignore', 'ignore_ament_install']
[0.249s] colcon.colcon_core.package_identification Level 1 _identify(RC_2026_1/rc26_perception) by extension 'ignore'
[0.249s] colcon.colcon_core.package_identification Level 1 _identify(RC_2026_1/rc26_perception) by extension 'ignore_ament_install'
[0.249s] colcon.colcon_core.package_identification Level 1 _identify(RC_2026_1/rc26_perception) by extensions ['colcon_pkg']
[0.249s] colcon.colcon_core.package_identification Level 1 _identify(RC_2026_1/rc26_perception) by extension 'colcon_pkg'
[0.250s] colcon.colcon_core.package_identification Level 1 _identify(RC_2026_1/rc26_perception) by extensions ['colcon_meta']
[0.250s] colcon.colcon_core.package_identification Level 1 _identify(RC_2026_1/rc26_perception) by extension 'colcon_meta'
[0.250s] colcon.colcon_core.package_identification Level 1 _identify(RC_2026_1/rc26_perception) by extensions ['ros']
[0.250s] colcon.colcon_core.package_identification Level 1 _identify(RC_2026_1/rc26_perception) by extension 'ros'
[0.250s] colcon.colcon_core.package_identification DEBUG Package 'RC_2026_1/rc26_perception' with type 'ros.ament_cmake' and name 'rc26_perception'
[0.250s] colcon.colcon_core.package_identification Level 1 _identify(RC_2026_1/rc26_sensor_scan) by extensions ['ignore', 'ignore_ament_install']
[0.250s] colcon.colcon_core.package_identification Level 1 _identify(RC_2026_1/rc26_sensor_scan) by extension 'ignore'
[0.250s] colcon.colcon_core.package_identification Level 1 _identify(RC_2026_1/rc26_sensor_scan) by extension 'ignore_ament_install'
[0.250s] colcon.colcon_core.package_identification Level 1 _identify(RC_2026_1/rc26_sensor_scan) by extensions ['colcon_pkg']
[0.251s] colcon.colcon_core.package_identification Level 1 _identify(RC_2026_1/rc26_sensor_scan) by extension 'colcon_pkg'
[0.251s] colcon.colcon_core.package_identification Level 1 _identify(RC_2026_1/rc26_sensor_scan) by extensions ['colcon_meta']
[0.251s] colcon.colcon_core.package_identification Level 1 _identify(RC_2026_1/rc26_sensor_scan) by extension 'colcon_meta'
[0.251s] colcon.colcon_core.package_identification Level 1 _identify(RC_2026_1/rc26_sensor_scan) by extensions ['ros']
[0.251s] colcon.colcon_core.package_identification Level 1 _identify(RC_2026_1/rc26_sensor_scan) by extension 'ros'
[0.251s] colcon.colcon_core.package_identification DEBUG Package 'RC_2026_1/rc26_sensor_scan' with type 'ros.ament_cmake' and name 'rc26_sensor_scan'
[0.251s] colcon.colcon_core.package_identification Level 1 _identify(RC_2026_1/rc26_serial) by extensions ['ignore', 'ignore_ament_install']
[0.252s] colcon.colcon_core.package_identification Level 1 _identify(RC_2026_1/rc26_serial) by extension 'ignore'
[0.252s] colcon.colcon_core.package_identification Level 1 _identify(RC_2026_1/rc26_serial) by extension 'ignore_ament_install'
[0.252s] colcon.colcon_core.package_identification Level 1 _identify(RC_2026_1/rc26_serial) by extensions ['colcon_pkg']
[0.252s] colcon.colcon_core.package_identification Level 1 _identify(RC_2026_1/rc26_serial) by extension 'colcon_pkg'
[0.252s] colcon.colcon_core.package_identification Level 1 _identify(RC_2026_1/rc26_serial) by extensions ['colcon_meta']
[0.252s] colcon.colcon_core.package_identification Level 1 _identify(RC_2026_1/rc26_serial) by extension 'colcon_meta'
[0.252s] colcon.colcon_core.package_identification Level 1 _identify(RC_2026_1/rc26_serial) by extensions ['ros']
[0.252s] colcon.colcon_core.package_identification Level 1 _identify(RC_2026_1/rc26_serial) by extension 'ros'
[0.252s] colcon.colcon_core.package_identification DEBUG Package 'RC_2026_1/rc26_serial' with type 'ros.ament_cmake' and name 'rc26_serial'
[0.252s] colcon.colcon_core.package_identification Level 1 _identify(RC_2026_1/small_gicp) by extensions ['ignore', 'ignore_ament_install']
[0.252s] colcon.colcon_core.package_identification Level 1 _identify(RC_2026_1/small_gicp) by extension 'ignore'
[0.252s] colcon.colcon_core.package_identification Level 1 _identify(RC_2026_1/small_gicp) by extension 'ignore_ament_install'
[0.252s] colcon.colcon_core.package_identification Level 1 _identify(RC_2026_1/small_gicp) by extensions ['colcon_pkg']
[0.252s] colcon.colcon_core.package_identification Level 1 _identify(RC_2026_1/small_gicp) by extension 'colcon_pkg'
[0.252s] colcon.colcon_core.package_identification Level 1 _identify(RC_2026_1/small_gicp) by extensions ['colcon_meta']
[0.252s] colcon.colcon_core.package_identification Level 1 _identify(RC_2026_1/small_gicp) by extension 'colcon_meta'
[0.252s] colcon.colcon_core.package_identification Level 1 _identify(RC_2026_1/small_gicp) by extensions ['ros']
[0.252s] colcon.colcon_core.package_identification Level 1 _identify(RC_2026_1/small_gicp) by extension 'ros'
[0.253s] colcon.colcon_core.package_identification DEBUG Package 'RC_2026_1/small_gicp' with type 'ros.cmake' and name 'small_gicp'
[0.253s] colcon.colcon_core.package_identification Level 1 _identify(build) by extensions ['ignore', 'ignore_ament_install']
[0.253s] colcon.colcon_core.package_identification Level 1 _identify(build) by extension 'ignore'
[0.253s] colcon.colcon_core.package_identification Level 1 _identify(build) ignored
[0.253s] colcon.colcon_core.package_identification Level 1 _identify(install) by extensions ['ignore', 'ignore_ament_install']
[0.253s] colcon.colcon_core.package_identification Level 1 _identify(install) by extension 'ignore'
[0.253s] colcon.colcon_core.package_identification Level 1 _identify(install) ignored
[0.253s] colcon.colcon_core.package_identification Level 1 _identify(log) by extensions ['ignore', 'ignore_ament_install']
[0.253s] colcon.colcon_core.package_identification Level 1 _identify(log) by extension 'ignore'
[0.253s] colcon.colcon_core.package_identification Level 1 _identify(log) ignored
[0.253s] colcon.colcon_core.package_discovery Level 1 discover_packages(recursive) using defaults
[0.253s] colcon.colcon_core.package_discovery Level 1 discover_packages(ignore) discover
[0.253s] colcon.colcon_core.package_discovery Level 1 discover_packages(ignore) using defaults
[0.253s] colcon.colcon_core.package_discovery Level 1 discover_packages(path) discover
[0.253s] colcon.colcon_core.package_discovery Level 1 discover_packages(path) using defaults
[0.268s] colcon.colcon_core.package_selection INFO Skipping not selected package 'mid360_driver' in 'RC_2026_1/mid360_driver'
[0.268s] colcon.colcon_core.package_selection INFO Skipping not selected package 'point_lio' in 'RC_2026_1/point_lio'
[0.268s] colcon.colcon_core.package_selection INFO Skipping not selected package 'rc26_localization' in 'RC_2026_1/rc26_localization'
[0.268s] colcon.colcon_core.package_selection INFO Skipping not selected package 'rc26_odom_interface' in 'RC_2026_1/rc26_odom_interface'
[0.268s] colcon.colcon_core.package_selection INFO Skipping not selected package 'rc26_omni_controller' in 'RC_2026_1/rc26_omni_controller'
[0.268s] colcon.colcon_core.package_selection INFO Skipping not selected package 'rc26_perception' in 'RC_2026_1/rc26_perception'
[0.268s] colcon.colcon_core.package_selection INFO Skipping not selected package 'rc26_sensor_scan' in 'RC_2026_1/rc26_sensor_scan'
[0.268s] colcon.colcon_core.package_selection INFO Skipping not selected package 'rc26_serial' in 'RC_2026_1/rc26_serial'
[0.268s] colcon.colcon_core.package_selection INFO Skipping not selected package 'small_gicp' in 'RC_2026_1/small_gicp'
[0.268s] colcon.colcon_core.package_selection INFO Skipping not selected package 'rc26_decision' in 'RC_2026_1/rc26_decision'
[0.268s] colcon.colcon_core.package_selection INFO Skipping not selected package 'rc26_bringup' in 'RC_2026_1/rc26_bringup'
[0.268s] colcon.colcon_core.package_discovery Level 1 discover_packages(prefix_path) check parameters
[0.268s] colcon.colcon_core.package_discovery Level 1 discover_packages(prefix_path) discover
[0.270s] colcon.colcon_installed_package_information.package_discovery DEBUG Found 407 installed packages in /opt/ros/humble
[0.272s] colcon.colcon_core.package_discovery Level 1 discover_packages(prefix_path) using defaults
[0.299s] colcon.colcon_core.verb Level 5 set package 'rc26_merge_odom' build argument 'cmake_args' from command line to 'None'
[0.300s] colcon.colcon_core.verb Level 5 set package 'rc26_merge_odom' build argument 'cmake_target' from command line to 'None'
[0.300s] colcon.colcon_core.verb Level 5 set package 'rc26_merge_odom' build argument 'cmake_target_skip_unavailable' from command line to 'False'
[0.300s] colcon.colcon_core.verb Level 5 set package 'rc26_merge_odom' build argument 'cmake_clean_cache' from command line to 'False'
[0.300s] colcon.colcon_core.verb Level 5 set package 'rc26_merge_odom' build argument 'cmake_clean_first' from command line to 'False'
[0.300s] colcon.colcon_core.verb Level 5 set package 'rc26_merge_odom' build argument 'cmake_force_configure' from command line to 'False'
[0.300s] colcon.colcon_core.verb Level 5 set package 'rc26_merge_odom' build argument 'ament_cmake_args' from command line to 'None'
[0.300s] colcon.colcon_core.verb Level 5 set package 'rc26_merge_odom' build argument 'catkin_cmake_args' from command line to 'None'
[0.300s] colcon.colcon_core.verb Level 5 set package 'rc26_merge_odom' build argument 'catkin_skip_building_tests' from command line to 'False'
[0.300s] colcon.colcon_core.verb DEBUG Building package 'rc26_merge_odom' with the following arguments: {'ament_cmake_args': None, 'build_base': '/home/potato/RC_2026/build/rc26_merge_odom', 'catkin_cmake_args': None, 'catkin_skip_building_tests': False, 'cmake_args': None, 'cmake_clean_cache': False, 'cmake_clean_first': False, 'cmake_force_configure': False, 'cmake_target': None, 'cmake_target_skip_unavailable': False, 'install_base': '/home/potato/RC_2026/install/rc26_merge_odom', 'merge_install': False, 'path': '/home/potato/RC_2026/RC_2026_1/rc26_merge_odom', 'symlink_install': False, 'test_result_base': None}
[0.300s] colcon.colcon_core.executor INFO Executing jobs using 'parallel' executor
[0.301s] colcon.colcon_parallel_executor.executor.parallel DEBUG run_until_complete
[0.301s] colcon.colcon_ros.task.ament_cmake.build INFO Building ROS package in '/home/potato/RC_2026/RC_2026_1/rc26_merge_odom' with build type 'ament_cmake'
[0.301s] colcon.colcon_cmake.task.cmake.build INFO Building CMake package in '/home/potato/RC_2026/RC_2026_1/rc26_merge_odom'
[0.303s] colcon.colcon_core.plugin_system INFO Skipping extension 'colcon_core.shell.bat': Not used on non-Windows systems
[0.303s] colcon.colcon_core.shell INFO Skip shell extension 'powershell' for command environment: Not usable outside of PowerShell
[0.303s] colcon.colcon_core.shell DEBUG Skip shell extension 'dsv' for command environment
[0.312s] colcon.colcon_core.event_handler.log_command DEBUG Invoking command in '/home/potato/RC_2026/build/rc26_merge_odom': AMENT_PREFIX_PATH=/home/potato/RC_2026/install/rc26_serial:${AMENT_PREFIX_PATH} CMAKE_PREFIX_PATH=/home/potato/RC_2026/install/rc26_serial:/opt/ros/humble LD_LIBRARY_PATH=/home/potato/RC_2026/install/rc26_serial/lib /usr/bin/cmake --build /home/potato/RC_2026/build/rc26_merge_odom -- -j28 -l28
[0.396s] colcon.colcon_core.event_handler.log_command DEBUG Invoked command in '/home/potato/RC_2026/build/rc26_merge_odom' returned '0': AMENT_PREFIX_PATH=/home/potato/RC_2026/install/rc26_serial:${AMENT_PREFIX_PATH} CMAKE_PREFIX_PATH=/home/potato/RC_2026/install/rc26_serial:/opt/ros/humble LD_LIBRARY_PATH=/home/potato/RC_2026/install/rc26_serial/lib /usr/bin/cmake --build /home/potato/RC_2026/build/rc26_merge_odom -- -j28 -l28
[0.403s] colcon.colcon_core.event_handler.log_command DEBUG Invoking command in '/home/potato/RC_2026/build/rc26_merge_odom': AMENT_PREFIX_PATH=/home/potato/RC_2026/install/rc26_serial:${AMENT_PREFIX_PATH} CMAKE_PREFIX_PATH=/home/potato/RC_2026/install/rc26_serial:/opt/ros/humble LD_LIBRARY_PATH=/home/potato/RC_2026/install/rc26_serial/lib /usr/bin/cmake --install /home/potato/RC_2026/build/rc26_merge_odom
[0.411s] colcon.colcon_core.environment Level 1 create_environment_scripts_only(rc26_merge_odom)
[0.412s] colcon.colcon_core.event_handler.log_command DEBUG Invoked command in '/home/potato/RC_2026/build/rc26_merge_odom' returned '0': AMENT_PREFIX_PATH=/home/potato/RC_2026/install/rc26_serial:${AMENT_PREFIX_PATH} CMAKE_PREFIX_PATH=/home/potato/RC_2026/install/rc26_serial:/opt/ros/humble LD_LIBRARY_PATH=/home/potato/RC_2026/install/rc26_serial/lib /usr/bin/cmake --install /home/potato/RC_2026/build/rc26_merge_odom
[0.415s] colcon.colcon_core.environment Level 1 checking '/home/potato/RC_2026/install/rc26_merge_odom' for CMake module files
[0.416s] colcon.colcon_core.environment Level 1 checking '/home/potato/RC_2026/install/rc26_merge_odom' for CMake config files
[0.416s] colcon.colcon_core.shell Level 1 create_environment_hook('rc26_merge_odom', 'cmake_prefix_path')
[0.417s] colcon.colcon_core.shell INFO Creating environment hook '/home/potato/RC_2026/install/rc26_merge_odom/share/rc26_merge_odom/hook/cmake_prefix_path.ps1'
[0.417s] colcon.colcon_core.shell INFO Creating environment descriptor '/home/potato/RC_2026/install/rc26_merge_odom/share/rc26_merge_odom/hook/cmake_prefix_path.dsv'
[0.418s] colcon.colcon_core.shell INFO Creating environment hook '/home/potato/RC_2026/install/rc26_merge_odom/share/rc26_merge_odom/hook/cmake_prefix_path.sh'
[0.418s] colcon.colcon_core.environment Level 1 checking '/home/potato/RC_2026/install/rc26_merge_odom/lib'
[0.418s] colcon.colcon_core.shell Level 1 create_environment_hook('rc26_merge_odom', 'ld_library_path_lib')
[0.419s] colcon.colcon_core.shell INFO Creating environment hook '/home/potato/RC_2026/install/rc26_merge_odom/share/rc26_merge_odom/hook/ld_library_path_lib.ps1'
[0.419s] colcon.colcon_core.shell INFO Creating environment descriptor '/home/potato/RC_2026/install/rc26_merge_odom/share/rc26_merge_odom/hook/ld_library_path_lib.dsv'
[0.419s] colcon.colcon_core.shell INFO Creating environment hook '/home/potato/RC_2026/install/rc26_merge_odom/share/rc26_merge_odom/hook/ld_library_path_lib.sh'
[0.420s] colcon.colcon_core.environment Level 1 checking '/home/potato/RC_2026/install/rc26_merge_odom/bin'
[0.420s] colcon.colcon_core.environment Level 1 checking '/home/potato/RC_2026/install/rc26_merge_odom/lib/pkgconfig/rc26_merge_odom.pc'
[0.420s] colcon.colcon_core.environment Level 1 checking '/home/potato/RC_2026/install/rc26_merge_odom/lib/python3.10/site-packages'
[0.420s] colcon.colcon_core.environment Level 1 checking '/home/potato/RC_2026/install/rc26_merge_odom/bin'
[0.421s] colcon.colcon_core.shell INFO Creating package script '/home/potato/RC_2026/install/rc26_merge_odom/share/rc26_merge_odom/package.ps1'
[0.421s] colcon.colcon_core.shell INFO Creating package descriptor '/home/potato/RC_2026/install/rc26_merge_odom/share/rc26_merge_odom/package.dsv'
[0.422s] colcon.colcon_core.shell INFO Creating package script '/home/potato/RC_2026/install/rc26_merge_odom/share/rc26_merge_odom/package.sh'
[0.422s] colcon.colcon_core.shell INFO Creating package script '/home/potato/RC_2026/install/rc26_merge_odom/share/rc26_merge_odom/package.bash'
[0.422s] colcon.colcon_core.shell INFO Creating package script '/home/potato/RC_2026/install/rc26_merge_odom/share/rc26_merge_odom/package.zsh'
[0.423s] colcon.colcon_core.environment Level 1 create_file_with_runtime_dependencies(/home/potato/RC_2026/install/rc26_merge_odom/share/colcon-core/packages/rc26_merge_odom)
[0.423s] colcon.colcon_core.environment Level 1 create_environment_scripts_only(rc26_merge_odom)
[0.423s] colcon.colcon_core.environment Level 1 checking '/home/potato/RC_2026/install/rc26_merge_odom' for CMake module files
[0.423s] colcon.colcon_core.environment Level 1 checking '/home/potato/RC_2026/install/rc26_merge_odom' for CMake config files
[0.424s] colcon.colcon_core.shell Level 1 create_environment_hook('rc26_merge_odom', 'cmake_prefix_path')
[0.424s] colcon.colcon_core.shell INFO Creating environment hook '/home/potato/RC_2026/install/rc26_merge_odom/share/rc26_merge_odom/hook/cmake_prefix_path.ps1'
[0.424s] colcon.colcon_core.shell INFO Creating environment descriptor '/home/potato/RC_2026/install/rc26_merge_odom/share/rc26_merge_odom/hook/cmake_prefix_path.dsv'
[0.424s] colcon.colcon_core.shell INFO Creating environment hook '/home/potato/RC_2026/install/rc26_merge_odom/share/rc26_merge_odom/hook/cmake_prefix_path.sh'
[0.424s] colcon.colcon_core.environment Level 1 checking '/home/potato/RC_2026/install/rc26_merge_odom/lib'
[0.424s] colcon.colcon_core.shell Level 1 create_environment_hook('rc26_merge_odom', 'ld_library_path_lib')
[0.425s] colcon.colcon_core.shell INFO Creating environment hook '/home/potato/RC_2026/install/rc26_merge_odom/share/rc26_merge_odom/hook/ld_library_path_lib.ps1'
[0.425s] colcon.colcon_core.shell INFO Creating environment descriptor '/home/potato/RC_2026/install/rc26_merge_odom/share/rc26_merge_odom/hook/ld_library_path_lib.dsv'
[0.425s] colcon.colcon_core.shell INFO Creating environment hook '/home/potato/RC_2026/install/rc26_merge_odom/share/rc26_merge_odom/hook/ld_library_path_lib.sh'
[0.425s] colcon.colcon_core.environment Level 1 checking '/home/potato/RC_2026/install/rc26_merge_odom/bin'
[0.425s] colcon.colcon_core.environment Level 1 checking '/home/potato/RC_2026/install/rc26_merge_odom/lib/pkgconfig/rc26_merge_odom.pc'
[0.425s] colcon.colcon_core.environment Level 1 checking '/home/potato/RC_2026/install/rc26_merge_odom/lib/python3.10/site-packages'
[0.425s] colcon.colcon_core.environment Level 1 checking '/home/potato/RC_2026/install/rc26_merge_odom/bin'
[0.426s] colcon.colcon_core.shell INFO Creating package script '/home/potato/RC_2026/install/rc26_merge_odom/share/rc26_merge_odom/package.ps1'
[0.426s] colcon.colcon_core.shell INFO Creating package descriptor '/home/potato/RC_2026/install/rc26_merge_odom/share/rc26_merge_odom/package.dsv'
[0.426s] colcon.colcon_core.shell INFO Creating package script '/home/potato/RC_2026/install/rc26_merge_odom/share/rc26_merge_odom/package.sh'
[0.426s] colcon.colcon_core.shell INFO Creating package script '/home/potato/RC_2026/install/rc26_merge_odom/share/rc26_merge_odom/package.bash'
[0.427s] colcon.colcon_core.shell INFO Creating package script '/home/potato/RC_2026/install/rc26_merge_odom/share/rc26_merge_odom/package.zsh'
[0.427s] colcon.colcon_core.environment Level 1 create_file_with_runtime_dependencies(/home/potato/RC_2026/install/rc26_merge_odom/share/colcon-core/packages/rc26_merge_odom)
[0.427s] colcon.colcon_parallel_executor.executor.parallel DEBUG closing loop
[0.427s] colcon.colcon_parallel_executor.executor.parallel DEBUG loop closed
[0.427s] colcon.colcon_parallel_executor.executor.parallel DEBUG run_until_complete finished with '0'
[0.427s] colcon.colcon_core.event_reactor DEBUG joining thread
[0.430s] colcon.colcon_core.plugin_system INFO Skipping extension 'colcon_notification.desktop_notification.terminal_notifier': Not used on non-Darwin systems
[0.430s] colcon.colcon_core.plugin_system INFO Skipping extension 'colcon_notification.desktop_notification.win32': Not used on non-Windows systems
[0.430s] colcon.colcon_notification.desktop_notification INFO Sending desktop notification using 'notify2'
[0.442s] colcon.colcon_core.event_reactor DEBUG joined thread
[0.443s] colcon.colcon_core.shell INFO Creating prefix script '/home/potato/RC_2026/install/local_setup.ps1'
[0.443s] colcon.colcon_core.shell INFO Creating prefix util module '/home/potato/RC_2026/install/_local_setup_util_ps1.py'
[0.444s] colcon.colcon_core.shell INFO Creating prefix chain script '/home/potato/RC_2026/install/setup.ps1'
[0.444s] colcon.colcon_core.shell INFO Creating prefix script '/home/potato/RC_2026/install/local_setup.sh'
[0.445s] colcon.colcon_core.shell INFO Creating prefix util module '/home/potato/RC_2026/install/_local_setup_util_sh.py'
[0.445s] colcon.colcon_core.shell INFO Creating prefix chain script '/home/potato/RC_2026/install/setup.sh'
[0.446s] colcon.colcon_core.shell INFO Creating prefix script '/home/potato/RC_2026/install/local_setup.bash'
[0.446s] colcon.colcon_core.shell INFO Creating prefix chain script '/home/potato/RC_2026/install/setup.bash'
[0.446s] colcon.colcon_core.shell INFO Creating prefix script '/home/potato/RC_2026/install/local_setup.zsh'
[0.447s] colcon.colcon_core.shell INFO Creating prefix chain script '/home/potato/RC_2026/install/setup.zsh'
