[0.008s] Invoking command in '/home/potato/RC_2026/build/rc26_merge_odom': AMENT_PREFIX_PATH=/home/potato/RC_2026/install/rc26_serial:${AMENT_PREFIX_PATH} CMAKE_PREFIX_PATH=/home/potato/RC_2026/install/rc26_serial:/opt/ros/humble:/opt/ros/humble LD_LIBRARY_PATH=/home/potato/RC_2026/install/rc26_serial/lib:${LD_LIBRARY_PATH} /usr/bin/cmake --build /home/potato/RC_2026/build/rc26_merge_odom -- -j28 -l28
[0.041s] [35m[1mConsolidate compiler generated dependencies of target can_odom[0m
[0.041s] [35m[1mConsolidate compiler generated dependencies of target dm_imu_driver[0m
[0.042s] [35m[1mConsolidate compiler generated dependencies of target pose_sender[0m
[0.056s] [ 21%] [32mBuilding CXX object CMakeFiles/can_odom.dir/src/can_odom.cpp.o[0m
[0.056s] [ 21%] [32mBuilding CXX object CMakeFiles/pose_sender.dir/src/pose_sender.cpp.o[0m
[0.056s] [ 21%] [32mBuilding CXX object CMakeFiles/dm_imu_driver.dir/src/dm_imu_driver.cpp.o[0m
[1.778s] [ 28%] [32m[1mLinking CXX shared library libdm_imu_driver.so[0m
[1.850s] [ 28%] Built target dm_imu_driver
[1.861s] [35m[1mConsolidate compiler generated dependencies of target dm_imu_node[0m
[1.873s] [ 35%] [32mBuilding CXX object CMakeFiles/dm_imu_node.dir/src/dm_imu_node.cpp.o[0m
[2.775s] [ 42%] [32m[1mLinking CXX shared library libcan_odom.so[0m
[2.910s] [ 42%] Built target can_odom
[2.925s] [35m[1mConsolidate compiler generated dependencies of target can_odom_node[0m
[2.940s] [ 50%] [32mBuilding CXX object CMakeFiles/can_odom_node.dir/src/can_odom_node.cpp.o[0m
[4.530s] [ 57%] [32m[1mLinking CXX executable dm_imu_node[0m
[4.671s] [ 57%] Built target dm_imu_node
[4.749s] [ 64%] [32m[1mLinking CXX executable can_odom_node[0m
[4.848s] [ 64%] Built target can_odom_node
[6.372s] [ 71%] [32m[1mLinking CXX shared library libpose_sender.so[0m
[6.736s] [ 71%] Built target pose_sender
[6.750s] [35m[1mConsolidate compiler generated dependencies of target merge_odom_node[0m
[6.750s] [35m[1mConsolidate compiler generated dependencies of target pose_sender_node[0m
[6.763s] [ 78%] [32mBuilding CXX object CMakeFiles/pose_sender_node.dir/src/pose_sender_node.cpp.o[0m
[6.764s] [ 85%] [32mBuilding CXX object CMakeFiles/merge_odom_node.dir/src/merge_odom_node.cpp.o[0m
[8.556s] [ 92%] [32m[1mLinking CXX executable pose_sender_node[0m
[8.701s] [100%] [32m[1mLinking CXX executable merge_odom_node[0m
[8.707s] [100%] Built target pose_sender_node
[8.853s] [100%] Built target merge_odom_node
[8.862s] Invoked command in '/home/potato/RC_2026/build/rc26_merge_odom' returned '0': AMENT_PREFIX_PATH=/home/potato/RC_2026/install/rc26_serial:${AMENT_PREFIX_PATH} CMAKE_PREFIX_PATH=/home/potato/RC_2026/install/rc26_serial:/opt/ros/humble:/opt/ros/humble LD_LIBRARY_PATH=/home/potato/RC_2026/install/rc26_serial/lib:${LD_LIBRARY_PATH} /usr/bin/cmake --build /home/potato/RC_2026/build/rc26_merge_odom -- -j28 -l28
[8.864s] Invoking command in '/home/potato/RC_2026/build/rc26_merge_odom': AMENT_PREFIX_PATH=/home/potato/RC_2026/install/rc26_serial:${AMENT_PREFIX_PATH} CMAKE_PREFIX_PATH=/home/potato/RC_2026/install/rc26_serial:/opt/ros/humble:/opt/ros/humble LD_LIBRARY_PATH=/home/potato/RC_2026/install/rc26_serial/lib:${LD_LIBRARY_PATH} /usr/bin/cmake --install /home/potato/RC_2026/build/rc26_merge_odom
[8.871s] -- Install configuration: ""
[8.871s] -- Installing: /home/potato/RC_2026/install/rc26_merge_odom/lib/libcan_odom.so
[8.872s] -- Set runtime path of "/home/potato/RC_2026/install/rc26_merge_odom/lib/libcan_odom.so" to ""
[8.873s] -- Installing: /home/potato/RC_2026/install/rc26_merge_odom/lib/libpose_sender.so
[8.878s] -- Set runtime path of "/home/potato/RC_2026/install/rc26_merge_odom/lib/libpose_sender.so" to ""
[8.879s] -- Installing: /home/potato/RC_2026/install/rc26_merge_odom/lib/libdm_imu_driver.so
[8.879s] -- Set runtime path of "/home/potato/RC_2026/install/rc26_merge_odom/lib/libdm_imu_driver.so" to ""
[8.879s] -- Installing: /home/potato/RC_2026/install/rc26_merge_odom/lib/rc26_merge_odom/can_odom_node
[8.879s] -- Set runtime path of "/home/potato/RC_2026/install/rc26_merge_odom/lib/rc26_merge_odom/can_odom_node" to ""
[8.880s] -- Installing: /home/potato/RC_2026/install/rc26_merge_odom/lib/rc26_merge_odom/pose_sender_node
[8.880s] -- Set runtime path of "/home/potato/RC_2026/install/rc26_merge_odom/lib/rc26_merge_odom/pose_sender_node" to ""
[8.880s] -- Installing: /home/potato/RC_2026/install/rc26_merge_odom/lib/rc26_merge_odom/merge_odom_node
[8.881s] -- Set runtime path of "/home/potato/RC_2026/install/rc26_merge_odom/lib/rc26_merge_odom/merge_odom_node" to ""
[8.881s] -- Installing: /home/potato/RC_2026/install/rc26_merge_odom/lib/rc26_merge_odom/dm_imu_node
[8.882s] -- Set runtime path of "/home/potato/RC_2026/install/rc26_merge_odom/lib/rc26_merge_odom/dm_imu_node" to ""
[8.882s] -- Up-to-date: /home/potato/RC_2026/install/rc26_merge_odom/include
[8.882s] -- Up-to-date: /home/potato/RC_2026/install/rc26_merge_odom/include/rc26_merge_odom
[8.882s] -- Installing: /home/potato/RC_2026/install/rc26_merge_odom/include/rc26_merge_odom/pose_sender.hpp
[8.882s] -- Installing: /home/potato/RC_2026/install/rc26_merge_odom/include/rc26_merge_odom/can_odom.hpp
[8.882s] -- Up-to-date: /home/potato/RC_2026/install/rc26_merge_odom/include/rc26_merge_odom/dm_protocol.hpp
[8.882s] -- Installing: /home/potato/RC_2026/install/rc26_merge_odom/include/rc26_merge_odom/dm_imu_driver.hpp
[8.882s] -- Up-to-date: /home/potato/RC_2026/install/rc26_merge_odom/share/rc26_merge_odom/config
[8.882s] -- Up-to-date: /home/potato/RC_2026/install/rc26_merge_odom/share/rc26_merge_odom/config/merge_odom_params.yaml
[8.882s] -- Up-to-date: /home/potato/RC_2026/install/rc26_merge_odom/share/rc26_merge_odom/config/ekf_params.yaml
[8.882s] -- Up-to-date: /home/potato/RC_2026/install/rc26_merge_odom/share/rc26_merge_odom/launch
[8.882s] -- Up-to-date: /home/potato/RC_2026/install/rc26_merge_odom/share/rc26_merge_odom/launch/dm_imu_only.launch.py
[8.882s] -- Up-to-date: /home/potato/RC_2026/install/rc26_merge_odom/share/rc26_merge_odom/launch/dm_imu_cpp.launch.py
[8.882s] -- Up-to-date: /home/potato/RC_2026/install/rc26_merge_odom/share/rc26_merge_odom/launch/merge_odom.launch.py
[8.882s] -- Up-to-date: /home/potato/RC_2026/install/rc26_merge_odom/share/rc26_merge_odom/launch/dm_imu.launch.py
[8.882s] -- Up-to-date: /home/potato/RC_2026/install/rc26_merge_odom/share/rc26_merge_odom/launch/can_odom_only.launch.py
[8.882s] -- Up-to-date: /home/potato/RC_2026/install/rc26_merge_odom/share/rc26_merge_odom/environment/library_path.sh
[8.882s] -- Up-to-date: /home/potato/RC_2026/install/rc26_merge_odom/share/rc26_merge_odom/environment/library_path.dsv
[8.882s] -- Up-to-date: /home/potato/RC_2026/install/rc26_merge_odom/share/ament_index/resource_index/package_run_dependencies/rc26_merge_odom
[8.883s] -- Up-to-date: /home/potato/RC_2026/install/rc26_merge_odom/share/ament_index/resource_index/parent_prefix_path/rc26_merge_odom
[8.883s] -- Up-to-date: /home/potato/RC_2026/install/rc26_merge_odom/share/rc26_merge_odom/environment/ament_prefix_path.sh
[8.883s] -- Up-to-date: /home/potato/RC_2026/install/rc26_merge_odom/share/rc26_merge_odom/environment/ament_prefix_path.dsv
[8.883s] -- Up-to-date: /home/potato/RC_2026/install/rc26_merge_odom/share/rc26_merge_odom/environment/path.sh
[8.883s] -- Up-to-date: /home/potato/RC_2026/install/rc26_merge_odom/share/rc26_merge_odom/environment/path.dsv
[8.883s] -- Up-to-date: /home/potato/RC_2026/install/rc26_merge_odom/share/rc26_merge_odom/local_setup.bash
[8.883s] -- Up-to-date: /home/potato/RC_2026/install/rc26_merge_odom/share/rc26_merge_odom/local_setup.sh
[8.883s] -- Up-to-date: /home/potato/RC_2026/install/rc26_merge_odom/share/rc26_merge_odom/local_setup.zsh
[8.883s] -- Up-to-date: /home/potato/RC_2026/install/rc26_merge_odom/share/rc26_merge_odom/local_setup.dsv
[8.883s] -- Installing: /home/potato/RC_2026/install/rc26_merge_odom/share/rc26_merge_odom/package.dsv
[8.883s] -- Up-to-date: /home/potato/RC_2026/install/rc26_merge_odom/share/ament_index/resource_index/packages/rc26_merge_odom
[8.883s] -- Up-to-date: /home/potato/RC_2026/install/rc26_merge_odom/share/rc26_merge_odom/cmake/ament_cmake_export_include_directories-extras.cmake
[8.883s] -- Up-to-date: /home/potato/RC_2026/install/rc26_merge_odom/share/rc26_merge_odom/cmake/ament_cmake_export_libraries-extras.cmake
[8.883s] -- Up-to-date: /home/potato/RC_2026/install/rc26_merge_odom/share/rc26_merge_odom/cmake/ament_cmake_export_dependencies-extras.cmake
[8.883s] -- Up-to-date: /home/potato/RC_2026/install/rc26_merge_odom/share/rc26_merge_odom/cmake/rc26_merge_odomConfig.cmake
[8.883s] -- Up-to-date: /home/potato/RC_2026/install/rc26_merge_odom/share/rc26_merge_odom/cmake/rc26_merge_odomConfig-version.cmake
[8.883s] -- Up-to-date: /home/potato/RC_2026/install/rc26_merge_odom/share/rc26_merge_odom/package.xml
[8.884s] Invoked command in '/home/potato/RC_2026/build/rc26_merge_odom' returned '0': AMENT_PREFIX_PATH=/home/potato/RC_2026/install/rc26_serial:${AMENT_PREFIX_PATH} CMAKE_PREFIX_PATH=/home/potato/RC_2026/install/rc26_serial:/opt/ros/humble:/opt/ros/humble LD_LIBRARY_PATH=/home/potato/RC_2026/install/rc26_serial/lib:${LD_LIBRARY_PATH} /usr/bin/cmake --install /home/potato/RC_2026/build/rc26_merge_odom
