-- The C compiler identification is GNU 11.4.0
-- The CXX compiler identification is GNU 11.4.0
-- Detecting C compiler ABI info
-- Detecting C compiler ABI info - done
-- Check for working C compiler: /usr/bin/cc - skipped
-- Detecting C compile features
-- Detecting C compile features - done
-- Detecting CXX compiler ABI info
-- Detecting CXX compiler ABI info - done
-- Check for working CXX compiler: /usr/bin/c++ - skipped
-- Detecting CXX compile features
-- Detecting CXX compile features - done
-- Found ament_cmake: 1.3.12 (/opt/ros/humble/share/ament_cmake/cmake)
-- Found Python3: /usr/bin/python3 (found version "3.10.12") found components: Interpreter 
-- Found rclcpp: 16.0.16 (/opt/ros/humble/share/rclcpp/cmake)
-- Found rosidl_generator_c: 3.1.7 (/opt/ros/humble/share/rosidl_generator_c/cmake)
-- Found rosidl_adapter: 3.1.7 (/opt/ros/humble/share/rosidl_adapter/cmake)
-- Found rosidl_generator_cpp: 3.1.7 (/opt/ros/humble/share/rosidl_generator_cpp/cmake)
-- Using all available rosidl_typesupport_c: rosidl_typesupport_fastrtps_c;rosidl_typesupport_introspection_c
-- Using all available rosidl_typesupport_cpp: rosidl_typesupport_fastrtps_cpp;rosidl_typesupport_introspection_cpp
-- Found rmw_implementation_cmake: 6.1.2 (/opt/ros/humble/share/rmw_implementation_cmake/cmake)
-- Found rmw_fastrtps_cpp: 6.2.9 (/opt/ros/humble/share/rmw_fastrtps_cpp/cmake)
-- Found OpenSSL: /usr/lib/x86_64-linux-gnu/libcrypto.so (found version "3.0.2")  
-- Found FastRTPS: /opt/ros/humble/include  
-- Using RMW implementation 'rmw_fastrtps_cpp' as default
-- Looking for pthread.h
-- Looking for pthread.h - found
-- Performing Test CMAKE_HAVE_LIBC_PTHREAD
-- Performing Test CMAKE_HAVE_LIBC_PTHREAD - Success
-- Found Threads: TRUE  
-- Found nav_msgs: 4.9.0 (/opt/ros/humble/share/nav_msgs/cmake)
-- Found sensor_msgs: 4.9.0 (/opt/ros/humble/share/sensor_msgs/cmake)
-- Found tf2: 0.25.17 (/opt/ros/humble/share/tf2/cmake)
-- Found tf2_ros: 0.25.17 (/opt/ros/humble/share/tf2_ros/cmake)
-- Found rc26_serial: 0.1.0 (/home/potato/RC_2026/install/rc26_serial/share/rc26_serial/cmake)
-- Configuring done
-- Generating done
-- Build files have been written to: /home/potato/RC_2026/build/rc26_merge_odom
[  7%] [32mBuilding CXX object CMakeFiles/can_odom.dir/src/can_odom.cpp.o[0m
[ 14%] [32mBuilding CXX object CMakeFiles/pose_sender.dir/src/pose_sender.cpp.o[0m
[ 21%] [32mBuilding CXX object CMakeFiles/dm_imu_driver.dir/src/dm_imu_driver.cpp.o[0m
[ 28%] [32m[1mLinking CXX shared library libdm_imu_driver.so[0m
[ 28%] Built target dm_imu_driver
[ 35%] [32mBuilding CXX object CMakeFiles/dm_imu_node.dir/src/dm_imu_node.cpp.o[0m
[ 42%] [32m[1mLinking CXX shared library libcan_odom.so[0m
[ 42%] Built target can_odom
[ 50%] [32mBuilding CXX object CMakeFiles/can_odom_node.dir/src/can_odom_node.cpp.o[0m
[ 57%] [32m[1mLinking CXX executable dm_imu_node[0m
[ 64%] [32m[1mLinking CXX executable can_odom_node[0m
[ 64%] Built target dm_imu_node
[ 64%] Built target can_odom_node
[ 71%] [32m[1mLinking CXX shared library libpose_sender.so[0m
[ 71%] Built target pose_sender
[ 78%] [32mBuilding CXX object CMakeFiles/pose_sender_node.dir/src/pose_sender_node.cpp.o[0m
[ 85%] [32mBuilding CXX object CMakeFiles/merge_odom_node.dir/src/merge_odom_node.cpp.o[0m
[ 92%] [32m[1mLinking CXX executable pose_sender_node[0m
[100%] [32m[1mLinking CXX executable merge_odom_node[0m
[100%] Built target pose_sender_node
[100%] Built target merge_odom_node
-- Install configuration: ""
-- Installing: /home/potato/RC_2026/install/rc26_merge_odom/lib/libcan_odom.so
-- Set runtime path of "/home/potato/RC_2026/install/rc26_merge_odom/lib/libcan_odom.so" to ""
-- Installing: /home/potato/RC_2026/install/rc26_merge_odom/lib/libpose_sender.so
-- Set runtime path of "/home/potato/RC_2026/install/rc26_merge_odom/lib/libpose_sender.so" to ""
-- Installing: /home/potato/RC_2026/install/rc26_merge_odom/lib/libdm_imu_driver.so
-- Set runtime path of "/home/potato/RC_2026/install/rc26_merge_odom/lib/libdm_imu_driver.so" to ""
-- Installing: /home/potato/RC_2026/install/rc26_merge_odom/lib/rc26_merge_odom/can_odom_node
-- Set runtime path of "/home/potato/RC_2026/install/rc26_merge_odom/lib/rc26_merge_odom/can_odom_node" to ""
-- Installing: /home/potato/RC_2026/install/rc26_merge_odom/lib/rc26_merge_odom/pose_sender_node
-- Set runtime path of "/home/potato/RC_2026/install/rc26_merge_odom/lib/rc26_merge_odom/pose_sender_node" to ""
-- Installing: /home/potato/RC_2026/install/rc26_merge_odom/lib/rc26_merge_odom/merge_odom_node
-- Set runtime path of "/home/potato/RC_2026/install/rc26_merge_odom/lib/rc26_merge_odom/merge_odom_node" to ""
-- Installing: /home/potato/RC_2026/install/rc26_merge_odom/lib/rc26_merge_odom/dm_imu_node
-- Set runtime path of "/home/potato/RC_2026/install/rc26_merge_odom/lib/rc26_merge_odom/dm_imu_node" to ""
-- Installing: /home/potato/RC_2026/install/rc26_merge_odom/include
-- Installing: /home/potato/RC_2026/install/rc26_merge_odom/include/rc26_merge_odom
-- Installing: /home/potato/RC_2026/install/rc26_merge_odom/include/rc26_merge_odom/pose_sender.hpp
-- Installing: /home/potato/RC_2026/install/rc26_merge_odom/include/rc26_merge_odom/can_odom.hpp
-- Installing: /home/potato/RC_2026/install/rc26_merge_odom/include/rc26_merge_odom/dm_protocol.hpp
-- Installing: /home/potato/RC_2026/install/rc26_merge_odom/include/rc26_merge_odom/dm_imu_driver.hpp
-- Installing: /home/potato/RC_2026/install/rc26_merge_odom/share/rc26_merge_odom/config
-- Installing: /home/potato/RC_2026/install/rc26_merge_odom/share/rc26_merge_odom/config/merge_odom_params.yaml
-- Installing: /home/potato/RC_2026/install/rc26_merge_odom/share/rc26_merge_odom/config/ekf_params.yaml
-- Installing: /home/potato/RC_2026/install/rc26_merge_odom/share/rc26_merge_odom/launch
-- Installing: /home/potato/RC_2026/install/rc26_merge_odom/share/rc26_merge_odom/launch/dm_imu_only.launch.py
-- Installing: /home/potato/RC_2026/install/rc26_merge_odom/share/rc26_merge_odom/launch/dm_imu_cpp.launch.py
-- Installing: /home/potato/RC_2026/install/rc26_merge_odom/share/rc26_merge_odom/launch/merge_odom.launch.py
-- Installing: /home/potato/RC_2026/install/rc26_merge_odom/share/rc26_merge_odom/launch/dm_imu.launch.py
-- Installing: /home/potato/RC_2026/install/rc26_merge_odom/share/rc26_merge_odom/launch/can_odom_only.launch.py
-- Installing: /home/potato/RC_2026/install/rc26_merge_odom/share/rc26_merge_odom/environment/library_path.sh
-- Installing: /home/potato/RC_2026/install/rc26_merge_odom/share/rc26_merge_odom/environment/library_path.dsv
-- Installing: /home/potato/RC_2026/install/rc26_merge_odom/share/ament_index/resource_index/package_run_dependencies/rc26_merge_odom
-- Installing: /home/potato/RC_2026/install/rc26_merge_odom/share/ament_index/resource_index/parent_prefix_path/rc26_merge_odom
-- Installing: /home/potato/RC_2026/install/rc26_merge_odom/share/rc26_merge_odom/environment/ament_prefix_path.sh
-- Installing: /home/potato/RC_2026/install/rc26_merge_odom/share/rc26_merge_odom/environment/ament_prefix_path.dsv
-- Installing: /home/potato/RC_2026/install/rc26_merge_odom/share/rc26_merge_odom/environment/path.sh
-- Installing: /home/potato/RC_2026/install/rc26_merge_odom/share/rc26_merge_odom/environment/path.dsv
-- Installing: /home/potato/RC_2026/install/rc26_merge_odom/share/rc26_merge_odom/local_setup.bash
-- Installing: /home/potato/RC_2026/install/rc26_merge_odom/share/rc26_merge_odom/local_setup.sh
-- Installing: /home/potato/RC_2026/install/rc26_merge_odom/share/rc26_merge_odom/local_setup.zsh
-- Installing: /home/potato/RC_2026/install/rc26_merge_odom/share/rc26_merge_odom/local_setup.dsv
-- Installing: /home/potato/RC_2026/install/rc26_merge_odom/share/rc26_merge_odom/package.dsv
-- Installing: /home/potato/RC_2026/install/rc26_merge_odom/share/ament_index/resource_index/packages/rc26_merge_odom
-- Installing: /home/potato/RC_2026/install/rc26_merge_odom/share/rc26_merge_odom/cmake/ament_cmake_export_include_directories-extras.cmake
-- Installing: /home/potato/RC_2026/install/rc26_merge_odom/share/rc26_merge_odom/cmake/ament_cmake_export_libraries-extras.cmake
-- Installing: /home/potato/RC_2026/install/rc26_merge_odom/share/rc26_merge_odom/cmake/ament_cmake_export_dependencies-extras.cmake
-- Installing: /home/potato/RC_2026/install/rc26_merge_odom/share/rc26_merge_odom/cmake/rc26_merge_odomConfig.cmake
-- Installing: /home/potato/RC_2026/install/rc26_merge_odom/share/rc26_merge_odom/cmake/rc26_merge_odomConfig-version.cmake
-- Installing: /home/potato/RC_2026/install/rc26_merge_odom/share/rc26_merge_odom/package.xml
