[35m[1mConsolidate compiler generated dependencies of target serial_driver[0m
[ 50%] [32mBuilding CXX object CMakeFiles/serial_driver.dir/src/serial_driver.cpp.o[0m
[100%] [32m[1mLinking CXX shared library libserial_driver.so[0m
[100%] Built target serial_driver
-- Install configuration: ""
-- Up-to-date: /home/potato/RC_2026/install/rc26_serial/include
-- Up-to-date: /home/potato/RC_2026/install/rc26_serial/include/rc26_serial
-- Installing: /home/potato/RC_2026/install/rc26_serial/include/rc26_serial/protocol.hpp
-- Installing: /home/potato/RC_2026/install/rc26_serial/include/rc26_serial/serial_driver.hpp
-- Installing: /home/potato/RC_2026/install/rc26_serial/lib/libserial_driver.so
-- Set runtime path of "/home/potato/RC_2026/install/rc26_serial/lib/libserial_driver.so" to ""
-- Up-to-date: /home/potato/RC_2026/install/rc26_serial/share/rc26_serial/environment/library_path.sh
-- Up-to-date: /home/potato/RC_2026/install/rc26_serial/share/rc26_serial/environment/library_path.dsv
-- Up-to-date: /home/potato/RC_2026/install/rc26_serial/share/ament_index/resource_index/package_run_dependencies/rc26_serial
-- Up-to-date: /home/potato/RC_2026/install/rc26_serial/share/ament_index/resource_index/parent_prefix_path/rc26_serial
-- Up-to-date: /home/potato/RC_2026/install/rc26_serial/share/rc26_serial/environment/ament_prefix_path.sh
-- Up-to-date: /home/potato/RC_2026/install/rc26_serial/share/rc26_serial/environment/ament_prefix_path.dsv
-- Up-to-date: /home/potato/RC_2026/install/rc26_serial/share/rc26_serial/environment/path.sh
-- Up-to-date: /home/potato/RC_2026/install/rc26_serial/share/rc26_serial/environment/path.dsv
-- Up-to-date: /home/potato/RC_2026/install/rc26_serial/share/rc26_serial/local_setup.bash
-- Up-to-date: /home/potato/RC_2026/install/rc26_serial/share/rc26_serial/local_setup.sh
-- Up-to-date: /home/potato/RC_2026/install/rc26_serial/share/rc26_serial/local_setup.zsh
-- Up-to-date: /home/potato/RC_2026/install/rc26_serial/share/rc26_serial/local_setup.dsv
-- Installing: /home/potato/RC_2026/install/rc26_serial/share/rc26_serial/package.dsv
-- Up-to-date: /home/potato/RC_2026/install/rc26_serial/share/ament_index/resource_index/packages/rc26_serial
-- Up-to-date: /home/potato/RC_2026/install/rc26_serial/share/rc26_serial/cmake/serialTargetsExport.cmake
-- Up-to-date: /home/potato/RC_2026/install/rc26_serial/share/rc26_serial/cmake/serialTargetsExport-noconfig.cmake
-- Up-to-date: /home/potato/RC_2026/install/rc26_serial/share/rc26_serial/cmake/ament_cmake_export_targets-extras.cmake
-- Up-to-date: /home/potato/RC_2026/install/rc26_serial/share/rc26_serial/cmake/ament_cmake_export_include_directories-extras.cmake
-- Up-to-date: /home/potato/RC_2026/install/rc26_serial/share/rc26_serial/cmake/ament_cmake_export_libraries-extras.cmake
-- Up-to-date: /home/potato/RC_2026/install/rc26_serial/share/rc26_serial/cmake/ament_cmake_export_dependencies-extras.cmake
-- Up-to-date: /home/potato/RC_2026/install/rc26_serial/share/rc26_serial/cmake/rc26_serialConfig.cmake
-- Up-to-date: /home/potato/RC_2026/install/rc26_serial/share/rc26_serial/cmake/rc26_serialConfig-version.cmake
-- Up-to-date: /home/potato/RC_2026/install/rc26_serial/share/rc26_serial/package.xml
