[0.006s] Invoking command in '/home/potato/RC_2026/build/mid360_driver': /usr/bin/cmake /home/potato/RC_2026/RC_2026_1/mid360_driver -DCMAKE_INSTALL_PREFIX=/home/potato/RC_2026/install/mid360_driver
[0.054s] -- The C compiler identification is GNU 11.4.0
[0.094s] -- The CXX compiler identification is GNU 11.4.0
[0.099s] -- Detecting C compiler ABI info
[0.156s] -- Detecting C compiler ABI info - done
[0.161s] -- Check for working C compiler: /usr/bin/cc - skipped
[0.161s] -- Detecting C compile features
[0.161s] -- Detecting C compile features - done
[0.163s] -- Detecting CXX compiler ABI info
[0.229s] -- Detecting CXX compiler ABI info - done
[0.237s] -- Check for working CXX compiler: /usr/bin/c++ - skipped
[0.237s] -- Detecting CXX compile features
[0.237s] -- Detecting CXX compile features - done
[0.239s] -- Found ament_cmake_auto: 1.3.12 (/opt/ros/humble/share/ament_cmake_auto/cmake)
[0.360s] -- Found Python3: /usr/bin/python3 (found version "3.10.12") found components: Interpreter 
[0.515s] -- Found rosidl_generator_c: 3.1.7 (/opt/ros/humble/share/rosidl_generator_c/cmake)
[0.518s] -- Found rosidl_adapter: 3.1.7 (/opt/ros/humble/share/rosidl_adapter/cmake)
[0.524s] -- Found rosidl_generator_cpp: 3.1.7 (/opt/ros/humble/share/rosidl_generator_cpp/cmake)
[0.532s] -- Using all available rosidl_typesupport_c: rosidl_typesupport_fastrtps_c;rosidl_typesupport_introspection_c
[0.543s] -- Using all available rosidl_typesupport_cpp: rosidl_typesupport_fastrtps_cpp;rosidl_typesupport_introspection_cpp
[0.574s] -- Found rmw_implementation_cmake: 6.1.2 (/opt/ros/humble/share/rmw_implementation_cmake/cmake)
[0.576s] -- Found rmw_fastrtps_cpp: 6.2.9 (/opt/ros/humble/share/rmw_fastrtps_cpp/cmake)
[0.649s] -- Found OpenSSL: /usr/lib/x86_64-linux-gnu/libcrypto.so (found version "3.0.2")  
[0.670s] -- Found FastRTPS: /opt/ros/humble/include  
[0.702s] -- Using RMW implementation 'rmw_fastrtps_cpp' as default
[0.708s] -- Looking for pthread.h
[0.764s] -- Looking for pthread.h - found
[0.764s] -- Performing Test CMAKE_HAVE_LIBC_PTHREAD
[0.823s] -- Performing Test CMAKE_HAVE_LIBC_PTHREAD - Success
[0.824s] -- Found Threads: TRUE  
[0.916s] -- Found ament_lint_auto: 0.12.14 (/opt/ros/humble/share/ament_lint_auto/cmake)
[0.932s] -- Added test 'cppcheck' to perform static code analysis on C / C++ code
[0.933s] -- Configured cppcheck include dirs: 
[0.933s] -- Configured cppcheck exclude dirs and/or files: 
[0.933s] -- Added test 'cpplint' to check C / C++ code against the Google style
[0.933s] -- Configured cpplint exclude dirs and/or files: 
[0.933s] -- Added test 'flake8' to check Python code syntax and style conventions
[0.934s] -- Added test 'lint_cmake' to check CMake code style
[0.934s] -- Added test 'pep257' to check Python code against some of the docstring style conventions in PEP 257
[0.935s] -- Added test 'xmllint' to check XML markup files
[0.936s] -- Configuring done
[0.944s] -- Generating done
[0.947s] -- Build files have been written to: /home/potato/RC_2026/build/mid360_driver
[0.955s] Invoked command in '/home/potato/RC_2026/build/mid360_driver' returned '0': /usr/bin/cmake /home/potato/RC_2026/RC_2026_1/mid360_driver -DCMAKE_INSTALL_PREFIX=/home/potato/RC_2026/install/mid360_driver
[0.955s] Invoking command in '/home/potato/RC_2026/build/mid360_driver': /usr/bin/cmake --build /home/potato/RC_2026/build/mid360_driver -- -j28 -l28
[0.998s] [ 20%] [32mBuilding CXX object CMakeFiles/mid360_driver_node.dir/rclcpp_components/node_main_mid360_driver_node.cpp.o[0m
[0.999s] [ 60%] [32mBuilding CXX object CMakeFiles/mid360_driver.dir/src/mid360_driver_node.cpp.o[0m
[0.999s] [ 60%] [32mBuilding CXX object CMakeFiles/mid360_driver.dir/src/mid360_driver.cpp.o[0m
[3.363s] [ 80%] [32m[1mLinking CXX executable mid360_driver_node[0m
[3.449s] [ 80%] Built target mid360_driver_node
[6.726s] [100%] [32m[1mLinking CXX shared library libmid360_driver.so[0m
[6.827s] [100%] Built target mid360_driver
[6.836s] Invoked command in '/home/potato/RC_2026/build/mid360_driver' returned '0': /usr/bin/cmake --build /home/potato/RC_2026/build/mid360_driver -- -j28 -l28
[6.837s] Invoking command in '/home/potato/RC_2026/build/mid360_driver': /usr/bin/cmake --install /home/potato/RC_2026/build/mid360_driver
[6.843s] -- Install configuration: "Release"
[6.843s] -- Installing: /home/potato/RC_2026/install/mid360_driver/lib/mid360_driver/mid360_driver_node
[6.843s] -- Set runtime path of "/home/potato/RC_2026/install/mid360_driver/lib/mid360_driver/mid360_driver_node" to ""
[6.843s] -- Installing: /home/potato/RC_2026/install/mid360_driver/share/mid360_driver/environment/library_path.sh
[6.843s] -- Installing: /home/potato/RC_2026/install/mid360_driver/share/mid360_driver/environment/library_path.dsv
[6.844s] -- Installing: /home/potato/RC_2026/install/mid360_driver/lib/libmid360_driver.so
[6.844s] -- Set runtime path of "/home/potato/RC_2026/install/mid360_driver/lib/libmid360_driver.so" to ""
[6.844s] -- Installing: /home/potato/RC_2026/install/mid360_driver/share/mid360_driver/config
[6.844s] -- Installing: /home/potato/RC_2026/install/mid360_driver/share/mid360_driver/config/param.yaml
[6.844s] -- Installing: /home/potato/RC_2026/install/mid360_driver/share/mid360_driver/launch
[6.844s] -- Installing: /home/potato/RC_2026/install/mid360_driver/share/mid360_driver/launch/mid360_driver.launch.py
[6.844s] -- Installing: /home/potato/RC_2026/install/mid360_driver/share/ament_index/resource_index/package_run_dependencies/mid360_driver
[6.844s] -- Installing: /home/potato/RC_2026/install/mid360_driver/share/ament_index/resource_index/parent_prefix_path/mid360_driver
[6.844s] -- Installing: /home/potato/RC_2026/install/mid360_driver/share/mid360_driver/environment/ament_prefix_path.sh
[6.845s] -- Installing: /home/potato/RC_2026/install/mid360_driver/share/mid360_driver/environment/ament_prefix_path.dsv
[6.845s] -- Installing: /home/potato/RC_2026/install/mid360_driver/share/mid360_driver/environment/path.sh
[6.845s] -- Installing: /home/potato/RC_2026/install/mid360_driver/share/mid360_driver/environment/path.dsv
[6.845s] -- Installing: /home/potato/RC_2026/install/mid360_driver/share/mid360_driver/local_setup.bash
[6.845s] -- Installing: /home/potato/RC_2026/install/mid360_driver/share/mid360_driver/local_setup.sh
[6.845s] -- Installing: /home/potato/RC_2026/install/mid360_driver/share/mid360_driver/local_setup.zsh
[6.845s] -- Installing: /home/potato/RC_2026/install/mid360_driver/share/mid360_driver/local_setup.dsv
[6.845s] -- Installing: /home/potato/RC_2026/install/mid360_driver/share/mid360_driver/package.dsv
[6.845s] -- Installing: /home/potato/RC_2026/install/mid360_driver/share/ament_index/resource_index/packages/mid360_driver
[6.845s] -- Installing: /home/potato/RC_2026/install/mid360_driver/share/ament_index/resource_index/rclcpp_components/mid360_driver
[6.845s] -- Installing: /home/potato/RC_2026/install/mid360_driver/share/mid360_driver/cmake/ament_cmake_export_dependencies-extras.cmake
[6.845s] -- Installing: /home/potato/RC_2026/install/mid360_driver/share/mid360_driver/cmake/ament_cmake_export_libraries-extras.cmake
[6.845s] -- Installing: /home/potato/RC_2026/install/mid360_driver/share/mid360_driver/cmake/mid360_driverConfig.cmake
[6.845s] -- Installing: /home/potato/RC_2026/install/mid360_driver/share/mid360_driver/cmake/mid360_driverConfig-version.cmake
[6.845s] -- Installing: /home/potato/RC_2026/install/mid360_driver/share/mid360_driver/package.xml
[6.847s] Invoked command in '/home/potato/RC_2026/build/mid360_driver' returned '0': /usr/bin/cmake --install /home/potato/RC_2026/build/mid360_driver
