-- Install configuration: ""
-- Up-to-date: /home/potato/RC_2026/install/rc26_bringup/share/rc26_bringup/launch
-- Up-to-date: /home/potato/RC_2026/install/rc26_bringup/share/rc26_bringup/launch/test_omni_controller.launch.py
-- Up-to-date: /home/potato/RC_2026/install/rc26_bringup/share/rc26_bringup/launch/test_serial_comm.launch.py
-- Up-to-date: /home/potato/RC_2026/install/rc26_bringup/share/rc26_bringup/launch/test_odometry_chain.launch.py
-- Up-to-date: /home/potato/RC_2026/install/rc26_bringup/share/rc26_bringup/launch/odometry.launch.py
-- Up-to-date: /home/potato/RC_2026/install/rc26_bringup/share/rc26_bringup/launch/__pycache__
-- Up-to-date: /home/potato/RC_2026/install/rc26_bringup/share/rc26_bringup/launch/__pycache__/bringup.launch.cpython-310.pyc
-- Up-to-date: /home/potato/RC_2026/install/rc26_bringup/share/rc26_bringup/launch/test_odom_interface.launch.py
-- Up-to-date: /home/potato/RC_2026/install/rc26_bringup/share/rc26_bringup/launch/test_perception.launch.py
-- Up-to-date: /home/potato/RC_2026/install/rc26_bringup/share/rc26_bringup/launch/test_sensor_scan.launch.py
-- Up-to-date: /home/potato/RC_2026/install/rc26_bringup/share/rc26_bringup/launch/bringup.launch.py
-- Up-to-date: /home/potato/RC_2026/install/rc26_bringup/share/rc26_bringup/launch/test_localization.launch.py
-- Up-to-date: /home/potato/RC_2026/install/rc26_bringup/share/rc26_bringup/launch/test_decision.launch.py
-- Up-to-date: /home/potato/RC_2026/install/rc26_bringup/share/rc26_bringup/launch/localization.launch.py
-- Up-to-date: /home/potato/RC_2026/install/rc26_bringup/share/rc26_bringup/config
-- Up-to-date: /home/potato/RC_2026/install/rc26_bringup/share/rc26_bringup/config/sensor_scan_generation.yaml
-- Up-to-date: /home/potato/RC_2026/install/rc26_bringup/share/rc26_bringup/config/decision_blue.yaml
-- Up-to-date: /home/potato/RC_2026/install/rc26_bringup/share/rc26_bringup/config/localization.yaml
-- Up-to-date: /home/potato/RC_2026/install/rc26_bringup/share/rc26_bringup/config/odom_interface.yaml
-- Up-to-date: /home/potato/RC_2026/install/rc26_bringup/share/rc26_bringup/config/nav2_params.yaml
-- Up-to-date: /home/potato/RC_2026/install/rc26_bringup/share/rc26_bringup/config/decision_red.yaml
-- Up-to-date: /home/potato/RC_2026/install/rc26_bringup/share/rc26_bringup/config/decision.yaml
-- Up-to-date: /home/potato/RC_2026/install/rc26_bringup/share/rc26_bringup/map
-- Up-to-date: /home/potato/RC_2026/install/rc26_bringup/share/rc26_bringup/map/.gitkeep
-- Up-to-date: /home/potato/RC_2026/install/rc26_bringup/share/rc26_bringup/map/default.yaml
-- Up-to-date: /home/potato/RC_2026/install/rc26_bringup/share/rc26_bringup/map/default.pgm
-- Up-to-date: /home/potato/RC_2026/install/rc26_bringup/share/rc26_bringup/pcd
-- Up-to-date: /home/potato/RC_2026/install/rc26_bringup/share/rc26_bringup/pcd/README.md
-- Up-to-date: /home/potato/RC_2026/install/rc26_bringup/share/rc26_bringup/pcd/.gitkeep
-- Up-to-date: /home/potato/RC_2026/install/rc26_bringup/share/rc26_bringup/rviz
-- Up-to-date: /home/potato/RC_2026/install/rc26_bringup/share/rc26_bringup/rviz/slam.rviz
-- Up-to-date: /home/potato/RC_2026/install/rc26_bringup/share/rc26_bringup/rviz/.gitkeep
-- Up-to-date: /home/potato/RC_2026/install/rc26_bringup/share/rc26_bringup/rviz/nav2_default.rviz
-- Up-to-date: /home/potato/RC_2026/install/rc26_bringup/share/rc26_bringup/behavior_trees
-- Up-to-date: /home/potato/RC_2026/install/rc26_bringup/share/rc26_bringup/behavior_trees/.gitkeep
-- Up-to-date: /home/potato/RC_2026/install/rc26_bringup/share/rc26_bringup/behavior_trees/sentry_mission.xml
-- Up-to-date: /home/potato/RC_2026/install/rc26_bringup/share/ament_index/resource_index/package_run_dependencies/rc26_bringup
-- Up-to-date: /home/potato/RC_2026/install/rc26_bringup/share/ament_index/resource_index/parent_prefix_path/rc26_bringup
-- Up-to-date: /home/potato/RC_2026/install/rc26_bringup/share/rc26_bringup/environment/ament_prefix_path.sh
-- Up-to-date: /home/potato/RC_2026/install/rc26_bringup/share/rc26_bringup/environment/ament_prefix_path.dsv
-- Up-to-date: /home/potato/RC_2026/install/rc26_bringup/share/rc26_bringup/environment/path.sh
-- Up-to-date: /home/potato/RC_2026/install/rc26_bringup/share/rc26_bringup/environment/path.dsv
-- Up-to-date: /home/potato/RC_2026/install/rc26_bringup/share/rc26_bringup/local_setup.bash
-- Up-to-date: /home/potato/RC_2026/install/rc26_bringup/share/rc26_bringup/local_setup.sh
-- Up-to-date: /home/potato/RC_2026/install/rc26_bringup/share/rc26_bringup/local_setup.zsh
-- Up-to-date: /home/potato/RC_2026/install/rc26_bringup/share/rc26_bringup/local_setup.dsv
-- Up-to-date: /home/potato/RC_2026/install/rc26_bringup/share/rc26_bringup/package.dsv
-- Up-to-date: /home/potato/RC_2026/install/rc26_bringup/share/ament_index/resource_index/packages/rc26_bringup
-- Up-to-date: /home/potato/RC_2026/install/rc26_bringup/share/rc26_bringup/cmake/rc26_bringupConfig.cmake
-- Up-to-date: /home/potato/RC_2026/install/rc26_bringup/share/rc26_bringup/cmake/rc26_bringupConfig-version.cmake
-- Up-to-date: /home/potato/RC_2026/install/rc26_bringup/share/rc26_bringup/package.xml
