[0.005s] Invoking command in '/home/potato/RC_2026/build/rc26_omni_controller': /usr/bin/cmake --build /home/potato/RC_2026/build/rc26_omni_controller -- -j28 -l28
[0.055s] [100%] Built target rc26_omni_controller
[0.066s] Invoked command in '/home/potato/RC_2026/build/rc26_omni_controller' returned '0': /usr/bin/cmake --build /home/potato/RC_2026/build/rc26_omni_controller -- -j28 -l28
[0.067s] Invoking command in '/home/potato/RC_2026/build/rc26_omni_controller': /usr/bin/cmake --install /home/potato/RC_2026/build/rc26_omni_controller
[0.073s] -- Install configuration: ""
[0.073s] -- Up-to-date: /home/potato/RC_2026/install/rc26_omni_controller/share/rc26_omni_controller/rc26_omni_controller.xml
[0.073s] -- Up-to-date: /home/potato/RC_2026/install/rc26_omni_controller/include/rc26_omni_controller
[0.073s] -- Up-to-date: /home/potato/RC_2026/install/rc26_omni_controller/include/rc26_omni_controller/rc26_omni_controller
[0.073s] -- Up-to-date: /home/potato/RC_2026/install/rc26_omni_controller/include/rc26_omni_controller/rc26_omni_controller/pid.hpp
[0.073s] -- Up-to-date: /home/potato/RC_2026/install/rc26_omni_controller/include/rc26_omni_controller/rc26_omni_controller/omni_pid_pursuit_controller.hpp
[0.073s] -- Up-to-date: /home/potato/RC_2026/install/rc26_omni_controller/share/rc26_omni_controller/environment/library_path.sh
[0.073s] -- Up-to-date: /home/potato/RC_2026/install/rc26_omni_controller/share/rc26_omni_controller/environment/library_path.dsv
[0.073s] -- Up-to-date: /home/potato/RC_2026/install/rc26_omni_controller/lib/librc26_omni_controller.so
[0.073s] -- Up-to-date: /home/potato/RC_2026/install/rc26_omni_controller/share/ament_index/resource_index/package_run_dependencies/rc26_omni_controller
[0.073s] -- Up-to-date: /home/potato/RC_2026/install/rc26_omni_controller/share/ament_index/resource_index/parent_prefix_path/rc26_omni_controller
[0.073s] -- Up-to-date: /home/potato/RC_2026/install/rc26_omni_controller/share/rc26_omni_controller/environment/ament_prefix_path.sh
[0.073s] -- Up-to-date: /home/potato/RC_2026/install/rc26_omni_controller/share/rc26_omni_controller/environment/ament_prefix_path.dsv
[0.073s] -- Up-to-date: /home/potato/RC_2026/install/rc26_omni_controller/share/rc26_omni_controller/environment/path.sh
[0.073s] -- Up-to-date: /home/potato/RC_2026/install/rc26_omni_controller/share/rc26_omni_controller/environment/path.dsv
[0.073s] -- Up-to-date: /home/potato/RC_2026/install/rc26_omni_controller/share/rc26_omni_controller/local_setup.bash
[0.073s] -- Up-to-date: /home/potato/RC_2026/install/rc26_omni_controller/share/rc26_omni_controller/local_setup.sh
[0.074s] -- Up-to-date: /home/potato/RC_2026/install/rc26_omni_controller/share/rc26_omni_controller/local_setup.zsh
[0.074s] -- Up-to-date: /home/potato/RC_2026/install/rc26_omni_controller/share/rc26_omni_controller/local_setup.dsv
[0.074s] -- Installing: /home/potato/RC_2026/install/rc26_omni_controller/share/rc26_omni_controller/package.dsv
[0.074s] -- Up-to-date: /home/potato/RC_2026/install/rc26_omni_controller/share/ament_index/resource_index/packages/rc26_omni_controller
[0.074s] -- Up-to-date: /home/potato/RC_2026/install/rc26_omni_controller/share/ament_index/resource_index/nav2_core__pluginlib__plugin/rc26_omni_controller
[0.074s] -- Up-to-date: /home/potato/RC_2026/install/rc26_omni_controller/share/rc26_omni_controller/cmake/ament_cmake_export_dependencies-extras.cmake
[0.074s] -- Up-to-date: /home/potato/RC_2026/install/rc26_omni_controller/share/rc26_omni_controller/cmake/ament_cmake_export_include_directories-extras.cmake
[0.074s] -- Up-to-date: /home/potato/RC_2026/install/rc26_omni_controller/share/rc26_omni_controller/cmake/ament_cmake_export_libraries-extras.cmake
[0.074s] -- Up-to-date: /home/potato/RC_2026/install/rc26_omni_controller/share/rc26_omni_controller/cmake/rc26_omni_controllerConfig.cmake
[0.074s] -- Up-to-date: /home/potato/RC_2026/install/rc26_omni_controller/share/rc26_omni_controller/cmake/rc26_omni_controllerConfig-version.cmake
[0.074s] -- Up-to-date: /home/potato/RC_2026/install/rc26_omni_controller/share/rc26_omni_controller/package.xml
[0.075s] Invoked command in '/home/potato/RC_2026/build/rc26_omni_controller' returned '0': /usr/bin/cmake --install /home/potato/RC_2026/build/rc26_omni_controller
