[0.011s] Invoking command in '/home/potato/RC_2026/build/mid360_driver': /usr/bin/cmake --build /home/potato/RC_2026/build/mid360_driver -- -j28 -l28
[0.083s] [ 40%] Built target mid360_driver_node
[0.093s] [100%] Built target mid360_driver
[0.106s] Invoked command in '/home/potato/RC_2026/build/mid360_driver' returned '0': /usr/bin/cmake --build /home/potato/RC_2026/build/mid360_driver -- -j28 -l28
[0.109s] Invoking command in '/home/potato/RC_2026/build/mid360_driver': /usr/bin/cmake --install /home/potato/RC_2026/build/mid360_driver
[0.121s] -- Install configuration: "Release"
[0.122s] -- Up-to-date: /home/potato/RC_2026/install/mid360_driver/lib/mid360_driver/mid360_driver_node
[0.122s] -- Up-to-date: /home/potato/RC_2026/install/mid360_driver/share/mid360_driver/environment/library_path.sh
[0.122s] -- Up-to-date: /home/potato/RC_2026/install/mid360_driver/share/mid360_driver/environment/library_path.dsv
[0.123s] -- Up-to-date: /home/potato/RC_2026/install/mid360_driver/lib/libmid360_driver.so
[0.123s] -- Up-to-date: /home/potato/RC_2026/install/mid360_driver/share/mid360_driver/config
[0.123s] -- Up-to-date: /home/potato/RC_2026/install/mid360_driver/share/mid360_driver/config/param.yaml
[0.123s] -- Up-to-date: /home/potato/RC_2026/install/mid360_driver/share/mid360_driver/launch
[0.124s] -- Up-to-date: /home/potato/RC_2026/install/mid360_driver/share/mid360_driver/launch/mid360_driver.launch.py
[0.124s] -- Up-to-date: /home/potato/RC_2026/install/mid360_driver/share/ament_index/resource_index/package_run_dependencies/mid360_driver
[0.124s] -- Up-to-date: /home/potato/RC_2026/install/mid360_driver/share/ament_index/resource_index/parent_prefix_path/mid360_driver
[0.124s] -- Up-to-date: /home/potato/RC_2026/install/mid360_driver/share/mid360_driver/environment/ament_prefix_path.sh
[0.124s] -- Up-to-date: /home/potato/RC_2026/install/mid360_driver/share/mid360_driver/environment/ament_prefix_path.dsv
[0.124s] -- Up-to-date: /home/potato/RC_2026/install/mid360_driver/share/mid360_driver/environment/path.sh
[0.124s] -- Up-to-date: /home/potato/RC_2026/install/mid360_driver/share/mid360_driver/environment/path.dsv
[0.124s] -- Up-to-date: /home/potato/RC_2026/install/mid360_driver/share/mid360_driver/local_setup.bash
[0.125s] -- Up-to-date: /home/potato/RC_2026/install/mid360_driver/share/mid360_driver/local_setup.sh
[0.125s] -- Up-to-date: /home/potato/RC_2026/install/mid360_driver/share/mid360_driver/local_setup.zsh
[0.125s] -- Up-to-date: /home/potato/RC_2026/install/mid360_driver/share/mid360_driver/local_setup.dsv
[0.125s] -- Installing: /home/potato/RC_2026/install/mid360_driver/share/mid360_driver/package.dsv
[0.125s] -- Up-to-date: /home/potato/RC_2026/install/mid360_driver/share/ament_index/resource_index/packages/mid360_driver
[0.125s] -- Up-to-date: /home/potato/RC_2026/install/mid360_driver/share/ament_index/resource_index/rclcpp_components/mid360_driver
[0.125s] -- Up-to-date: /home/potato/RC_2026/install/mid360_driver/share/mid360_driver/cmake/ament_cmake_export_dependencies-extras.cmake
[0.126s] -- Up-to-date: /home/potato/RC_2026/install/mid360_driver/share/mid360_driver/cmake/ament_cmake_export_libraries-extras.cmake
[0.126s] -- Up-to-date: /home/potato/RC_2026/install/mid360_driver/share/mid360_driver/cmake/mid360_driverConfig.cmake
[0.126s] -- Up-to-date: /home/potato/RC_2026/install/mid360_driver/share/mid360_driver/cmake/mid360_driverConfig-version.cmake
[0.126s] -- Up-to-date: /home/potato/RC_2026/install/mid360_driver/share/mid360_driver/package.xml
[0.127s] Invoked command in '/home/potato/RC_2026/build/mid360_driver' returned '0': /usr/bin/cmake --install /home/potato/RC_2026/build/mid360_driver
