Consolidate compiler generated dependencies of target pose_sender
Consolidate compiler generated dependencies of target dm_imu_driver
Consolidate compiler generated dependencies of target can_odom
[ 14%] Built target pose_sender
[ 28%] Built target can_odom
[ 42%] Built target dm_imu_driver
Consolidate compiler generated dependencies of target pose_sender_node
Consolidate compiler generated dependencies of target can_odom_node
Consolidate compiler generated dependencies of target merge_odom_node
Consolidate compiler generated dependencies of target dm_imu_node
[ 57%] Built target pose_sender_node
[ 71%] Built target can_odom_node
[ 85%] Built target merge_odom_node
[100%] Built target dm_imu_node
-- Install configuration: ""
-- Up-to-date: /home/potato/RC_2026/install/rc26_merge_odom/lib/libcan_odom.so
-- Up-to-date: /home/potato/RC_2026/install/rc26_merge_odom/lib/libpose_sender.so
-- Up-to-date: /home/potato/RC_2026/install/rc26_merge_odom/lib/libdm_imu_driver.so
-- Up-to-date: /home/potato/RC_2026/install/rc26_merge_odom/lib/rc26_merge_odom/can_odom_node
-- Up-to-date: /home/potato/RC_2026/install/rc26_merge_odom/lib/rc26_merge_odom/pose_sender_node
-- Up-to-date: /home/potato/RC_2026/install/rc26_merge_odom/lib/rc26_merge_odom/merge_odom_node
-- Up-to-date: /home/potato/RC_2026/install/rc26_merge_odom/lib/rc26_merge_odom/dm_imu_node
-- Up-to-date: /home/potato/RC_2026/install/rc26_merge_odom/include
-- Up-to-date: /home/potato/RC_2026/install/rc26_merge_odom/include/rc26_merge_odom
-- Up-to-date: /home/potato/RC_2026/install/rc26_merge_odom/include/rc26_merge_odom/pose_sender.hpp
-- Up-to-date: /home/potato/RC_2026/install/rc26_merge_odom/include/rc26_merge_odom/can_odom.hpp
-- Up-to-date: /home/potato/RC_2026/install/rc26_merge_odom/include/rc26_merge_odom/dm_protocol.hpp
-- Up-to-date: /home/potato/RC_2026/install/rc26_merge_odom/include/rc26_merge_odom/dm_imu_driver.hpp
-- Up-to-date: /home/potato/RC_2026/install/rc26_merge_odom/share/rc26_merge_odom/config
-- Up-to-date: /home/potato/RC_2026/install/rc26_merge_odom/share/rc26_merge_odom/config/merge_odom_params.yaml
-- Up-to-date: /home/potato/RC_2026/install/rc26_merge_odom/share/rc26_merge_odom/config/ekf_params.yaml
-- Up-to-date: /home/potato/RC_2026/install/rc26_merge_odom/share/rc26_merge_odom/launch
-- Installing: /home/potato/RC_2026/install/rc26_merge_odom/share/rc26_merge_odom/launch/dm_imu_only.launch.py
-- Up-to-date: /home/potato/RC_2026/install/rc26_merge_odom/share/rc26_merge_odom/launch/merge_odom.launch.py
-- Up-to-date: /home/potato/RC_2026/install/rc26_merge_odom/share/rc26_merge_odom/launch/dm_imu.launch.py
-- Up-to-date: /home/potato/RC_2026/install/rc26_merge_odom/share/rc26_merge_odom/launch/can_odom_only.launch.py
-- Up-to-date: /home/potato/RC_2026/install/rc26_merge_odom/share/rc26_merge_odom/environment/library_path.sh
-- Up-to-date: /home/potato/RC_2026/install/rc26_merge_odom/share/rc26_merge_odom/environment/library_path.dsv
-- Up-to-date: /home/potato/RC_2026/install/rc26_merge_odom/share/ament_index/resource_index/package_run_dependencies/rc26_merge_odom
-- Up-to-date: /home/potato/RC_2026/install/rc26_merge_odom/share/ament_index/resource_index/parent_prefix_path/rc26_merge_odom
-- Up-to-date: /home/potato/RC_2026/install/rc26_merge_odom/share/rc26_merge_odom/environment/ament_prefix_path.sh
-- Up-to-date: /home/potato/RC_2026/install/rc26_merge_odom/share/rc26_merge_odom/environment/ament_prefix_path.dsv
-- Up-to-date: /home/potato/RC_2026/install/rc26_merge_odom/share/rc26_merge_odom/environment/path.sh
-- Up-to-date: /home/potato/RC_2026/install/rc26_merge_odom/share/rc26_merge_odom/environment/path.dsv
-- Up-to-date: /home/potato/RC_2026/install/rc26_merge_odom/share/rc26_merge_odom/local_setup.bash
-- Up-to-date: /home/potato/RC_2026/install/rc26_merge_odom/share/rc26_merge_odom/local_setup.sh
-- Up-to-date: /home/potato/RC_2026/install/rc26_merge_odom/share/rc26_merge_odom/local_setup.zsh
-- Up-to-date: /home/potato/RC_2026/install/rc26_merge_odom/share/rc26_merge_odom/local_setup.dsv
-- Installing: /home/potato/RC_2026/install/rc26_merge_odom/share/rc26_merge_odom/package.dsv
-- Up-to-date: /home/potato/RC_2026/install/rc26_merge_odom/share/ament_index/resource_index/packages/rc26_merge_odom
-- Up-to-date: /home/potato/RC_2026/install/rc26_merge_odom/share/rc26_merge_odom/cmake/ament_cmake_export_include_directories-extras.cmake
-- Up-to-date: /home/potato/RC_2026/install/rc26_merge_odom/share/rc26_merge_odom/cmake/ament_cmake_export_libraries-extras.cmake
-- Up-to-date: /home/potato/RC_2026/install/rc26_merge_odom/share/rc26_merge_odom/cmake/ament_cmake_export_dependencies-extras.cmake
-- Up-to-date: /home/potato/RC_2026/install/rc26_merge_odom/share/rc26_merge_odom/cmake/rc26_merge_odomConfig.cmake
-- Up-to-date: /home/potato/RC_2026/install/rc26_merge_odom/share/rc26_merge_odom/cmake/rc26_merge_odomConfig-version.cmake
-- Up-to-date: /home/potato/RC_2026/install/rc26_merge_odom/share/rc26_merge_odom/package.xml
