[0.008s] Invoking command in '/home/potato/RC_2026/build/rc26_sensor_scan': /usr/bin/cmake --build /home/potato/RC_2026/build/rc26_sensor_scan -- -j28 -l28
[0.059s] [35m[1mConsolidate compiler generated dependencies of target rc26_sensor_scan[0m
[0.069s] [ 50%] Built target rc26_sensor_scan_node
[0.082s] [100%] Built target rc26_sensor_scan
[0.090s] Invoked command in '/home/potato/RC_2026/build/rc26_sensor_scan' returned '0': /usr/bin/cmake --build /home/potato/RC_2026/build/rc26_sensor_scan -- -j28 -l28
[0.092s] Invoking command in '/home/potato/RC_2026/build/rc26_sensor_scan': /usr/bin/cmake --install /home/potato/RC_2026/build/rc26_sensor_scan
[0.098s] -- Install configuration: ""
[0.098s] -- Up-to-date: /home/potato/RC_2026/install/rc26_sensor_scan/lib/rc26_sensor_scan/rc26_sensor_scan_node
[0.099s] -- Up-to-date: /home/potato/RC_2026/install/rc26_sensor_scan/include/rc26_sensor_scan
[0.099s] -- Up-to-date: /home/potato/RC_2026/install/rc26_sensor_scan/include/rc26_sensor_scan/rc26_sensor_scan
[0.099s] -- Up-to-date: /home/potato/RC_2026/install/rc26_sensor_scan/include/rc26_sensor_scan/rc26_sensor_scan/sensor_scan.hpp
[0.099s] -- Up-to-date: /home/potato/RC_2026/install/rc26_sensor_scan/share/rc26_sensor_scan/environment/library_path.sh
[0.099s] -- Up-to-date: /home/potato/RC_2026/install/rc26_sensor_scan/share/rc26_sensor_scan/environment/library_path.dsv
[0.099s] -- Up-to-date: /home/potato/RC_2026/install/rc26_sensor_scan/lib/librc26_sensor_scan.so
[0.099s] -- Up-to-date: /home/potato/RC_2026/install/rc26_sensor_scan/share/rc26_sensor_scan/launch
[0.099s] -- Up-to-date: /home/potato/RC_2026/install/rc26_sensor_scan/share/rc26_sensor_scan/launch/sensor_scan_generation.launch.py
[0.099s] -- Up-to-date: /home/potato/RC_2026/install/rc26_sensor_scan/share/ament_index/resource_index/package_run_dependencies/rc26_sensor_scan
[0.099s] -- Up-to-date: /home/potato/RC_2026/install/rc26_sensor_scan/share/ament_index/resource_index/parent_prefix_path/rc26_sensor_scan
[0.099s] -- Up-to-date: /home/potato/RC_2026/install/rc26_sensor_scan/share/rc26_sensor_scan/environment/ament_prefix_path.sh
[0.099s] -- Up-to-date: /home/potato/RC_2026/install/rc26_sensor_scan/share/rc26_sensor_scan/environment/ament_prefix_path.dsv
[0.099s] -- Up-to-date: /home/potato/RC_2026/install/rc26_sensor_scan/share/rc26_sensor_scan/environment/path.sh
[0.099s] -- Up-to-date: /home/potato/RC_2026/install/rc26_sensor_scan/share/rc26_sensor_scan/environment/path.dsv
[0.099s] -- Up-to-date: /home/potato/RC_2026/install/rc26_sensor_scan/share/rc26_sensor_scan/local_setup.bash
[0.099s] -- Up-to-date: /home/potato/RC_2026/install/rc26_sensor_scan/share/rc26_sensor_scan/local_setup.sh
[0.099s] -- Up-to-date: /home/potato/RC_2026/install/rc26_sensor_scan/share/rc26_sensor_scan/local_setup.zsh
[0.099s] -- Up-to-date: /home/potato/RC_2026/install/rc26_sensor_scan/share/rc26_sensor_scan/local_setup.dsv
[0.099s] -- Installing: /home/potato/RC_2026/install/rc26_sensor_scan/share/rc26_sensor_scan/package.dsv
[0.099s] -- Up-to-date: /home/potato/RC_2026/install/rc26_sensor_scan/share/ament_index/resource_index/packages/rc26_sensor_scan
[0.099s] -- Up-to-date: /home/potato/RC_2026/install/rc26_sensor_scan/share/ament_index/resource_index/rclcpp_components/rc26_sensor_scan
[0.100s] -- Up-to-date: /home/potato/RC_2026/install/rc26_sensor_scan/share/rc26_sensor_scan/cmake/ament_cmake_export_dependencies-extras.cmake
[0.100s] -- Up-to-date: /home/potato/RC_2026/install/rc26_sensor_scan/share/rc26_sensor_scan/cmake/ament_cmake_export_include_directories-extras.cmake
[0.100s] -- Up-to-date: /home/potato/RC_2026/install/rc26_sensor_scan/share/rc26_sensor_scan/cmake/ament_cmake_export_libraries-extras.cmake
[0.100s] -- Up-to-date: /home/potato/RC_2026/install/rc26_sensor_scan/share/rc26_sensor_scan/cmake/rc26_sensor_scanConfig.cmake
[0.100s] -- Up-to-date: /home/potato/RC_2026/install/rc26_sensor_scan/share/rc26_sensor_scan/cmake/rc26_sensor_scanConfig-version.cmake
[0.100s] -- Up-to-date: /home/potato/RC_2026/install/rc26_sensor_scan/share/rc26_sensor_scan/package.xml
[0.101s] Invoked command in '/home/potato/RC_2026/build/rc26_sensor_scan' returned '0': /usr/bin/cmake --install /home/potato/RC_2026/build/rc26_sensor_scan
