[0.013s] Invoking command in '/home/potato/RC_2026/build/point_lio': /usr/bin/cmake --build /home/potato/RC_2026/build/point_lio -- -j28 -l28
[0.117s] [100%] Built target pointlio_mapping
[0.131s] Invoked command in '/home/potato/RC_2026/build/point_lio' returned '0': /usr/bin/cmake --build /home/potato/RC_2026/build/point_lio -- -j28 -l28
[0.134s] Invoking command in '/home/potato/RC_2026/build/point_lio': /usr/bin/cmake --install /home/potato/RC_2026/build/point_lio
[0.144s] -- Install configuration: "Release"
[0.144s] -- Up-to-date: /home/potato/RC_2026/install/point_lio/lib/point_lio/pointlio_mapping
[0.144s] -- Up-to-date: /home/potato/RC_2026/install/point_lio/share/point_lio/config
[0.144s] -- Up-to-date: /home/potato/RC_2026/install/point_lio/share/point_lio/config/horizon.yaml
[0.144s] -- Up-to-date: /home/potato/RC_2026/install/point_lio/share/point_lio/config/mid360.yaml
[0.144s] -- Up-to-date: /home/potato/RC_2026/install/point_lio/share/point_lio/config/ouster64.yaml
[0.145s] -- Up-to-date: /home/potato/RC_2026/install/point_lio/share/point_lio/config/velody16.yaml
[0.145s] -- Up-to-date: /home/potato/RC_2026/install/point_lio/share/point_lio/config/avia.yaml
[0.145s] -- Up-to-date: /home/potato/RC_2026/install/point_lio/share/point_lio/launch
[0.145s] -- Up-to-date: /home/potato/RC_2026/install/point_lio/share/point_lio/launch/point_lio.launch.py
[0.145s] -- Up-to-date: /home/potato/RC_2026/install/point_lio/share/point_lio/rviz_cfg
[0.145s] -- Up-to-date: /home/potato/RC_2026/install/point_lio/share/point_lio/rviz_cfg/loam_livox.rviz
[0.145s] -- Up-to-date: /home/potato/RC_2026/install/point_lio/share/point_lio/rviz_cfg/.gitignore
[0.145s] -- Up-to-date: /home/potato/RC_2026/install/point_lio/share/ament_index/resource_index/package_run_dependencies/point_lio
[0.145s] -- Up-to-date: /home/potato/RC_2026/install/point_lio/share/ament_index/resource_index/parent_prefix_path/point_lio
[0.145s] -- Up-to-date: /home/potato/RC_2026/install/point_lio/share/point_lio/environment/ament_prefix_path.sh
[0.146s] -- Up-to-date: /home/potato/RC_2026/install/point_lio/share/point_lio/environment/ament_prefix_path.dsv
[0.146s] -- Up-to-date: /home/potato/RC_2026/install/point_lio/share/point_lio/environment/path.sh
[0.146s] -- Up-to-date: /home/potato/RC_2026/install/point_lio/share/point_lio/environment/path.dsv
[0.146s] -- Up-to-date: /home/potato/RC_2026/install/point_lio/share/point_lio/local_setup.bash
[0.146s] -- Up-to-date: /home/potato/RC_2026/install/point_lio/share/point_lio/local_setup.sh
[0.146s] -- Up-to-date: /home/potato/RC_2026/install/point_lio/share/point_lio/local_setup.zsh
[0.146s] -- Up-to-date: /home/potato/RC_2026/install/point_lio/share/point_lio/local_setup.dsv
[0.146s] -- Installing: /home/potato/RC_2026/install/point_lio/share/point_lio/package.dsv
[0.146s] -- Up-to-date: /home/potato/RC_2026/install/point_lio/share/ament_index/resource_index/packages/point_lio
[0.147s] -- Up-to-date: /home/potato/RC_2026/install/point_lio/share/point_lio/cmake/ament_cmake_export_dependencies-extras.cmake
[0.147s] -- Up-to-date: /home/potato/RC_2026/install/point_lio/share/point_lio/cmake/point_lioConfig.cmake
[0.148s] -- Up-to-date: /home/potato/RC_2026/install/point_lio/share/point_lio/cmake/point_lioConfig-version.cmake
[0.148s] -- Up-to-date: /home/potato/RC_2026/install/point_lio/share/point_lio/package.xml
[0.148s] Invoked command in '/home/potato/RC_2026/build/point_lio' returned '0': /usr/bin/cmake --install /home/potato/RC_2026/build/point_lio
