[ 50%] Built target rc26_sensor_scan_node
[100%] Built target rc26_sensor_scan
-- Install configuration: ""
-- Up-to-date: /home/potato/RC_2026/install/rc26_sensor_scan/lib/rc26_sensor_scan/rc26_sensor_scan_node
-- Up-to-date: /home/potato/RC_2026/install/rc26_sensor_scan/include/rc26_sensor_scan
-- Up-to-date: /home/potato/RC_2026/install/rc26_sensor_scan/include/rc26_sensor_scan/rc26_sensor_scan
-- Up-to-date: /home/potato/RC_2026/install/rc26_sensor_scan/include/rc26_sensor_scan/rc26_sensor_scan/sensor_scan.hpp
-- Up-to-date: /home/potato/RC_2026/install/rc26_sensor_scan/share/rc26_sensor_scan/environment/library_path.sh
-- Up-to-date: /home/potato/RC_2026/install/rc26_sensor_scan/share/rc26_sensor_scan/environment/library_path.dsv
-- Up-to-date: /home/potato/RC_2026/install/rc26_sensor_scan/lib/librc26_sensor_scan.so
-- Up-to-date: /home/potato/RC_2026/install/rc26_sensor_scan/share/rc26_sensor_scan/launch
-- Up-to-date: /home/potato/RC_2026/install/rc26_sensor_scan/share/rc26_sensor_scan/launch/sensor_scan_generation.launch.py
-- Up-to-date: /home/potato/RC_2026/install/rc26_sensor_scan/share/ament_index/resource_index/package_run_dependencies/rc26_sensor_scan
-- Up-to-date: /home/potato/RC_2026/install/rc26_sensor_scan/share/ament_index/resource_index/parent_prefix_path/rc26_sensor_scan
-- Up-to-date: /home/potato/RC_2026/install/rc26_sensor_scan/share/rc26_sensor_scan/environment/ament_prefix_path.sh
-- Up-to-date: /home/potato/RC_2026/install/rc26_sensor_scan/share/rc26_sensor_scan/environment/ament_prefix_path.dsv
-- Up-to-date: /home/potato/RC_2026/install/rc26_sensor_scan/share/rc26_sensor_scan/environment/path.sh
-- Up-to-date: /home/potato/RC_2026/install/rc26_sensor_scan/share/rc26_sensor_scan/environment/path.dsv
-- Up-to-date: /home/potato/RC_2026/install/rc26_sensor_scan/share/rc26_sensor_scan/local_setup.bash
-- Up-to-date: /home/potato/RC_2026/install/rc26_sensor_scan/share/rc26_sensor_scan/local_setup.sh
-- Up-to-date: /home/potato/RC_2026/install/rc26_sensor_scan/share/rc26_sensor_scan/local_setup.zsh
-- Up-to-date: /home/potato/RC_2026/install/rc26_sensor_scan/share/rc26_sensor_scan/local_setup.dsv
-- Installing: /home/potato/RC_2026/install/rc26_sensor_scan/share/rc26_sensor_scan/package.dsv
-- Up-to-date: /home/potato/RC_2026/install/rc26_sensor_scan/share/ament_index/resource_index/packages/rc26_sensor_scan
-- Up-to-date: /home/potato/RC_2026/install/rc26_sensor_scan/share/ament_index/resource_index/rclcpp_components/rc26_sensor_scan
-- Up-to-date: /home/potato/RC_2026/install/rc26_sensor_scan/share/rc26_sensor_scan/cmake/ament_cmake_export_dependencies-extras.cmake
-- Up-to-date: /home/potato/RC_2026/install/rc26_sensor_scan/share/rc26_sensor_scan/cmake/ament_cmake_export_include_directories-extras.cmake
-- Up-to-date: /home/potato/RC_2026/install/rc26_sensor_scan/share/rc26_sensor_scan/cmake/ament_cmake_export_libraries-extras.cmake
-- Up-to-date: /home/potato/RC_2026/install/rc26_sensor_scan/share/rc26_sensor_scan/cmake/rc26_sensor_scanConfig.cmake
-- Up-to-date: /home/potato/RC_2026/install/rc26_sensor_scan/share/rc26_sensor_scan/cmake/rc26_sensor_scanConfig-version.cmake
-- Up-to-date: /home/potato/RC_2026/install/rc26_sensor_scan/share/rc26_sensor_scan/package.xml
