[0.013s] Invoking command in '/home/potato/RC_2026/build/rc26_localization': /usr/bin/cmake --build /home/potato/RC_2026/build/rc26_localization -- -j28 -l28
[0.074s] [ 42%] Built target small_gicp
[0.076s] [ 71%] Built target rc26_localization_node
[0.107s] [100%] Built target rc26_localization
[0.119s] Invoked command in '/home/potato/RC_2026/build/rc26_localization' returned '0': /usr/bin/cmake --build /home/potato/RC_2026/build/rc26_localization -- -j28 -l28
[0.123s] Invoking command in '/home/potato/RC_2026/build/rc26_localization': /usr/bin/cmake --install /home/potato/RC_2026/build/rc26_localization
[0.132s] -- Install configuration: "Release"
[0.133s] -- Up-to-date: /home/potato/RC_2026/install/rc26_localization/include
[0.133s] -- Up-to-date: /home/potato/RC_2026/install/rc26_localization/include/small_gicp
[0.134s] -- Up-to-date: /home/potato/RC_2026/install/rc26_localization/include/small_gicp/factors
[0.134s] -- Up-to-date: /home/potato/RC_2026/install/rc26_localization/include/small_gicp/factors/general_factor.hpp
[0.134s] -- Up-to-date: /home/potato/RC_2026/install/rc26_localization/include/small_gicp/factors/robust_kernel.hpp
[0.134s] -- Up-to-date: /home/potato/RC_2026/install/rc26_localization/include/small_gicp/factors/icp_factor.hpp
[0.134s] -- Up-to-date: /home/potato/RC_2026/install/rc26_localization/include/small_gicp/factors/plane_icp_factor.hpp
[0.134s] -- Up-to-date: /home/potato/RC_2026/install/rc26_localization/include/small_gicp/factors/gicp_factor.hpp
[0.134s] -- Up-to-date: /home/potato/RC_2026/install/rc26_localization/include/small_gicp/points
[0.135s] -- Up-to-date: /home/potato/RC_2026/install/rc26_localization/include/small_gicp/points/point_cloud.hpp
[0.135s] -- Up-to-date: /home/potato/RC_2026/install/rc26_localization/include/small_gicp/points/traits.hpp
[0.135s] -- Up-to-date: /home/potato/RC_2026/install/rc26_localization/include/small_gicp/points/eigen.hpp
[0.135s] -- Up-to-date: /home/potato/RC_2026/install/rc26_localization/include/small_gicp/pcl
[0.135s] -- Up-to-date: /home/potato/RC_2026/install/rc26_localization/include/small_gicp/pcl/pcl_registration_impl.hpp
[0.135s] -- Up-to-date: /home/potato/RC_2026/install/rc26_localization/include/small_gicp/pcl/pcl_point_traits.hpp
[0.135s] -- Up-to-date: /home/potato/RC_2026/install/rc26_localization/include/small_gicp/pcl/pcl_point.hpp
[0.135s] -- Up-to-date: /home/potato/RC_2026/install/rc26_localization/include/small_gicp/pcl/pcl_proxy.hpp
[0.135s] -- Up-to-date: /home/potato/RC_2026/install/rc26_localization/include/small_gicp/pcl/pcl_registration.hpp
[0.135s] -- Up-to-date: /home/potato/RC_2026/install/rc26_localization/include/small_gicp/ann
[0.135s] -- Up-to-date: /home/potato/RC_2026/install/rc26_localization/include/small_gicp/ann/flat_container.hpp
[0.135s] -- Up-to-date: /home/potato/RC_2026/install/rc26_localization/include/small_gicp/ann/gaussian_voxelmap.hpp
[0.135s] -- Up-to-date: /home/potato/RC_2026/install/rc26_localization/include/small_gicp/ann/kdtree_omp.hpp
[0.135s] -- Up-to-date: /home/potato/RC_2026/install/rc26_localization/include/small_gicp/ann/kdtree.hpp
[0.135s] -- Up-to-date: /home/potato/RC_2026/install/rc26_localization/include/small_gicp/ann/kdtree_tbb.hpp
[0.135s] -- Up-to-date: /home/potato/RC_2026/install/rc26_localization/include/small_gicp/ann/traits.hpp
[0.136s] -- Up-to-date: /home/potato/RC_2026/install/rc26_localization/include/small_gicp/ann/projection.hpp
[0.136s] -- Up-to-date: /home/potato/RC_2026/install/rc26_localization/include/small_gicp/ann/incremental_voxelmap.hpp
[0.136s] -- Up-to-date: /home/potato/RC_2026/install/rc26_localization/include/small_gicp/ann/projective_search.hpp
[0.136s] -- Up-to-date: /home/potato/RC_2026/install/rc26_localization/include/small_gicp/ann/sequential_voxelmap_accessor.hpp
[0.136s] -- Up-to-date: /home/potato/RC_2026/install/rc26_localization/include/small_gicp/ann/knn_result.hpp
[0.136s] -- Up-to-date: /home/potato/RC_2026/install/rc26_localization/include/small_gicp/benchmark
[0.136s] -- Up-to-date: /home/potato/RC_2026/install/rc26_localization/include/small_gicp/benchmark/benchmark.hpp
[0.136s] -- Up-to-date: /home/potato/RC_2026/install/rc26_localization/include/small_gicp/benchmark/benchmark_odom.hpp
[0.136s] -- Up-to-date: /home/potato/RC_2026/install/rc26_localization/include/small_gicp/benchmark/read_points.hpp
[0.136s] -- Up-to-date: /home/potato/RC_2026/install/rc26_localization/include/small_gicp/registration
[0.136s] -- Up-to-date: /home/potato/RC_2026/install/rc26_localization/include/small_gicp/registration/registration_result.hpp
[0.136s] -- Up-to-date: /home/potato/RC_2026/install/rc26_localization/include/small_gicp/registration/reduction_omp.hpp
[0.136s] -- Up-to-date: /home/potato/RC_2026/install/rc26_localization/include/small_gicp/registration/termination_criteria.hpp
[0.136s] -- Up-to-date: /home/potato/RC_2026/install/rc26_localization/include/small_gicp/registration/reduction.hpp
[0.136s] -- Up-to-date: /home/potato/RC_2026/install/rc26_localization/include/small_gicp/registration/reduction_tbb.hpp
[0.137s] -- Up-to-date: /home/potato/RC_2026/install/rc26_localization/include/small_gicp/registration/registration_helper.hpp
[0.137s] -- Up-to-date: /home/potato/RC_2026/install/rc26_localization/include/small_gicp/registration/optimizer.hpp
[0.137s] -- Up-to-date: /home/potato/RC_2026/install/rc26_localization/include/small_gicp/registration/rejector.hpp
[0.137s] -- Up-to-date: /home/potato/RC_2026/install/rc26_localization/include/small_gicp/registration/registration.hpp
[0.137s] -- Up-to-date: /home/potato/RC_2026/install/rc26_localization/include/small_gicp/util
[0.137s] -- Up-to-date: /home/potato/RC_2026/install/rc26_localization/include/small_gicp/util/normal_estimation_tbb.hpp
[0.137s] -- Up-to-date: /home/potato/RC_2026/install/rc26_localization/include/small_gicp/util/downsampling_tbb.hpp
[0.137s] -- Up-to-date: /home/potato/RC_2026/install/rc26_localization/include/small_gicp/util/sort_omp.hpp
[0.137s] -- Up-to-date: /home/potato/RC_2026/install/rc26_localization/include/small_gicp/util/normal_estimation.hpp
[0.137s] -- Up-to-date: /home/potato/RC_2026/install/rc26_localization/include/small_gicp/util/fast_floor.hpp
[0.137s] -- Up-to-date: /home/potato/RC_2026/install/rc26_localization/include/small_gicp/util/lie.hpp
[0.137s] -- Up-to-date: /home/potato/RC_2026/install/rc26_localization/include/small_gicp/util/downsampling.hpp
[0.137s] -- Up-to-date: /home/potato/RC_2026/install/rc26_localization/include/small_gicp/util/downsampling_omp.hpp
[0.137s] -- Up-to-date: /home/potato/RC_2026/install/rc26_localization/include/small_gicp/util/vector3i_hash.hpp
[0.138s] -- Up-to-date: /home/potato/RC_2026/install/rc26_localization/include/small_gicp/util/sort_tbb.hpp
[0.138s] -- Up-to-date: /home/potato/RC_2026/install/rc26_localization/include/small_gicp/util/normal_estimation_omp.hpp
[0.138s] -- Up-to-date: /home/potato/RC_2026/install/rc26_localization/lib/libsmall_gicp.so
[0.138s] -- Up-to-date: /home/potato/RC_2026/install/rc26_localization/lib/cmake/small_gicp/small_gicp-targets.cmake
[0.138s] -- Up-to-date: /home/potato/RC_2026/install/rc26_localization/lib/cmake/small_gicp/small_gicp-targets-release.cmake
[0.138s] -- Up-to-date: /home/potato/RC_2026/install/rc26_localization/lib/cmake/small_gicp/small_gicp-config.cmake
[0.138s] -- Up-to-date: /home/potato/RC_2026/install/rc26_localization/lib/cmake/small_gicp/small_gicp-config-version.cmake
[0.138s] -- Up-to-date: /home/potato/RC_2026/install/rc26_localization/lib/rc26_localization/rc26_localization_node
[0.138s] -- Up-to-date: /home/potato/RC_2026/install/rc26_localization/include/rc26_localization
[0.138s] -- Up-to-date: /home/potato/RC_2026/install/rc26_localization/include/rc26_localization/rc26_localization
[0.138s] -- Up-to-date: /home/potato/RC_2026/install/rc26_localization/include/rc26_localization/rc26_localization/localization.hpp
[0.138s] -- Up-to-date: /home/potato/RC_2026/install/rc26_localization/share/rc26_localization/environment/library_path.sh
[0.138s] -- Up-to-date: /home/potato/RC_2026/install/rc26_localization/share/rc26_localization/environment/library_path.dsv
[0.138s] -- Up-to-date: /home/potato/RC_2026/install/rc26_localization/lib/librc26_localization.so
[0.138s] -- Up-to-date: /home/potato/RC_2026/install/rc26_localization/share/rc26_localization/launch
[0.138s] -- Up-to-date: /home/potato/RC_2026/install/rc26_localization/share/rc26_localization/launch/sentry_localization.launch.py
[0.138s] -- Up-to-date: /home/potato/RC_2026/install/rc26_localization/share/ament_index/resource_index/package_run_dependencies/rc26_localization
[0.138s] -- Up-to-date: /home/potato/RC_2026/install/rc26_localization/share/ament_index/resource_index/parent_prefix_path/rc26_localization
[0.138s] -- Up-to-date: /home/potato/RC_2026/install/rc26_localization/share/rc26_localization/environment/ament_prefix_path.sh
[0.138s] -- Up-to-date: /home/potato/RC_2026/install/rc26_localization/share/rc26_localization/environment/ament_prefix_path.dsv
[0.138s] -- Up-to-date: /home/potato/RC_2026/install/rc26_localization/share/rc26_localization/environment/path.sh
[0.138s] -- Up-to-date: /home/potato/RC_2026/install/rc26_localization/share/rc26_localization/environment/path.dsv
[0.138s] -- Up-to-date: /home/potato/RC_2026/install/rc26_localization/share/rc26_localization/local_setup.bash
[0.139s] -- Up-to-date: /home/potato/RC_2026/install/rc26_localization/share/rc26_localization/local_setup.sh
[0.139s] -- Up-to-date: /home/potato/RC_2026/install/rc26_localization/share/rc26_localization/local_setup.zsh
[0.139s] -- Up-to-date: /home/potato/RC_2026/install/rc26_localization/share/rc26_localization/local_setup.dsv
[0.139s] -- Installing: /home/potato/RC_2026/install/rc26_localization/share/rc26_localization/package.dsv
[0.139s] -- Up-to-date: /home/potato/RC_2026/install/rc26_localization/share/ament_index/resource_index/packages/rc26_localization
[0.139s] -- Up-to-date: /home/potato/RC_2026/install/rc26_localization/share/ament_index/resource_index/rclcpp_components/rc26_localization
[0.139s] -- Up-to-date: /home/potato/RC_2026/install/rc26_localization/share/rc26_localization/cmake/ament_cmake_export_dependencies-extras.cmake
[0.139s] -- Up-to-date: /home/potato/RC_2026/install/rc26_localization/share/rc26_localization/cmake/ament_cmake_export_include_directories-extras.cmake
[0.139s] -- Up-to-date: /home/potato/RC_2026/install/rc26_localization/share/rc26_localization/cmake/ament_cmake_export_libraries-extras.cmake
[0.139s] -- Up-to-date: /home/potato/RC_2026/install/rc26_localization/share/rc26_localization/cmake/rc26_localizationConfig.cmake
[0.139s] -- Up-to-date: /home/potato/RC_2026/install/rc26_localization/share/rc26_localization/cmake/rc26_localizationConfig-version.cmake
[0.139s] -- Up-to-date: /home/potato/RC_2026/install/rc26_localization/share/rc26_localization/package.xml
[0.140s] Invoked command in '/home/potato/RC_2026/build/rc26_localization' returned '0': /usr/bin/cmake --install /home/potato/RC_2026/build/rc26_localization
