[0.009s] Invoking command in '/home/potato/RC_2026/build/rc26_decision': CMAKE_PREFIX_PATH=/home/potato/RC_2026/install/rc26_serial:/home/potato/RC_2026/install/small_gicp:/home/potato/RC_2026/install/rc26_merge_odom:/home/potato/RC_2026/install/rc26_bringup:/home/potato/RC_2026/install/rc26_decision:/home/potato/RC_2026/install/rc26_sensor_scan:/home/potato/RC_2026/install/rc26_perception:/home/potato/RC_2026/install/rc26_omni_controller:/home/potato/RC_2026/install/rc26_odom_interface:/home/potato/RC_2026/install/rc26_localization:/home/potato/RC_2026/install/point_lio:/home/potato/RC_2026/install/mid360_driver:/opt/ros/humble:/opt/ros/humble LD_LIBRARY_PATH=/home/potato/RC_2026/install/rc26_serial/lib:/home/potato/RC_2026/install/small_gicp/lib:/home/potato/RC_2026/install/rc26_merge_odom/lib:/home/potato/RC_2026/install/rc26_decision/lib:/home/potato/RC_2026/install/rc26_sensor_scan/lib:/home/potato/RC_2026/install/rc26_perception/lib:/home/potato/RC_2026/install/rc26_omni_controller/lib:/home/potato/RC_2026/install/rc26_odom_interface/lib:/home/potato/RC_2026/install/rc26_localization/lib:/home/potato/RC_2026/install/mid360_driver/lib:/usr/local/lib:/usr/local/cuda/lib64:/usr/local/lib:/lib64:/usr/lib/x86_64-linux-gnu/gazebo-11/plugins:/opt/ros/humble/opt/rviz_ogre_vendor/lib:/opt/ros/humble/lib/x86_64-linux-gnu:/opt/ros/humble/opt/openvdb_vendor/lib:/opt/ros/humble/lib /usr/bin/cmake --build /home/potato/RC_2026/build/rc26_decision -- -j28 -l28
[0.050s] [35m[1mConsolidate compiler generated dependencies of target rc26_decision_serial[0m
[0.052s] [35m[1mConsolidate compiler generated dependencies of target rc26_decision_nodes[0m
[0.069s] [ 21%] Built target rc26_decision_serial
[0.073s] [ 57%] Built target rc26_decision_nodes
[0.081s] [35m[1mConsolidate compiler generated dependencies of target serial_test0_node[0m
[0.081s] [35m[1mConsolidate compiler generated dependencies of target serial_test1_node[0m
[0.086s] [35m[1mConsolidate compiler generated dependencies of target decision_node[0m
[0.093s] [ 68%] Built target can_odom_test_node
[0.094s] [ 78%] Built target serial_test0_node
[0.095s] [ 89%] Built target serial_test1_node
[0.102s] [100%] Built target decision_node
[0.113s] Invoked command in '/home/potato/RC_2026/build/rc26_decision' returned '0': CMAKE_PREFIX_PATH=/home/potato/RC_2026/install/rc26_serial:/home/potato/RC_2026/install/small_gicp:/home/potato/RC_2026/install/rc26_merge_odom:/home/potato/RC_2026/install/rc26_bringup:/home/potato/RC_2026/install/rc26_decision:/home/potato/RC_2026/install/rc26_sensor_scan:/home/potato/RC_2026/install/rc26_perception:/home/potato/RC_2026/install/rc26_omni_controller:/home/potato/RC_2026/install/rc26_odom_interface:/home/potato/RC_2026/install/rc26_localization:/home/potato/RC_2026/install/point_lio:/home/potato/RC_2026/install/mid360_driver:/opt/ros/humble:/opt/ros/humble LD_LIBRARY_PATH=/home/potato/RC_2026/install/rc26_serial/lib:/home/potato/RC_2026/install/small_gicp/lib:/home/potato/RC_2026/install/rc26_merge_odom/lib:/home/potato/RC_2026/install/rc26_decision/lib:/home/potato/RC_2026/install/rc26_sensor_scan/lib:/home/potato/RC_2026/install/rc26_perception/lib:/home/potato/RC_2026/install/rc26_omni_controller/lib:/home/potato/RC_2026/install/rc26_odom_interface/lib:/home/potato/RC_2026/install/rc26_localization/lib:/home/potato/RC_2026/install/mid360_driver/lib:/usr/local/lib:/usr/local/cuda/lib64:/usr/local/lib:/lib64:/usr/lib/x86_64-linux-gnu/gazebo-11/plugins:/opt/ros/humble/opt/rviz_ogre_vendor/lib:/opt/ros/humble/lib/x86_64-linux-gnu:/opt/ros/humble/opt/openvdb_vendor/lib:/opt/ros/humble/lib /usr/bin/cmake --build /home/potato/RC_2026/build/rc26_decision -- -j28 -l28
[0.114s] Invoking command in '/home/potato/RC_2026/build/rc26_decision': CMAKE_PREFIX_PATH=/home/potato/RC_2026/install/rc26_serial:/home/potato/RC_2026/install/small_gicp:/home/potato/RC_2026/install/rc26_merge_odom:/home/potato/RC_2026/install/rc26_bringup:/home/potato/RC_2026/install/rc26_decision:/home/potato/RC_2026/install/rc26_sensor_scan:/home/potato/RC_2026/install/rc26_perception:/home/potato/RC_2026/install/rc26_omni_controller:/home/potato/RC_2026/install/rc26_odom_interface:/home/potato/RC_2026/install/rc26_localization:/home/potato/RC_2026/install/point_lio:/home/potato/RC_2026/install/mid360_driver:/opt/ros/humble:/opt/ros/humble LD_LIBRARY_PATH=/home/potato/RC_2026/install/rc26_serial/lib:/home/potato/RC_2026/install/small_gicp/lib:/home/potato/RC_2026/install/rc26_merge_odom/lib:/home/potato/RC_2026/install/rc26_decision/lib:/home/potato/RC_2026/install/rc26_sensor_scan/lib:/home/potato/RC_2026/install/rc26_perception/lib:/home/potato/RC_2026/install/rc26_omni_controller/lib:/home/potato/RC_2026/install/rc26_odom_interface/lib:/home/potato/RC_2026/install/rc26_localization/lib:/home/potato/RC_2026/install/mid360_driver/lib:/usr/local/lib:/usr/local/cuda/lib64:/usr/local/lib:/lib64:/usr/lib/x86_64-linux-gnu/gazebo-11/plugins:/opt/ros/humble/opt/rviz_ogre_vendor/lib:/opt/ros/humble/lib/x86_64-linux-gnu:/opt/ros/humble/opt/openvdb_vendor/lib:/opt/ros/humble/lib /usr/bin/cmake --install /home/potato/RC_2026/build/rc26_decision
[0.120s] -- Install configuration: ""
[0.120s] -- Up-to-date: /home/potato/RC_2026/install/rc26_decision/include
[0.120s] -- Up-to-date: /home/potato/RC_2026/install/rc26_decision/include/rc26_decision
[0.120s] -- Up-to-date: /home/potato/RC_2026/install/rc26_decision/include/rc26_decision/combat_area.hpp
[0.120s] -- Up-to-date: /home/potato/RC_2026/install/rc26_decision/include/rc26_decision/navigation
[0.121s] -- Up-to-date: /home/potato/RC_2026/install/rc26_decision/include/rc26_decision/navigation/bt_navigate_waypoint.hpp
[0.121s] -- Up-to-date: /home/potato/RC_2026/install/rc26_decision/include/rc26_decision/navigation/waypoint_navigator.hpp
[0.121s] -- Up-to-date: /home/potato/RC_2026/install/rc26_decision/include/rc26_decision/navigation/waypoint_catalog.hpp
[0.121s] -- Up-to-date: /home/potato/RC_2026/install/rc26_decision/include/rc26_decision/mf_area.hpp
[0.121s] -- Up-to-date: /home/potato/RC_2026/install/rc26_decision/include/rc26_decision/mc_area.hpp
[0.121s] -- Up-to-date: /home/potato/RC_2026/install/rc26_decision/include/rc26_decision/gain_odom
[0.121s] -- Up-to-date: /home/potato/RC_2026/install/rc26_decision/include/rc26_decision/gain_odom/pose_sender.hpp
[0.121s] -- Up-to-date: /home/potato/RC_2026/install/rc26_decision/include/rc26_decision/gain_odom/wheel_odom_receiver.hpp
[0.121s] -- Up-to-date: /home/potato/RC_2026/install/rc26_decision/include/rc26_decision/gain_odom/can_odom.hpp
[0.121s] -- Up-to-date: /home/potato/RC_2026/install/rc26_decision/lib/librc26_decision_nodes.so
[0.121s] -- Up-to-date: /home/potato/RC_2026/install/rc26_decision/lib/librc26_decision_serial.so
[0.121s] -- Up-to-date: /home/potato/RC_2026/install/rc26_decision/lib/rc26_decision/decision_node
[0.121s] -- Up-to-date: /home/potato/RC_2026/install/rc26_decision/lib/rc26_decision/serial_test0_node
[0.121s] -- Up-to-date: /home/potato/RC_2026/install/rc26_decision/lib/rc26_decision/serial_test1_node
[0.121s] -- Up-to-date: /home/potato/RC_2026/install/rc26_decision/lib/rc26_decision/can_odom_test_node
[0.121s] -- Up-to-date: /home/potato/RC_2026/install/rc26_decision/share/rc26_decision/behavior_trees
[0.121s] -- Up-to-date: /home/potato/RC_2026/install/rc26_decision/share/rc26_decision/behavior_trees/main_tree.xml
[0.121s] -- Up-to-date: /home/potato/RC_2026/install/rc26_decision/share/rc26_decision/launch
[0.121s] -- Up-to-date: /home/potato/RC_2026/install/rc26_decision/share/rc26_decision/launch/__pycache__
[0.121s] -- Up-to-date: /home/potato/RC_2026/install/rc26_decision/share/rc26_decision/launch/__pycache__/waypoint_patrol.launch.cpython-310.pyc
[0.121s] -- Up-to-date: /home/potato/RC_2026/install/rc26_decision/share/rc26_decision/launch/decision.launch.py
[0.121s] -- Up-to-date: /home/potato/RC_2026/install/rc26_decision/share/rc26_decision/config
[0.121s] -- Up-to-date: /home/potato/RC_2026/install/rc26_decision/share/rc26_decision/config/decision_params.yaml
[0.121s] -- Up-to-date: /home/potato/RC_2026/install/rc26_decision/share/rc26_decision/environment/library_path.sh
[0.121s] -- Up-to-date: /home/potato/RC_2026/install/rc26_decision/share/rc26_decision/environment/library_path.dsv
[0.122s] -- Up-to-date: /home/potato/RC_2026/install/rc26_decision/share/ament_index/resource_index/package_run_dependencies/rc26_decision
[0.122s] -- Up-to-date: /home/potato/RC_2026/install/rc26_decision/share/ament_index/resource_index/parent_prefix_path/rc26_decision
[0.122s] -- Up-to-date: /home/potato/RC_2026/install/rc26_decision/share/rc26_decision/environment/ament_prefix_path.sh
[0.122s] -- Up-to-date: /home/potato/RC_2026/install/rc26_decision/share/rc26_decision/environment/ament_prefix_path.dsv
[0.122s] -- Up-to-date: /home/potato/RC_2026/install/rc26_decision/share/rc26_decision/environment/path.sh
[0.122s] -- Up-to-date: /home/potato/RC_2026/install/rc26_decision/share/rc26_decision/environment/path.dsv
[0.122s] -- Up-to-date: /home/potato/RC_2026/install/rc26_decision/share/rc26_decision/local_setup.bash
[0.122s] -- Up-to-date: /home/potato/RC_2026/install/rc26_decision/share/rc26_decision/local_setup.sh
[0.122s] -- Up-to-date: /home/potato/RC_2026/install/rc26_decision/share/rc26_decision/local_setup.zsh
[0.122s] -- Up-to-date: /home/potato/RC_2026/install/rc26_decision/share/rc26_decision/local_setup.dsv
[0.123s] -- Installing: /home/potato/RC_2026/install/rc26_decision/share/rc26_decision/package.dsv
[0.123s] -- Up-to-date: /home/potato/RC_2026/install/rc26_decision/share/ament_index/resource_index/packages/rc26_decision
[0.123s] -- Up-to-date: /home/potato/RC_2026/install/rc26_decision/share/rc26_decision/cmake/rc26_decisionTargetsExport.cmake
[0.123s] -- Up-to-date: /home/potato/RC_2026/install/rc26_decision/share/rc26_decision/cmake/rc26_decisionTargetsExport-noconfig.cmake
[0.123s] -- Up-to-date: /home/potato/RC_2026/install/rc26_decision/share/rc26_decision/cmake/ament_cmake_export_targets-extras.cmake
[0.123s] -- Up-to-date: /home/potato/RC_2026/install/rc26_decision/share/rc26_decision/cmake/ament_cmake_export_include_directories-extras.cmake
[0.123s] -- Up-to-date: /home/potato/RC_2026/install/rc26_decision/share/rc26_decision/cmake/ament_cmake_export_libraries-extras.cmake
[0.123s] -- Up-to-date: /home/potato/RC_2026/install/rc26_decision/share/rc26_decision/cmake/ament_cmake_export_dependencies-extras.cmake
[0.123s] -- Up-to-date: /home/potato/RC_2026/install/rc26_decision/share/rc26_decision/cmake/rc26_decisionConfig.cmake
[0.123s] -- Up-to-date: /home/potato/RC_2026/install/rc26_decision/share/rc26_decision/cmake/rc26_decisionConfig-version.cmake
[0.123s] -- Up-to-date: /home/potato/RC_2026/install/rc26_decision/share/rc26_decision/package.xml
[0.124s] Invoked command in '/home/potato/RC_2026/build/rc26_decision' returned '0': CMAKE_PREFIX_PATH=/home/potato/RC_2026/install/rc26_serial:/home/potato/RC_2026/install/small_gicp:/home/potato/RC_2026/install/rc26_merge_odom:/home/potato/RC_2026/install/rc26_bringup:/home/potato/RC_2026/install/rc26_decision:/home/potato/RC_2026/install/rc26_sensor_scan:/home/potato/RC_2026/install/rc26_perception:/home/potato/RC_2026/install/rc26_omni_controller:/home/potato/RC_2026/install/rc26_odom_interface:/home/potato/RC_2026/install/rc26_localization:/home/potato/RC_2026/install/point_lio:/home/potato/RC_2026/install/mid360_driver:/opt/ros/humble:/opt/ros/humble LD_LIBRARY_PATH=/home/potato/RC_2026/install/rc26_serial/lib:/home/potato/RC_2026/install/small_gicp/lib:/home/potato/RC_2026/install/rc26_merge_odom/lib:/home/potato/RC_2026/install/rc26_decision/lib:/home/potato/RC_2026/install/rc26_sensor_scan/lib:/home/potato/RC_2026/install/rc26_perception/lib:/home/potato/RC_2026/install/rc26_omni_controller/lib:/home/potato/RC_2026/install/rc26_odom_interface/lib:/home/potato/RC_2026/install/rc26_localization/lib:/home/potato/RC_2026/install/mid360_driver/lib:/usr/local/lib:/usr/local/cuda/lib64:/usr/local/lib:/lib64:/usr/lib/x86_64-linux-gnu/gazebo-11/plugins:/opt/ros/humble/opt/rviz_ogre_vendor/lib:/opt/ros/humble/lib/x86_64-linux-gnu:/opt/ros/humble/opt/openvdb_vendor/lib:/opt/ros/humble/lib /usr/bin/cmake --install /home/potato/RC_2026/build/rc26_decision
