[0.005s] Invoking command in '/home/potato/RC_2026/build/small_gicp': /usr/bin/cmake --build /home/potato/RC_2026/build/small_gicp -- -j28 -l28
[0.040s] [35m[1mConsolidate compiler generated dependencies of target small_gicp[0m
[0.052s] [ 33%] [32mBuilding CXX object CMakeFiles/small_gicp.dir/src/small_gicp/registration/registration_helper.cpp.o[0m
[0.053s] [ 66%] [32mBuilding CXX object CMakeFiles/small_gicp.dir/src/small_gicp/registration/registration.cpp.o[0m
[8.748s] [100%] [32m[1mLinking CXX shared library libsmall_gicp.so[0m
[8.809s] [100%] Built target small_gicp
[8.818s] Invoked command in '/home/potato/RC_2026/build/small_gicp' returned '0': /usr/bin/cmake --build /home/potato/RC_2026/build/small_gicp -- -j28 -l28
[8.820s] Invoking command in '/home/potato/RC_2026/build/small_gicp': /usr/bin/cmake --install /home/potato/RC_2026/build/small_gicp
[8.826s] -- Install configuration: "Release"
[8.826s] -- Up-to-date: /home/potato/RC_2026/install/small_gicp/include
[8.826s] -- Up-to-date: /home/potato/RC_2026/install/small_gicp/include/small_gicp
[8.826s] -- Up-to-date: /home/potato/RC_2026/install/small_gicp/include/small_gicp/factors
[8.826s] -- Up-to-date: /home/potato/RC_2026/install/small_gicp/include/small_gicp/factors/general_factor.hpp
[8.826s] -- Up-to-date: /home/potato/RC_2026/install/small_gicp/include/small_gicp/factors/robust_kernel.hpp
[8.826s] -- Installing: /home/potato/RC_2026/install/small_gicp/include/small_gicp/factors/icp_factor.hpp
[8.826s] -- Installing: /home/potato/RC_2026/install/small_gicp/include/small_gicp/factors/plane_icp_factor.hpp
[8.826s] -- Installing: /home/potato/RC_2026/install/small_gicp/include/small_gicp/factors/gicp_factor.hpp
[8.826s] -- Up-to-date: /home/potato/RC_2026/install/small_gicp/include/small_gicp/points
[8.826s] -- Up-to-date: /home/potato/RC_2026/install/small_gicp/include/small_gicp/points/point_cloud.hpp
[8.826s] -- Up-to-date: /home/potato/RC_2026/install/small_gicp/include/small_gicp/points/traits.hpp
[8.826s] -- Up-to-date: /home/potato/RC_2026/install/small_gicp/include/small_gicp/points/eigen.hpp
[8.826s] -- Up-to-date: /home/potato/RC_2026/install/small_gicp/include/small_gicp/pcl
[8.826s] -- Up-to-date: /home/potato/RC_2026/install/small_gicp/include/small_gicp/pcl/pcl_registration_impl.hpp
[8.826s] -- Up-to-date: /home/potato/RC_2026/install/small_gicp/include/small_gicp/pcl/pcl_point_traits.hpp
[8.826s] -- Up-to-date: /home/potato/RC_2026/install/small_gicp/include/small_gicp/pcl/pcl_point.hpp
[8.826s] -- Up-to-date: /home/potato/RC_2026/install/small_gicp/include/small_gicp/pcl/pcl_proxy.hpp
[8.826s] -- Up-to-date: /home/potato/RC_2026/install/small_gicp/include/small_gicp/pcl/pcl_registration.hpp
[8.826s] -- Up-to-date: /home/potato/RC_2026/install/small_gicp/include/small_gicp/ann
[8.826s] -- Up-to-date: /home/potato/RC_2026/install/small_gicp/include/small_gicp/ann/flat_container.hpp
[8.826s] -- Up-to-date: /home/potato/RC_2026/install/small_gicp/include/small_gicp/ann/gaussian_voxelmap.hpp
[8.826s] -- Installing: /home/potato/RC_2026/install/small_gicp/include/small_gicp/ann/kdtree_omp.hpp
[8.827s] -- Installing: /home/potato/RC_2026/install/small_gicp/include/small_gicp/ann/kdtree.hpp
[8.827s] -- Up-to-date: /home/potato/RC_2026/install/small_gicp/include/small_gicp/ann/kdtree_tbb.hpp
[8.827s] -- Up-to-date: /home/potato/RC_2026/install/small_gicp/include/small_gicp/ann/traits.hpp
[8.827s] -- Up-to-date: /home/potato/RC_2026/install/small_gicp/include/small_gicp/ann/projection.hpp
[8.827s] -- Up-to-date: /home/potato/RC_2026/install/small_gicp/include/small_gicp/ann/incremental_voxelmap.hpp
[8.827s] -- Up-to-date: /home/potato/RC_2026/install/small_gicp/include/small_gicp/ann/projective_search.hpp
[8.827s] -- Up-to-date: /home/potato/RC_2026/install/small_gicp/include/small_gicp/ann/sequential_voxelmap_accessor.hpp
[8.827s] -- Up-to-date: /home/potato/RC_2026/install/small_gicp/include/small_gicp/ann/knn_result.hpp
[8.827s] -- Up-to-date: /home/potato/RC_2026/install/small_gicp/include/small_gicp/benchmark
[8.827s] -- Up-to-date: /home/potato/RC_2026/install/small_gicp/include/small_gicp/benchmark/benchmark.hpp
[8.827s] -- Up-to-date: /home/potato/RC_2026/install/small_gicp/include/small_gicp/benchmark/benchmark_odom.hpp
[8.827s] -- Up-to-date: /home/potato/RC_2026/install/small_gicp/include/small_gicp/benchmark/read_points.hpp
[8.827s] -- Up-to-date: /home/potato/RC_2026/install/small_gicp/include/small_gicp/registration
[8.827s] -- Up-to-date: /home/potato/RC_2026/install/small_gicp/include/small_gicp/registration/registration_result.hpp
[8.827s] -- Installing: /home/potato/RC_2026/install/small_gicp/include/small_gicp/registration/reduction_omp.hpp
[8.827s] -- Up-to-date: /home/potato/RC_2026/install/small_gicp/include/small_gicp/registration/termination_criteria.hpp
[8.827s] -- Up-to-date: /home/potato/RC_2026/install/small_gicp/include/small_gicp/registration/reduction.hpp
[8.827s] -- Up-to-date: /home/potato/RC_2026/install/small_gicp/include/small_gicp/registration/reduction_tbb.hpp
[8.827s] -- Up-to-date: /home/potato/RC_2026/install/small_gicp/include/small_gicp/registration/registration_helper.hpp
[8.827s] -- Installing: /home/potato/RC_2026/install/small_gicp/include/small_gicp/registration/optimizer.hpp
[8.827s] -- Up-to-date: /home/potato/RC_2026/install/small_gicp/include/small_gicp/registration/rejector.hpp
[8.827s] -- Up-to-date: /home/potato/RC_2026/install/small_gicp/include/small_gicp/registration/registration.hpp
[8.827s] -- Up-to-date: /home/potato/RC_2026/install/small_gicp/include/small_gicp/util
[8.827s] -- Up-to-date: /home/potato/RC_2026/install/small_gicp/include/small_gicp/util/normal_estimation_tbb.hpp
[8.827s] -- Up-to-date: /home/potato/RC_2026/install/small_gicp/include/small_gicp/util/downsampling_tbb.hpp
[8.827s] -- Up-to-date: /home/potato/RC_2026/install/small_gicp/include/small_gicp/util/sort_omp.hpp
[8.827s] -- Installing: /home/potato/RC_2026/install/small_gicp/include/small_gicp/util/normal_estimation.hpp
[8.827s] -- Up-to-date: /home/potato/RC_2026/install/small_gicp/include/small_gicp/util/fast_floor.hpp
[8.827s] -- Up-to-date: /home/potato/RC_2026/install/small_gicp/include/small_gicp/util/lie.hpp
[8.827s] -- Up-to-date: /home/potato/RC_2026/install/small_gicp/include/small_gicp/util/downsampling.hpp
[8.827s] -- Up-to-date: /home/potato/RC_2026/install/small_gicp/include/small_gicp/util/downsampling_omp.hpp
[8.827s] -- Up-to-date: /home/potato/RC_2026/install/small_gicp/include/small_gicp/util/vector3i_hash.hpp
[8.827s] -- Up-to-date: /home/potato/RC_2026/install/small_gicp/include/small_gicp/util/sort_tbb.hpp
[8.827s] -- Up-to-date: /home/potato/RC_2026/install/small_gicp/include/small_gicp/util/normal_estimation_omp.hpp
[8.828s] -- Installing: /home/potato/RC_2026/install/small_gicp/lib/libsmall_gicp.so
[8.828s] -- Up-to-date: /home/potato/RC_2026/install/small_gicp/lib/cmake/small_gicp/small_gicp-targets.cmake
[8.828s] -- Up-to-date: /home/potato/RC_2026/install/small_gicp/lib/cmake/small_gicp/small_gicp-targets-release.cmake
[8.828s] -- Up-to-date: /home/potato/RC_2026/install/small_gicp/lib/cmake/small_gicp/small_gicp-config.cmake
[8.828s] -- Up-to-date: /home/potato/RC_2026/install/small_gicp/lib/cmake/small_gicp/small_gicp-config-version.cmake
[8.829s] Invoked command in '/home/potato/RC_2026/build/small_gicp' returned '0': /usr/bin/cmake --install /home/potato/RC_2026/build/small_gicp
