[0.008s] Invoking command in '/home/potato/RC_2026/build/rc26_sensor_scan': /usr/bin/cmake --build /home/potato/RC_2026/build/rc26_sensor_scan -- -j28 -l28
[0.047s] [35m[1mConsolidate compiler generated dependencies of target rc26_sensor_scan_node[0m
[0.047s] [35m[1mConsolidate compiler generated dependencies of target rc26_sensor_scan[0m
[0.063s] [ 50%] Built target rc26_sensor_scan_node
[0.068s] [ 75%] [32mBuilding CXX object CMakeFiles/rc26_sensor_scan.dir/src/sensor_scan.cpp.o[0m
[10.896s] [100%] [32m[1mLinking CXX shared library librc26_sensor_scan.so[0m
[11.788s] [100%] Built target rc26_sensor_scan
[11.797s] Invoked command in '/home/potato/RC_2026/build/rc26_sensor_scan' returned '0': /usr/bin/cmake --build /home/potato/RC_2026/build/rc26_sensor_scan -- -j28 -l28
[11.799s] Invoking command in '/home/potato/RC_2026/build/rc26_sensor_scan': /usr/bin/cmake --install /home/potato/RC_2026/build/rc26_sensor_scan
[11.805s] -- Install configuration: ""
[11.806s] -- Up-to-date: /home/potato/RC_2026/install/rc26_sensor_scan/lib/rc26_sensor_scan/rc26_sensor_scan_node
[11.806s] -- Up-to-date: /home/potato/RC_2026/install/rc26_sensor_scan/include/rc26_sensor_scan
[11.806s] -- Up-to-date: /home/potato/RC_2026/install/rc26_sensor_scan/include/rc26_sensor_scan/rc26_sensor_scan
[11.806s] -- Installing: /home/potato/RC_2026/install/rc26_sensor_scan/include/rc26_sensor_scan/rc26_sensor_scan/sensor_scan.hpp
[11.806s] -- Up-to-date: /home/potato/RC_2026/install/rc26_sensor_scan/share/rc26_sensor_scan/environment/library_path.sh
[11.806s] -- Up-to-date: /home/potato/RC_2026/install/rc26_sensor_scan/share/rc26_sensor_scan/environment/library_path.dsv
[11.807s] -- Installing: /home/potato/RC_2026/install/rc26_sensor_scan/lib/librc26_sensor_scan.so
[11.814s] -- Set runtime path of "/home/potato/RC_2026/install/rc26_sensor_scan/lib/librc26_sensor_scan.so" to ""
[11.814s] -- Up-to-date: /home/potato/RC_2026/install/rc26_sensor_scan/share/rc26_sensor_scan/launch
[11.814s] -- Up-to-date: /home/potato/RC_2026/install/rc26_sensor_scan/share/rc26_sensor_scan/launch/sensor_scan_generation.launch.py
[11.814s] -- Up-to-date: /home/potato/RC_2026/install/rc26_sensor_scan/share/ament_index/resource_index/package_run_dependencies/rc26_sensor_scan
[11.814s] -- Up-to-date: /home/potato/RC_2026/install/rc26_sensor_scan/share/ament_index/resource_index/parent_prefix_path/rc26_sensor_scan
[11.814s] -- Up-to-date: /home/potato/RC_2026/install/rc26_sensor_scan/share/rc26_sensor_scan/environment/ament_prefix_path.sh
[11.814s] -- Up-to-date: /home/potato/RC_2026/install/rc26_sensor_scan/share/rc26_sensor_scan/environment/ament_prefix_path.dsv
[11.814s] -- Up-to-date: /home/potato/RC_2026/install/rc26_sensor_scan/share/rc26_sensor_scan/environment/path.sh
[11.814s] -- Up-to-date: /home/potato/RC_2026/install/rc26_sensor_scan/share/rc26_sensor_scan/environment/path.dsv
[11.814s] -- Up-to-date: /home/potato/RC_2026/install/rc26_sensor_scan/share/rc26_sensor_scan/local_setup.bash
[11.814s] -- Up-to-date: /home/potato/RC_2026/install/rc26_sensor_scan/share/rc26_sensor_scan/local_setup.sh
[11.815s] -- Up-to-date: /home/potato/RC_2026/install/rc26_sensor_scan/share/rc26_sensor_scan/local_setup.zsh
[11.815s] -- Up-to-date: /home/potato/RC_2026/install/rc26_sensor_scan/share/rc26_sensor_scan/local_setup.dsv
[11.815s] -- Installing: /home/potato/RC_2026/install/rc26_sensor_scan/share/rc26_sensor_scan/package.dsv
[11.815s] -- Up-to-date: /home/potato/RC_2026/install/rc26_sensor_scan/share/ament_index/resource_index/packages/rc26_sensor_scan
[11.815s] -- Up-to-date: /home/potato/RC_2026/install/rc26_sensor_scan/share/ament_index/resource_index/rclcpp_components/rc26_sensor_scan
[11.815s] -- Up-to-date: /home/potato/RC_2026/install/rc26_sensor_scan/share/rc26_sensor_scan/cmake/ament_cmake_export_dependencies-extras.cmake
[11.815s] -- Up-to-date: /home/potato/RC_2026/install/rc26_sensor_scan/share/rc26_sensor_scan/cmake/ament_cmake_export_include_directories-extras.cmake
[11.815s] -- Up-to-date: /home/potato/RC_2026/install/rc26_sensor_scan/share/rc26_sensor_scan/cmake/ament_cmake_export_libraries-extras.cmake
[11.815s] -- Up-to-date: /home/potato/RC_2026/install/rc26_sensor_scan/share/rc26_sensor_scan/cmake/rc26_sensor_scanConfig.cmake
[11.815s] -- Up-to-date: /home/potato/RC_2026/install/rc26_sensor_scan/share/rc26_sensor_scan/cmake/rc26_sensor_scanConfig-version.cmake
[11.815s] -- Up-to-date: /home/potato/RC_2026/install/rc26_sensor_scan/share/rc26_sensor_scan/package.xml
[11.816s] Invoked command in '/home/potato/RC_2026/build/rc26_sensor_scan' returned '0': /usr/bin/cmake --install /home/potato/RC_2026/build/rc26_sensor_scan
