[0.012s] Invoking command in '/home/potato/RC_2026/build/rc26_localization': /usr/bin/cmake --build /home/potato/RC_2026/build/rc26_localization -- -j28 -l28
[0.104s] [35m[1mConsolidate compiler generated dependencies of target small_gicp[0m
[0.106s] [35m[1mConsolidate compiler generated dependencies of target rc26_localization_node[0m
[0.116s] [ 14%] [32mBuilding CXX object small_gicp/CMakeFiles/small_gicp.dir/src/small_gicp/registration/registration.cpp.o[0m
[0.118s] [ 28%] [32mBuilding CXX object small_gicp/CMakeFiles/small_gicp.dir/src/small_gicp/registration/registration_helper.cpp.o[0m
[0.119s] [ 57%] Built target rc26_localization_node
[9.335s] [ 71%] [32m[1mLinking CXX shared library libsmall_gicp.so[0m
[9.395s] [ 71%] Built target small_gicp
[9.406s] [35m[1mConsolidate compiler generated dependencies of target rc26_localization[0m
[9.438s] [ 85%] [32mBuilding CXX object CMakeFiles/rc26_localization.dir/src/localization.cpp.o[0m
[45.905s] [100%] [32m[1mLinking CXX shared library librc26_localization.so[0m
[46.236s] [100%] Built target rc26_localization
[46.247s] Invoked command in '/home/potato/RC_2026/build/rc26_localization' returned '0': /usr/bin/cmake --build /home/potato/RC_2026/build/rc26_localization -- -j28 -l28
[46.249s] Invoking command in '/home/potato/RC_2026/build/rc26_localization': /usr/bin/cmake --install /home/potato/RC_2026/build/rc26_localization
[46.257s] -- Install configuration: "Release"
[46.258s] -- Up-to-date: /home/potato/RC_2026/install/rc26_localization/include
[46.258s] -- Up-to-date: /home/potato/RC_2026/install/rc26_localization/include/small_gicp
[46.258s] -- Up-to-date: /home/potato/RC_2026/install/rc26_localization/include/small_gicp/factors
[46.258s] -- Up-to-date: /home/potato/RC_2026/install/rc26_localization/include/small_gicp/factors/general_factor.hpp
[46.258s] -- Up-to-date: /home/potato/RC_2026/install/rc26_localization/include/small_gicp/factors/robust_kernel.hpp
[46.258s] -- Installing: /home/potato/RC_2026/install/rc26_localization/include/small_gicp/factors/icp_factor.hpp
[46.258s] -- Installing: /home/potato/RC_2026/install/rc26_localization/include/small_gicp/factors/plane_icp_factor.hpp
[46.258s] -- Installing: /home/potato/RC_2026/install/rc26_localization/include/small_gicp/factors/gicp_factor.hpp
[46.258s] -- Up-to-date: /home/potato/RC_2026/install/rc26_localization/include/small_gicp/points
[46.258s] -- Up-to-date: /home/potato/RC_2026/install/rc26_localization/include/small_gicp/points/point_cloud.hpp
[46.258s] -- Up-to-date: /home/potato/RC_2026/install/rc26_localization/include/small_gicp/points/traits.hpp
[46.258s] -- Up-to-date: /home/potato/RC_2026/install/rc26_localization/include/small_gicp/points/eigen.hpp
[46.259s] -- Up-to-date: /home/potato/RC_2026/install/rc26_localization/include/small_gicp/pcl
[46.259s] -- Up-to-date: /home/potato/RC_2026/install/rc26_localization/include/small_gicp/pcl/pcl_registration_impl.hpp
[46.259s] -- Up-to-date: /home/potato/RC_2026/install/rc26_localization/include/small_gicp/pcl/pcl_point_traits.hpp
[46.259s] -- Up-to-date: /home/potato/RC_2026/install/rc26_localization/include/small_gicp/pcl/pcl_point.hpp
[46.259s] -- Up-to-date: /home/potato/RC_2026/install/rc26_localization/include/small_gicp/pcl/pcl_proxy.hpp
[46.259s] -- Up-to-date: /home/potato/RC_2026/install/rc26_localization/include/small_gicp/pcl/pcl_registration.hpp
[46.259s] -- Up-to-date: /home/potato/RC_2026/install/rc26_localization/include/small_gicp/ann
[46.259s] -- Up-to-date: /home/potato/RC_2026/install/rc26_localization/include/small_gicp/ann/flat_container.hpp
[46.259s] -- Up-to-date: /home/potato/RC_2026/install/rc26_localization/include/small_gicp/ann/gaussian_voxelmap.hpp
[46.259s] -- Installing: /home/potato/RC_2026/install/rc26_localization/include/small_gicp/ann/kdtree_omp.hpp
[46.259s] -- Installing: /home/potato/RC_2026/install/rc26_localization/include/small_gicp/ann/kdtree.hpp
[46.259s] -- Up-to-date: /home/potato/RC_2026/install/rc26_localization/include/small_gicp/ann/kdtree_tbb.hpp
[46.259s] -- Up-to-date: /home/potato/RC_2026/install/rc26_localization/include/small_gicp/ann/traits.hpp
[46.259s] -- Up-to-date: /home/potato/RC_2026/install/rc26_localization/include/small_gicp/ann/projection.hpp
[46.259s] -- Up-to-date: /home/potato/RC_2026/install/rc26_localization/include/small_gicp/ann/incremental_voxelmap.hpp
[46.259s] -- Up-to-date: /home/potato/RC_2026/install/rc26_localization/include/small_gicp/ann/projective_search.hpp
[46.259s] -- Up-to-date: /home/potato/RC_2026/install/rc26_localization/include/small_gicp/ann/sequential_voxelmap_accessor.hpp
[46.259s] -- Up-to-date: /home/potato/RC_2026/install/rc26_localization/include/small_gicp/ann/knn_result.hpp
[46.259s] -- Up-to-date: /home/potato/RC_2026/install/rc26_localization/include/small_gicp/benchmark
[46.259s] -- Up-to-date: /home/potato/RC_2026/install/rc26_localization/include/small_gicp/benchmark/benchmark.hpp
[46.259s] -- Up-to-date: /home/potato/RC_2026/install/rc26_localization/include/small_gicp/benchmark/benchmark_odom.hpp
[46.259s] -- Up-to-date: /home/potato/RC_2026/install/rc26_localization/include/small_gicp/benchmark/read_points.hpp
[46.259s] -- Up-to-date: /home/potato/RC_2026/install/rc26_localization/include/small_gicp/registration
[46.259s] -- Up-to-date: /home/potato/RC_2026/install/rc26_localization/include/small_gicp/registration/registration_result.hpp
[46.259s] -- Installing: /home/potato/RC_2026/install/rc26_localization/include/small_gicp/registration/reduction_omp.hpp
[46.259s] -- Up-to-date: /home/potato/RC_2026/install/rc26_localization/include/small_gicp/registration/termination_criteria.hpp
[46.259s] -- Up-to-date: /home/potato/RC_2026/install/rc26_localization/include/small_gicp/registration/reduction.hpp
[46.260s] -- Up-to-date: /home/potato/RC_2026/install/rc26_localization/include/small_gicp/registration/reduction_tbb.hpp
[46.260s] -- Up-to-date: /home/potato/RC_2026/install/rc26_localization/include/small_gicp/registration/registration_helper.hpp
[46.260s] -- Installing: /home/potato/RC_2026/install/rc26_localization/include/small_gicp/registration/optimizer.hpp
[46.260s] -- Up-to-date: /home/potato/RC_2026/install/rc26_localization/include/small_gicp/registration/rejector.hpp
[46.260s] -- Up-to-date: /home/potato/RC_2026/install/rc26_localization/include/small_gicp/registration/registration.hpp
[46.260s] -- Up-to-date: /home/potato/RC_2026/install/rc26_localization/include/small_gicp/util
[46.260s] -- Up-to-date: /home/potato/RC_2026/install/rc26_localization/include/small_gicp/util/normal_estimation_tbb.hpp
[46.260s] -- Up-to-date: /home/potato/RC_2026/install/rc26_localization/include/small_gicp/util/downsampling_tbb.hpp
[46.260s] -- Up-to-date: /home/potato/RC_2026/install/rc26_localization/include/small_gicp/util/sort_omp.hpp
[46.260s] -- Installing: /home/potato/RC_2026/install/rc26_localization/include/small_gicp/util/normal_estimation.hpp
[46.260s] -- Up-to-date: /home/potato/RC_2026/install/rc26_localization/include/small_gicp/util/fast_floor.hpp
[46.260s] -- Up-to-date: /home/potato/RC_2026/install/rc26_localization/include/small_gicp/util/lie.hpp
[46.260s] -- Up-to-date: /home/potato/RC_2026/install/rc26_localization/include/small_gicp/util/downsampling.hpp
[46.260s] -- Up-to-date: /home/potato/RC_2026/install/rc26_localization/include/small_gicp/util/downsampling_omp.hpp
[46.260s] -- Up-to-date: /home/potato/RC_2026/install/rc26_localization/include/small_gicp/util/vector3i_hash.hpp
[46.260s] -- Up-to-date: /home/potato/RC_2026/install/rc26_localization/include/small_gicp/util/sort_tbb.hpp
[46.260s] -- Up-to-date: /home/potato/RC_2026/install/rc26_localization/include/small_gicp/util/normal_estimation_omp.hpp
[46.260s] -- Installing: /home/potato/RC_2026/install/rc26_localization/lib/libsmall_gicp.so
[46.261s] -- Up-to-date: /home/potato/RC_2026/install/rc26_localization/lib/cmake/small_gicp/small_gicp-targets.cmake
[46.261s] -- Up-to-date: /home/potato/RC_2026/install/rc26_localization/lib/cmake/small_gicp/small_gicp-targets-release.cmake
[46.261s] -- Up-to-date: /home/potato/RC_2026/install/rc26_localization/lib/cmake/small_gicp/small_gicp-config.cmake
[46.261s] -- Up-to-date: /home/potato/RC_2026/install/rc26_localization/lib/cmake/small_gicp/small_gicp-config-version.cmake
[46.261s] -- Up-to-date: /home/potato/RC_2026/install/rc26_localization/lib/rc26_localization/rc26_localization_node
[46.261s] -- Up-to-date: /home/potato/RC_2026/install/rc26_localization/include/rc26_localization
[46.261s] -- Up-to-date: /home/potato/RC_2026/install/rc26_localization/include/rc26_localization/rc26_localization
[46.261s] -- Installing: /home/potato/RC_2026/install/rc26_localization/include/rc26_localization/rc26_localization/localization.hpp
[46.262s] -- Up-to-date: /home/potato/RC_2026/install/rc26_localization/share/rc26_localization/environment/library_path.sh
[46.262s] -- Up-to-date: /home/potato/RC_2026/install/rc26_localization/share/rc26_localization/environment/library_path.dsv
[46.262s] -- Installing: /home/potato/RC_2026/install/rc26_localization/lib/librc26_localization.so
[46.264s] -- Set runtime path of "/home/potato/RC_2026/install/rc26_localization/lib/librc26_localization.so" to ""
[46.264s] -- Up-to-date: /home/potato/RC_2026/install/rc26_localization/share/rc26_localization/launch
[46.264s] -- Up-to-date: /home/potato/RC_2026/install/rc26_localization/share/rc26_localization/launch/sentry_localization.launch.py
[46.265s] -- Up-to-date: /home/potato/RC_2026/install/rc26_localization/share/ament_index/resource_index/package_run_dependencies/rc26_localization
[46.265s] -- Up-to-date: /home/potato/RC_2026/install/rc26_localization/share/ament_index/resource_index/parent_prefix_path/rc26_localization
[46.265s] -- Up-to-date: /home/potato/RC_2026/install/rc26_localization/share/rc26_localization/environment/ament_prefix_path.sh
[46.265s] -- Up-to-date: /home/potato/RC_2026/install/rc26_localization/share/rc26_localization/environment/ament_prefix_path.dsv
[46.265s] -- Up-to-date: /home/potato/RC_2026/install/rc26_localization/share/rc26_localization/environment/path.sh
[46.265s] -- Up-to-date: /home/potato/RC_2026/install/rc26_localization/share/rc26_localization/environment/path.dsv
[46.265s] -- Up-to-date: /home/potato/RC_2026/install/rc26_localization/share/rc26_localization/local_setup.bash
[46.265s] -- Up-to-date: /home/potato/RC_2026/install/rc26_localization/share/rc26_localization/local_setup.sh
[46.265s] -- Up-to-date: /home/potato/RC_2026/install/rc26_localization/share/rc26_localization/local_setup.zsh
[46.265s] -- Up-to-date: /home/potato/RC_2026/install/rc26_localization/share/rc26_localization/local_setup.dsv
[46.265s] -- Installing: /home/potato/RC_2026/install/rc26_localization/share/rc26_localization/package.dsv
[46.267s] -- Up-to-date: /home/potato/RC_2026/install/rc26_localization/share/ament_index/resource_index/packages/rc26_localization
[46.267s] -- Up-to-date: /home/potato/RC_2026/install/rc26_localization/share/ament_index/resource_index/rclcpp_components/rc26_localization
[46.267s] -- Up-to-date: /home/potato/RC_2026/install/rc26_localization/share/rc26_localization/cmake/ament_cmake_export_dependencies-extras.cmake
[46.267s] -- Up-to-date: /home/potato/RC_2026/install/rc26_localization/share/rc26_localization/cmake/ament_cmake_export_include_directories-extras.cmake
[46.267s] -- Up-to-date: /home/potato/RC_2026/install/rc26_localization/share/rc26_localization/cmake/ament_cmake_export_libraries-extras.cmake
[46.267s] -- Up-to-date: /home/potato/RC_2026/install/rc26_localization/share/rc26_localization/cmake/rc26_localizationConfig.cmake
[46.267s] -- Up-to-date: /home/potato/RC_2026/install/rc26_localization/share/rc26_localization/cmake/rc26_localizationConfig-version.cmake
[46.267s] -- Up-to-date: /home/potato/RC_2026/install/rc26_localization/share/rc26_localization/package.xml
[46.269s] Invoked command in '/home/potato/RC_2026/build/rc26_localization' returned '0': /usr/bin/cmake --install /home/potato/RC_2026/build/rc26_localization
