[0.007s] Invoking command in '/home/potato/RC_2026/build/rc26_perception': /usr/bin/cmake --build /home/potato/RC_2026/build/rc26_perception -- -j28 -l28
[0.059s] [  4%] Built target rc26_yolo_engine
[0.060s] [  6%] Built target rc26_perception__cpp
[0.061s] [ 14%] Built target rc26_perception__rosidl_generator_c
[0.062s] [ 18%] Built target d455_driver_node
[0.064s] [ 24%] Built target rc26_perception_core
[0.065s] [ 24%] Built target ament_cmake_python_copy_rc26_perception
[0.079s] [ 38%] Built target rc26_perception__rosidl_typesupport_introspection_cpp
[0.079s] [ 40%] Built target rc26_perception__rosidl_typesupport_c
[0.081s] [ 48%] Built target rc26_perception__rosidl_typesupport_fastrtps_cpp
[0.082s] [ 56%] Built target rc26_perception__rosidl_typesupport_introspection_c
[0.083s] [ 64%] Built target rc26_perception__rosidl_typesupport_cpp
[0.084s] [ 72%] Built target rc26_perception__rosidl_typesupport_fastrtps_c
[0.087s] [ 76%] Built target visualization_node
[0.103s] [ 76%] Built target rc26_perception
[0.106s] [ 80%] Built target perception_node
[0.122s] [ 82%] Built target rc26_perception__py
[0.146s] [ 88%] Built target rc26_perception__rosidl_generator_py
[0.169s] [ 92%] Built target rc26_perception__rosidl_typesupport_fastrtps_c__pyext
[0.169s] [ 96%] Built target rc26_perception__rosidl_typesupport_c__pyext
[0.171s] [100%] Built target rc26_perception__rosidl_typesupport_introspection_c__pyext
[0.252s] running egg_info
[0.252s] writing rc26_perception.egg-info/PKG-INFO
[0.252s] writing dependency_links to rc26_perception.egg-info/dependency_links.txt
[0.252s] writing top-level names to rc26_perception.egg-info/top_level.txt
[0.254s] reading manifest file 'rc26_perception.egg-info/SOURCES.txt'
[0.254s] writing manifest file 'rc26_perception.egg-info/SOURCES.txt'
[0.275s] [100%] Built target ament_cmake_python_build_rc26_perception_egg
[0.285s] Invoked command in '/home/potato/RC_2026/build/rc26_perception' returned '0': /usr/bin/cmake --build /home/potato/RC_2026/build/rc26_perception -- -j28 -l28
[0.287s] Invoking command in '/home/potato/RC_2026/build/rc26_perception': /usr/bin/cmake --install /home/potato/RC_2026/build/rc26_perception
[0.292s] -- Install configuration: ""
[0.292s] -- Up-to-date: /home/potato/RC_2026/install/rc26_perception/share/ament_index/resource_index/rosidl_interfaces/rc26_perception
[0.292s] -- Up-to-date: /home/potato/RC_2026/install/rc26_perception/include/rc26_perception/rc26_perception
[0.292s] -- Up-to-date: /home/potato/RC_2026/install/rc26_perception/include/rc26_perception/rc26_perception/msg
[0.292s] -- Up-to-date: /home/potato/RC_2026/install/rc26_perception/include/rc26_perception/rc26_perception/msg/block_detection.h
[0.292s] -- Up-to-date: /home/potato/RC_2026/install/rc26_perception/include/rc26_perception/rc26_perception/msg/rosidl_generator_c__visibility_control.h
[0.292s] -- Up-to-date: /home/potato/RC_2026/install/rc26_perception/include/rc26_perception/rc26_perception/msg/block_detections.h
[0.292s] -- Up-to-date: /home/potato/RC_2026/install/rc26_perception/include/rc26_perception/rc26_perception/msg/detail
[0.292s] -- Up-to-date: /home/potato/RC_2026/install/rc26_perception/include/rc26_perception/rc26_perception/msg/detail/block_detection__struct.h
[0.292s] -- Up-to-date: /home/potato/RC_2026/install/rc26_perception/include/rc26_perception/rc26_perception/msg/detail/block_detection__functions.h
[0.292s] -- Up-to-date: /home/potato/RC_2026/install/rc26_perception/include/rc26_perception/rc26_perception/msg/detail/block_detections__type_support.h
[0.292s] -- Up-to-date: /home/potato/RC_2026/install/rc26_perception/include/rc26_perception/rc26_perception/msg/detail/block_detections__struct.h
[0.292s] -- Up-to-date: /home/potato/RC_2026/install/rc26_perception/include/rc26_perception/rc26_perception/msg/detail/block_detections__functions.c
[0.292s] -- Up-to-date: /home/potato/RC_2026/install/rc26_perception/include/rc26_perception/rc26_perception/msg/detail/block_detections__functions.h
[0.292s] -- Up-to-date: /home/potato/RC_2026/install/rc26_perception/include/rc26_perception/rc26_perception/msg/detail/block_detection__functions.c
[0.293s] -- Up-to-date: /home/potato/RC_2026/install/rc26_perception/include/rc26_perception/rc26_perception/msg/detail/block_detection__type_support.h
[0.293s] -- Up-to-date: /home/potato/RC_2026/install/rc26_perception/share/rc26_perception/environment/library_path.sh
[0.293s] -- Up-to-date: /home/potato/RC_2026/install/rc26_perception/share/rc26_perception/environment/library_path.dsv
[0.293s] -- Up-to-date: /home/potato/RC_2026/install/rc26_perception/lib/librc26_perception__rosidl_generator_c.so
[0.293s] -- Up-to-date: /home/potato/RC_2026/install/rc26_perception/include/rc26_perception/rc26_perception
[0.293s] -- Up-to-date: /home/potato/RC_2026/install/rc26_perception/include/rc26_perception/rc26_perception/msg
[0.293s] -- Up-to-date: /home/potato/RC_2026/install/rc26_perception/include/rc26_perception/rc26_perception/msg/rosidl_typesupport_fastrtps_c__visibility_control.h
[0.293s] -- Up-to-date: /home/potato/RC_2026/install/rc26_perception/include/rc26_perception/rc26_perception/msg/detail
[0.293s] -- Up-to-date: /home/potato/RC_2026/install/rc26_perception/include/rc26_perception/rc26_perception/msg/detail/block_detections__rosidl_typesupport_fastrtps_c.h
[0.293s] -- Up-to-date: /home/potato/RC_2026/install/rc26_perception/include/rc26_perception/rc26_perception/msg/detail/block_detection__rosidl_typesupport_fastrtps_c.h
[0.293s] -- Up-to-date: /home/potato/RC_2026/install/rc26_perception/lib/librc26_perception__rosidl_typesupport_fastrtps_c.so
[0.293s] -- Up-to-date: /home/potato/RC_2026/install/rc26_perception/include/rc26_perception/rc26_perception
[0.293s] -- Up-to-date: /home/potato/RC_2026/install/rc26_perception/include/rc26_perception/rc26_perception/msg
[0.293s] -- Up-to-date: /home/potato/RC_2026/install/rc26_perception/include/rc26_perception/rc26_perception/msg/block_detections.hpp
[0.293s] -- Up-to-date: /home/potato/RC_2026/install/rc26_perception/include/rc26_perception/rc26_perception/msg/rosidl_generator_cpp__visibility_control.hpp
[0.293s] -- Up-to-date: /home/potato/RC_2026/install/rc26_perception/include/rc26_perception/rc26_perception/msg/block_detection.hpp
[0.293s] -- Up-to-date: /home/potato/RC_2026/install/rc26_perception/include/rc26_perception/rc26_perception/msg/detail
[0.293s] -- Up-to-date: /home/potato/RC_2026/install/rc26_perception/include/rc26_perception/rc26_perception/msg/detail/block_detection__traits.hpp
[0.293s] -- Up-to-date: /home/potato/RC_2026/install/rc26_perception/include/rc26_perception/rc26_perception/msg/detail/block_detection__struct.hpp
[0.294s] -- Up-to-date: /home/potato/RC_2026/install/rc26_perception/include/rc26_perception/rc26_perception/msg/detail/block_detections__struct.hpp
[0.294s] -- Up-to-date: /home/potato/RC_2026/install/rc26_perception/include/rc26_perception/rc26_perception/msg/detail/block_detection__builder.hpp
[0.294s] -- Up-to-date: /home/potato/RC_2026/install/rc26_perception/include/rc26_perception/rc26_perception/msg/detail/block_detection__type_support.hpp
[0.294s] -- Up-to-date: /home/potato/RC_2026/install/rc26_perception/include/rc26_perception/rc26_perception/msg/detail/block_detections__type_support.hpp
[0.294s] -- Up-to-date: /home/potato/RC_2026/install/rc26_perception/include/rc26_perception/rc26_perception/msg/detail/block_detections__builder.hpp
[0.294s] -- Up-to-date: /home/potato/RC_2026/install/rc26_perception/include/rc26_perception/rc26_perception/msg/detail/block_detections__traits.hpp
[0.294s] -- Up-to-date: /home/potato/RC_2026/install/rc26_perception/include/rc26_perception/rc26_perception
[0.294s] -- Up-to-date: /home/potato/RC_2026/install/rc26_perception/include/rc26_perception/rc26_perception/msg
[0.294s] -- Up-to-date: /home/potato/RC_2026/install/rc26_perception/include/rc26_perception/rc26_perception/msg/rosidl_typesupport_fastrtps_cpp__visibility_control.h
[0.294s] -- Up-to-date: /home/potato/RC_2026/install/rc26_perception/include/rc26_perception/rc26_perception/msg/detail
[0.294s] -- Up-to-date: /home/potato/RC_2026/install/rc26_perception/include/rc26_perception/rc26_perception/msg/detail/dds_fastrtps
[0.294s] -- Up-to-date: /home/potato/RC_2026/install/rc26_perception/include/rc26_perception/rc26_perception/msg/detail/block_detection__rosidl_typesupport_fastrtps_cpp.hpp
[0.294s] -- Up-to-date: /home/potato/RC_2026/install/rc26_perception/include/rc26_perception/rc26_perception/msg/detail/block_detections__rosidl_typesupport_fastrtps_cpp.hpp
[0.294s] -- Up-to-date: /home/potato/RC_2026/install/rc26_perception/lib/librc26_perception__rosidl_typesupport_fastrtps_cpp.so
[0.294s] -- Up-to-date: /home/potato/RC_2026/install/rc26_perception/include/rc26_perception/rc26_perception
[0.294s] -- Up-to-date: /home/potato/RC_2026/install/rc26_perception/include/rc26_perception/rc26_perception/msg
[0.294s] -- Up-to-date: /home/potato/RC_2026/install/rc26_perception/include/rc26_perception/rc26_perception/msg/rosidl_typesupport_introspection_c__visibility_control.h
[0.294s] -- Up-to-date: /home/potato/RC_2026/install/rc26_perception/include/rc26_perception/rc26_perception/msg/detail
[0.294s] -- Up-to-date: /home/potato/RC_2026/install/rc26_perception/include/rc26_perception/rc26_perception/msg/detail/block_detection__rosidl_typesupport_introspection_c.h
[0.294s] -- Up-to-date: /home/potato/RC_2026/install/rc26_perception/include/rc26_perception/rc26_perception/msg/detail/block_detections__type_support.c
[0.294s] -- Up-to-date: /home/potato/RC_2026/install/rc26_perception/include/rc26_perception/rc26_perception/msg/detail/block_detections__rosidl_typesupport_introspection_c.h
[0.294s] -- Up-to-date: /home/potato/RC_2026/install/rc26_perception/include/rc26_perception/rc26_perception/msg/detail/block_detection__type_support.c
[0.294s] -- Up-to-date: /home/potato/RC_2026/install/rc26_perception/lib/librc26_perception__rosidl_typesupport_introspection_c.so
[0.294s] -- Up-to-date: /home/potato/RC_2026/install/rc26_perception/lib/librc26_perception__rosidl_typesupport_c.so
[0.294s] -- Up-to-date: /home/potato/RC_2026/install/rc26_perception/include/rc26_perception/rc26_perception
[0.294s] -- Up-to-date: /home/potato/RC_2026/install/rc26_perception/include/rc26_perception/rc26_perception/msg
[0.294s] -- Up-to-date: /home/potato/RC_2026/install/rc26_perception/include/rc26_perception/rc26_perception/msg/detail
[0.294s] -- Up-to-date: /home/potato/RC_2026/install/rc26_perception/include/rc26_perception/rc26_perception/msg/detail/block_detections__rosidl_typesupport_introspection_cpp.hpp
[0.294s] -- Up-to-date: /home/potato/RC_2026/install/rc26_perception/include/rc26_perception/rc26_perception/msg/detail/block_detection__rosidl_typesupport_introspection_cpp.hpp
[0.294s] -- Up-to-date: /home/potato/RC_2026/install/rc26_perception/include/rc26_perception/rc26_perception/msg/detail/block_detections__type_support.cpp
[0.294s] -- Up-to-date: /home/potato/RC_2026/install/rc26_perception/include/rc26_perception/rc26_perception/msg/detail/block_detection__type_support.cpp
[0.294s] -- Up-to-date: /home/potato/RC_2026/install/rc26_perception/lib/librc26_perception__rosidl_typesupport_introspection_cpp.so
[0.294s] -- Up-to-date: /home/potato/RC_2026/install/rc26_perception/lib/librc26_perception__rosidl_typesupport_cpp.so
[0.294s] -- Up-to-date: /home/potato/RC_2026/install/rc26_perception/share/rc26_perception/environment/pythonpath.sh
[0.294s] -- Up-to-date: /home/potato/RC_2026/install/rc26_perception/share/rc26_perception/environment/pythonpath.dsv
[0.295s] -- Up-to-date: /home/potato/RC_2026/install/rc26_perception/local/lib/python3.10/dist-packages/rc26_perception-1.0.0-py3.10.egg-info
[0.295s] -- Installing: /home/potato/RC_2026/install/rc26_perception/local/lib/python3.10/dist-packages/rc26_perception-1.0.0-py3.10.egg-info/dependency_links.txt
[0.295s] -- Installing: /home/potato/RC_2026/install/rc26_perception/local/lib/python3.10/dist-packages/rc26_perception-1.0.0-py3.10.egg-info/PKG-INFO
[0.295s] -- Installing: /home/potato/RC_2026/install/rc26_perception/local/lib/python3.10/dist-packages/rc26_perception-1.0.0-py3.10.egg-info/top_level.txt
[0.295s] -- Installing: /home/potato/RC_2026/install/rc26_perception/local/lib/python3.10/dist-packages/rc26_perception-1.0.0-py3.10.egg-info/SOURCES.txt
[0.295s] -- Up-to-date: /home/potato/RC_2026/install/rc26_perception/local/lib/python3.10/dist-packages/rc26_perception
[0.295s] -- Up-to-date: /home/potato/RC_2026/install/rc26_perception/local/lib/python3.10/dist-packages/rc26_perception/rc26_perception_s__rosidl_typesupport_c.cpython-310-x86_64-linux-gnu.so
[0.295s] -- Up-to-date: /home/potato/RC_2026/install/rc26_perception/local/lib/python3.10/dist-packages/rc26_perception/rc26_perception_s__rosidl_typesupport_fastrtps_c.cpython-310-x86_64-linux-gnu.so
[0.295s] -- Up-to-date: /home/potato/RC_2026/install/rc26_perception/local/lib/python3.10/dist-packages/rc26_perception/_rc26_perception_s.ep.rosidl_typesupport_fastrtps_c.c
[0.295s] -- Up-to-date: /home/potato/RC_2026/install/rc26_perception/local/lib/python3.10/dist-packages/rc26_perception/rc26_perception_s__rosidl_typesupport_introspection_c.cpython-310-x86_64-linux-gnu.so
[0.295s] -- Up-to-date: /home/potato/RC_2026/install/rc26_perception/local/lib/python3.10/dist-packages/rc26_perception/__init__.py
[0.295s] -- Up-to-date: /home/potato/RC_2026/install/rc26_perception/local/lib/python3.10/dist-packages/rc26_perception/librc26_perception__rosidl_generator_py.so
[0.295s] -- Up-to-date: /home/potato/RC_2026/install/rc26_perception/local/lib/python3.10/dist-packages/rc26_perception/_rc26_perception_s.ep.rosidl_typesupport_introspection_c.c
[0.295s] -- Up-to-date: /home/potato/RC_2026/install/rc26_perception/local/lib/python3.10/dist-packages/rc26_perception/msg
[0.295s] -- Up-to-date: /home/potato/RC_2026/install/rc26_perception/local/lib/python3.10/dist-packages/rc26_perception/msg/_block_detection.py
[0.295s] -- Up-to-date: /home/potato/RC_2026/install/rc26_perception/local/lib/python3.10/dist-packages/rc26_perception/msg/__init__.py
[0.295s] -- Up-to-date: /home/potato/RC_2026/install/rc26_perception/local/lib/python3.10/dist-packages/rc26_perception/msg/_block_detection_s.c
[0.295s] -- Up-to-date: /home/potato/RC_2026/install/rc26_perception/local/lib/python3.10/dist-packages/rc26_perception/msg/_block_detections.py
[0.295s] -- Up-to-date: /home/potato/RC_2026/install/rc26_perception/local/lib/python3.10/dist-packages/rc26_perception/msg/_block_detections_s.c
[0.295s] -- Up-to-date: /home/potato/RC_2026/install/rc26_perception/local/lib/python3.10/dist-packages/rc26_perception/_rc26_perception_s.ep.rosidl_typesupport_c.c
[0.318s] Listing '/home/potato/RC_2026/install/rc26_perception/local/lib/python3.10/dist-packages/rc26_perception'...
[0.318s] Listing '/home/potato/RC_2026/install/rc26_perception/local/lib/python3.10/dist-packages/rc26_perception/msg'...
[0.321s] -- Up-to-date: /home/potato/RC_2026/install/rc26_perception/local/lib/python3.10/dist-packages/rc26_perception/rc26_perception_s__rosidl_typesupport_fastrtps_c.cpython-310-x86_64-linux-gnu.so
[0.321s] -- Up-to-date: /home/potato/RC_2026/install/rc26_perception/local/lib/python3.10/dist-packages/rc26_perception/rc26_perception_s__rosidl_typesupport_introspection_c.cpython-310-x86_64-linux-gnu.so
[0.321s] -- Up-to-date: /home/potato/RC_2026/install/rc26_perception/local/lib/python3.10/dist-packages/rc26_perception/rc26_perception_s__rosidl_typesupport_c.cpython-310-x86_64-linux-gnu.so
[0.321s] -- Up-to-date: /home/potato/RC_2026/install/rc26_perception/lib/librc26_perception__rosidl_generator_py.so
[0.321s] -- Up-to-date: /home/potato/RC_2026/install/rc26_perception/share/rc26_perception/msg/BlockDetection.idl
[0.321s] -- Up-to-date: /home/potato/RC_2026/install/rc26_perception/share/rc26_perception/msg/BlockDetections.idl
[0.321s] -- Up-to-date: /home/potato/RC_2026/install/rc26_perception/share/rc26_perception/msg/BlockDetection.msg
[0.322s] -- Up-to-date: /home/potato/RC_2026/install/rc26_perception/share/rc26_perception/msg/BlockDetections.msg
[0.322s] -- Up-to-date: /home/potato/RC_2026/install/rc26_perception/lib/librc26_perception_core.so
[0.322s] -- Up-to-date: /home/potato/RC_2026/install/rc26_perception/lib/librc26_yolo_engine.so
[0.322s] -- Up-to-date: /home/potato/RC_2026/install/rc26_perception/lib/rc26_perception/perception_node
[0.322s] -- Up-to-date: /home/potato/RC_2026/install/rc26_perception/lib/rc26_perception/d455_driver_node
[0.322s] -- Up-to-date: /home/potato/RC_2026/install/rc26_perception/lib/rc26_perception/visualization_node
[0.322s] -- Up-to-date: /home/potato/RC_2026/install/rc26_perception/lib/rc26_perception/visualization_node.py
[0.322s] -- Up-to-date: /home/potato/RC_2026/install/rc26_perception/lib/rc26_perception/export_onnx.py
[0.322s] -- Up-to-date: /home/potato/RC_2026/install/rc26_perception/include
[0.322s] -- Up-to-date: /home/potato/RC_2026/install/rc26_perception/include/rc26_perception
[0.322s] -- Up-to-date: /home/potato/RC_2026/install/rc26_perception/include/rc26_perception/preprocess.hpp
[0.322s] -- Up-to-date: /home/potato/RC_2026/install/rc26_perception/include/rc26_perception/postprocess.hpp
[0.322s] -- Up-to-date: /home/potato/RC_2026/install/rc26_perception/include/rc26_perception/yolo_engine.hpp
[0.322s] -- Up-to-date: /home/potato/RC_2026/install/rc26_perception/share/rc26_perception/launch
[0.323s] -- Up-to-date: /home/potato/RC_2026/install/rc26_perception/share/rc26_perception/launch/perception.launch.py
[0.323s] -- Up-to-date: /home/potato/RC_2026/install/rc26_perception/share/rc26_perception/launch/visualization.launch.py
[0.323s] -- Up-to-date: /home/potato/RC_2026/install/rc26_perception/share/rc26_perception/config
[0.323s] -- Up-to-date: /home/potato/RC_2026/install/rc26_perception/share/rc26_perception/config/perception.yaml
[0.323s] -- Up-to-date: /home/potato/RC_2026/install/rc26_perception/share/ament_index/resource_index/package_run_dependencies/rc26_perception
[0.323s] -- Up-to-date: /home/potato/RC_2026/install/rc26_perception/share/ament_index/resource_index/parent_prefix_path/rc26_perception
[0.323s] -- Up-to-date: /home/potato/RC_2026/install/rc26_perception/share/rc26_perception/environment/ament_prefix_path.sh
[0.323s] -- Up-to-date: /home/potato/RC_2026/install/rc26_perception/share/rc26_perception/environment/ament_prefix_path.dsv
[0.323s] -- Up-to-date: /home/potato/RC_2026/install/rc26_perception/share/rc26_perception/environment/path.sh
[0.323s] -- Up-to-date: /home/potato/RC_2026/install/rc26_perception/share/rc26_perception/environment/path.dsv
[0.323s] -- Up-to-date: /home/potato/RC_2026/install/rc26_perception/share/rc26_perception/local_setup.bash
[0.323s] -- Up-to-date: /home/potato/RC_2026/install/rc26_perception/share/rc26_perception/local_setup.sh
[0.323s] -- Up-to-date: /home/potato/RC_2026/install/rc26_perception/share/rc26_perception/local_setup.zsh
[0.323s] -- Up-to-date: /home/potato/RC_2026/install/rc26_perception/share/rc26_perception/local_setup.dsv
[0.323s] -- Installing: /home/potato/RC_2026/install/rc26_perception/share/rc26_perception/package.dsv
[0.323s] -- Up-to-date: /home/potato/RC_2026/install/rc26_perception/share/ament_index/resource_index/packages/rc26_perception
[0.323s] -- Up-to-date: /home/potato/RC_2026/install/rc26_perception/share/rc26_perception/cmake/export_rc26_perception__rosidl_generator_cExport.cmake
[0.323s] -- Up-to-date: /home/potato/RC_2026/install/rc26_perception/share/rc26_perception/cmake/export_rc26_perception__rosidl_generator_cExport-noconfig.cmake
[0.323s] -- Up-to-date: /home/potato/RC_2026/install/rc26_perception/share/rc26_perception/cmake/export_rc26_perception__rosidl_typesupport_fastrtps_cExport.cmake
[0.323s] -- Up-to-date: /home/potato/RC_2026/install/rc26_perception/share/rc26_perception/cmake/export_rc26_perception__rosidl_typesupport_fastrtps_cExport-noconfig.cmake
[0.323s] -- Up-to-date: /home/potato/RC_2026/install/rc26_perception/share/rc26_perception/cmake/export_rc26_perception__rosidl_generator_cppExport.cmake
[0.323s] -- Up-to-date: /home/potato/RC_2026/install/rc26_perception/share/rc26_perception/cmake/export_rc26_perception__rosidl_typesupport_fastrtps_cppExport.cmake
[0.323s] -- Up-to-date: /home/potato/RC_2026/install/rc26_perception/share/rc26_perception/cmake/export_rc26_perception__rosidl_typesupport_fastrtps_cppExport-noconfig.cmake
[0.323s] -- Up-to-date: /home/potato/RC_2026/install/rc26_perception/share/rc26_perception/cmake/rc26_perception__rosidl_typesupport_introspection_cExport.cmake
[0.323s] -- Up-to-date: /home/potato/RC_2026/install/rc26_perception/share/rc26_perception/cmake/rc26_perception__rosidl_typesupport_introspection_cExport-noconfig.cmake
[0.323s] -- Up-to-date: /home/potato/RC_2026/install/rc26_perception/share/rc26_perception/cmake/rc26_perception__rosidl_typesupport_cExport.cmake
[0.323s] -- Up-to-date: /home/potato/RC_2026/install/rc26_perception/share/rc26_perception/cmake/rc26_perception__rosidl_typesupport_cExport-noconfig.cmake
[0.323s] -- Up-to-date: /home/potato/RC_2026/install/rc26_perception/share/rc26_perception/cmake/rc26_perception__rosidl_typesupport_introspection_cppExport.cmake
[0.323s] -- Up-to-date: /home/potato/RC_2026/install/rc26_perception/share/rc26_perception/cmake/rc26_perception__rosidl_typesupport_introspection_cppExport-noconfig.cmake
[0.324s] -- Up-to-date: /home/potato/RC_2026/install/rc26_perception/share/rc26_perception/cmake/rc26_perception__rosidl_typesupport_cppExport.cmake
[0.324s] -- Up-to-date: /home/potato/RC_2026/install/rc26_perception/share/rc26_perception/cmake/rc26_perception__rosidl_typesupport_cppExport-noconfig.cmake
[0.324s] -- Up-to-date: /home/potato/RC_2026/install/rc26_perception/share/rc26_perception/cmake/export_rc26_perception__rosidl_generator_pyExport.cmake
[0.324s] -- Up-to-date: /home/potato/RC_2026/install/rc26_perception/share/rc26_perception/cmake/export_rc26_perception__rosidl_generator_pyExport-noconfig.cmake
[0.324s] -- Up-to-date: /home/potato/RC_2026/install/rc26_perception/share/rc26_perception/cmake/rosidl_cmake-extras.cmake
[0.324s] -- Up-to-date: /home/potato/RC_2026/install/rc26_perception/share/rc26_perception/cmake/ament_cmake_export_dependencies-extras.cmake
[0.324s] -- Up-to-date: /home/potato/RC_2026/install/rc26_perception/share/rc26_perception/cmake/ament_cmake_export_include_directories-extras.cmake
[0.324s] -- Up-to-date: /home/potato/RC_2026/install/rc26_perception/share/rc26_perception/cmake/ament_cmake_export_libraries-extras.cmake
[0.324s] -- Up-to-date: /home/potato/RC_2026/install/rc26_perception/share/rc26_perception/cmake/ament_cmake_export_targets-extras.cmake
[0.324s] -- Up-to-date: /home/potato/RC_2026/install/rc26_perception/share/rc26_perception/cmake/rosidl_cmake_export_typesupport_targets-extras.cmake
[0.324s] -- Up-to-date: /home/potato/RC_2026/install/rc26_perception/share/rc26_perception/cmake/rosidl_cmake_export_typesupport_libraries-extras.cmake
[0.324s] -- Up-to-date: /home/potato/RC_2026/install/rc26_perception/share/rc26_perception/cmake/rc26_perceptionConfig.cmake
[0.324s] -- Up-to-date: /home/potato/RC_2026/install/rc26_perception/share/rc26_perception/cmake/rc26_perceptionConfig-version.cmake
[0.324s] -- Up-to-date: /home/potato/RC_2026/install/rc26_perception/share/rc26_perception/package.xml
[0.325s] Invoked command in '/home/potato/RC_2026/build/rc26_perception' returned '0': /usr/bin/cmake --install /home/potato/RC_2026/build/rc26_perception
