[0.006s] Invoking command in '/home/potato/RC_2026/build/rc26_localization': /usr/bin/cmake /home/potato/RC_2026/RC_2026_1/rc26_localization -DCMAKE_INSTALL_PREFIX=/home/potato/RC_2026/install/rc26_localization
[0.128s] -- The C compiler identification is GNU 11.4.0
[0.188s] -- The CXX compiler identification is GNU 11.4.0
[0.198s] -- Detecting C compiler ABI info
[0.280s] -- Detecting C compiler ABI info - done
[0.290s] -- Check for working C compiler: /usr/bin/cc - skipped
[0.290s] -- Detecting C compile features
[0.291s] -- Detecting C compile features - done
[0.295s] -- Detecting CXX compiler ABI info
[0.383s] -- Detecting CXX compiler ABI info - done
[0.388s] -- Check for working CXX compiler: /usr/bin/c++ - skipped
[0.388s] -- Detecting CXX compile features
[0.388s] -- Detecting CXX compile features - done
[0.391s] -- Found ament_cmake_auto: 1.3.12 (/opt/ros/humble/share/ament_cmake_auto/cmake)
[0.559s] -- Found Python3: /usr/bin/python3 (found version "3.10.12") found components: Interpreter 
[0.907s] -- Found OpenMP_C: -fopenmp (found version "4.5") 
[1.001s] -- Found OpenMP_CXX: -fopenmp (found version "4.5") 
[1.001s] -- Found OpenMP: TRUE (found version "4.5")  
[1.017s] -- Checking for module 'eigen3'
[1.031s] --   Found eigen3, version 3.4.0
[1.062s] -- Found Eigen: /usr/include/eigen3 (Required is at least version "3.1") 
[1.063s] -- Eigen found (include: /usr/include/eigen3, version: 3.4.0)
[1.104s] -- Checking for module 'flann'
[1.117s] --   Found flann, version 1.9.1
[1.159s] -- Found FLANN: /usr/lib/x86_64-linux-gnu/libflann_cpp.so  
[1.159s] -- FLANN found (include: /usr/include, lib: /usr/lib/x86_64-linux-gnu/libflann_cpp.so)
[1.160s] -- Found PCL_COMMON: /usr/lib/x86_64-linux-gnu/libpcl_common.so  
[1.161s] -- Found PCL_OCTREE: /usr/lib/x86_64-linux-gnu/libpcl_octree.so  
[1.161s] -- Found PCL_SEARCH: /usr/lib/x86_64-linux-gnu/libpcl_search.so  
[1.162s] -- Found PCL_SAMPLE_CONSENSUS: /usr/lib/x86_64-linux-gnu/libpcl_sample_consensus.so  
[1.163s] -- Found PCL_FILTERS: /usr/lib/x86_64-linux-gnu/libpcl_filters.so  
[1.163s] -- Found PCL_KDTREE: /usr/lib/x86_64-linux-gnu/libpcl_kdtree.so  
[1.250s] -- Found rosidl_generator_c: 3.1.7 (/opt/ros/humble/share/rosidl_generator_c/cmake)
[1.254s] -- Found rosidl_adapter: 3.1.7 (/opt/ros/humble/share/rosidl_adapter/cmake)
[1.261s] -- Found rosidl_generator_cpp: 3.1.7 (/opt/ros/humble/share/rosidl_generator_cpp/cmake)
[1.272s] -- Using all available rosidl_typesupport_c: rosidl_typesupport_fastrtps_c;rosidl_typesupport_introspection_c
[1.286s] -- Using all available rosidl_typesupport_cpp: rosidl_typesupport_fastrtps_cpp;rosidl_typesupport_introspection_cpp
[1.326s] -- Found rmw_implementation_cmake: 6.1.2 (/opt/ros/humble/share/rmw_implementation_cmake/cmake)
[1.329s] -- Found rmw_fastrtps_cpp: 6.2.9 (/opt/ros/humble/share/rmw_fastrtps_cpp/cmake)
[1.408s] -- Found OpenSSL: /usr/lib/x86_64-linux-gnu/libcrypto.so (found version "3.0.2")  
[1.428s] -- Found FastRTPS: /opt/ros/humble/include  
[1.464s] -- Using RMW implementation 'rmw_fastrtps_cpp' as default
[1.472s] -- Looking for pthread.h
[1.535s] -- Looking for pthread.h - found
[1.535s] -- Performing Test CMAKE_HAVE_LIBC_PTHREAD
[1.594s] -- Performing Test CMAKE_HAVE_LIBC_PTHREAD - Success
[1.595s] -- Found Threads: TRUE  
[1.792s] -- Found OpenMP_C: -fopenmp (found version "4.5") 
[1.792s] -- Found OpenMP_CXX: -fopenmp (found version "4.5") 
[2.598s] -- Checking for module 'libusb-1.0'
[2.610s] --   Found libusb-1.0, version 1.0.25
[2.641s] -- Found libusb: /usr/lib/x86_64-linux-gnu/libusb-1.0.so  
[2.642s] -- OpenNI found (version: 1.5.4.0, include: /usr/include/ni, lib: /usr/lib/libOpenNI.so;libusb::libusb)
[2.691s] -- OpenNI2 found (version: 2.2.0.33, include: /usr/include/openni2, lib: /usr/lib/x86_64-linux-gnu/libOpenNI2.so;libusb::libusb)
[2.801s] -- Eigen found (include: /usr/include/eigen3, version: 3.4.0)
[2.806s] -- OpenNI found (version: 1.5.4.0, include: /usr/include/ni, lib: /usr/lib/libOpenNI.so;libusb::libusb)
[2.811s] -- OpenNI2 found (version: 2.2.0.33, include: /usr/include/openni2, lib: /usr/lib/x86_64-linux-gnu/libOpenNI2.so;libusb::libusb)
[2.918s] -- Found Qhull version 8.0.2
[3.028s] -- OpenNI found (version: 1.5.4.0, include: /usr/include/ni, lib: /usr/lib/libOpenNI.so;libusb::libusb)
[3.129s] -- Found PCL_2D: /usr/include/pcl-1.12  
[3.129s] -- Found PCL_GEOMETRY: /usr/include/pcl-1.12  
[3.130s] -- Found PCL_IO: /usr/lib/x86_64-linux-gnu/libpcl_io.so  
[3.131s] -- Found PCL_FEATURES: /usr/lib/x86_64-linux-gnu/libpcl_features.so  
[3.131s] -- Found PCL_ML: /usr/lib/x86_64-linux-gnu/libpcl_ml.so  
[3.132s] -- Found PCL_SEGMENTATION: /usr/lib/x86_64-linux-gnu/libpcl_segmentation.so  
[3.133s] -- Found PCL_VISUALIZATION: /usr/lib/x86_64-linux-gnu/libpcl_visualization.so  
[3.133s] -- Found PCL_SURFACE: /usr/lib/x86_64-linux-gnu/libpcl_surface.so  
[3.134s] -- Found PCL_REGISTRATION: /usr/lib/x86_64-linux-gnu/libpcl_registration.so  
[3.135s] -- Found PCL_KEYPOINTS: /usr/lib/x86_64-linux-gnu/libpcl_keypoints.so  
[3.135s] -- Found PCL_TRACKING: /usr/lib/x86_64-linux-gnu/libpcl_tracking.so  
[3.136s] -- Found PCL_RECOGNITION: /usr/lib/x86_64-linux-gnu/libpcl_recognition.so  
[3.137s] -- Found PCL_STEREO: /usr/lib/x86_64-linux-gnu/libpcl_stereo.so  
[3.137s] -- Found PCL_APPS: /usr/lib/x86_64-linux-gnu/libpcl_apps.so  
[3.138s] -- Found PCL_IN_HAND_SCANNER: /usr/include/pcl-1.12  
[3.138s] -- Found PCL_MODELER: /usr/include/pcl-1.12  
[3.138s] -- Found PCL_POINT_CLOUD_EDITOR: /usr/include/pcl-1.12  
[3.139s] -- Found PCL_OUTOFCORE: /usr/lib/x86_64-linux-gnu/libpcl_outofcore.so  
[3.140s] -- Found PCL_PEOPLE: /usr/lib/x86_64-linux-gnu/libpcl_people.so  
[3.160s] -- Configuring done
[3.176s] -- Generating done
[3.181s] -- Build files have been written to: /home/potato/RC_2026/build/rc26_localization
[3.193s] Invoked command in '/home/potato/RC_2026/build/rc26_localization' returned '0': /usr/bin/cmake /home/potato/RC_2026/RC_2026_1/rc26_localization -DCMAKE_INSTALL_PREFIX=/home/potato/RC_2026/install/rc26_localization
[3.194s] Invoking command in '/home/potato/RC_2026/build/rc26_localization': /usr/bin/cmake --build /home/potato/RC_2026/build/rc26_localization -- -j28 -l28
[3.238s] [ 28%] [32mBuilding CXX object small_gicp/CMakeFiles/small_gicp.dir/src/small_gicp/registration/registration_helper.cpp.o[0m
[3.238s] [ 28%] [32mBuilding CXX object small_gicp/CMakeFiles/small_gicp.dir/src/small_gicp/registration/registration.cpp.o[0m
[3.238s] [ 42%] [32mBuilding CXX object CMakeFiles/rc26_localization_node.dir/rclcpp_components/node_main_rc26_localization_node.cpp.o[0m
[5.306s] [ 57%] [32m[1mLinking CXX executable rc26_localization_node[0m
[5.385s] [ 57%] Built target rc26_localization_node
[10.679s] [ 71%] [32m[1mLinking CXX shared library libsmall_gicp.so[0m
[10.740s] [ 71%] Built target small_gicp
[10.757s] [ 85%] [32mBuilding CXX object CMakeFiles/rc26_localization.dir/src/localization.cpp.o[0m
[46.186s] [100%] [32m[1mLinking CXX shared library librc26_localization.so[0m
[46.522s] [100%] Built target rc26_localization
[46.530s] Invoked command in '/home/potato/RC_2026/build/rc26_localization' returned '0': /usr/bin/cmake --build /home/potato/RC_2026/build/rc26_localization -- -j28 -l28
[46.532s] Invoking command in '/home/potato/RC_2026/build/rc26_localization': /usr/bin/cmake --install /home/potato/RC_2026/build/rc26_localization
[46.541s] -- Install configuration: "Release"
[46.541s] -- Installing: /home/potato/RC_2026/install/rc26_localization/include
[46.541s] -- Installing: /home/potato/RC_2026/install/rc26_localization/include/small_gicp
[46.542s] -- Installing: /home/potato/RC_2026/install/rc26_localization/include/small_gicp/factors
[46.542s] -- Installing: /home/potato/RC_2026/install/rc26_localization/include/small_gicp/factors/general_factor.hpp
[46.542s] -- Installing: /home/potato/RC_2026/install/rc26_localization/include/small_gicp/factors/robust_kernel.hpp
[46.542s] -- Installing: /home/potato/RC_2026/install/rc26_localization/include/small_gicp/factors/icp_factor.hpp
[46.542s] -- Installing: /home/potato/RC_2026/install/rc26_localization/include/small_gicp/factors/plane_icp_factor.hpp
[46.542s] -- Installing: /home/potato/RC_2026/install/rc26_localization/include/small_gicp/factors/gicp_factor.hpp
[46.542s] -- Installing: /home/potato/RC_2026/install/rc26_localization/include/small_gicp/points
[46.542s] -- Installing: /home/potato/RC_2026/install/rc26_localization/include/small_gicp/points/point_cloud.hpp
[46.542s] -- Installing: /home/potato/RC_2026/install/rc26_localization/include/small_gicp/points/traits.hpp
[46.542s] -- Installing: /home/potato/RC_2026/install/rc26_localization/include/small_gicp/points/eigen.hpp
[46.542s] -- Installing: /home/potato/RC_2026/install/rc26_localization/include/small_gicp/pcl
[46.542s] -- Installing: /home/potato/RC_2026/install/rc26_localization/include/small_gicp/pcl/pcl_registration_impl.hpp
[46.542s] -- Installing: /home/potato/RC_2026/install/rc26_localization/include/small_gicp/pcl/pcl_point_traits.hpp
[46.542s] -- Installing: /home/potato/RC_2026/install/rc26_localization/include/small_gicp/pcl/pcl_point.hpp
[46.542s] -- Installing: /home/potato/RC_2026/install/rc26_localization/include/small_gicp/pcl/pcl_proxy.hpp
[46.542s] -- Installing: /home/potato/RC_2026/install/rc26_localization/include/small_gicp/pcl/pcl_registration.hpp
[46.542s] -- Installing: /home/potato/RC_2026/install/rc26_localization/include/small_gicp/ann
[46.542s] -- Installing: /home/potato/RC_2026/install/rc26_localization/include/small_gicp/ann/flat_container.hpp
[46.542s] -- Installing: /home/potato/RC_2026/install/rc26_localization/include/small_gicp/ann/gaussian_voxelmap.hpp
[46.542s] -- Installing: /home/potato/RC_2026/install/rc26_localization/include/small_gicp/ann/kdtree_omp.hpp
[46.542s] -- Installing: /home/potato/RC_2026/install/rc26_localization/include/small_gicp/ann/kdtree.hpp
[46.542s] -- Installing: /home/potato/RC_2026/install/rc26_localization/include/small_gicp/ann/kdtree_tbb.hpp
[46.542s] -- Installing: /home/potato/RC_2026/install/rc26_localization/include/small_gicp/ann/traits.hpp
[46.542s] -- Installing: /home/potato/RC_2026/install/rc26_localization/include/small_gicp/ann/projection.hpp
[46.542s] -- Installing: /home/potato/RC_2026/install/rc26_localization/include/small_gicp/ann/incremental_voxelmap.hpp
[46.542s] -- Installing: /home/potato/RC_2026/install/rc26_localization/include/small_gicp/ann/projective_search.hpp
[46.543s] -- Installing: /home/potato/RC_2026/install/rc26_localization/include/small_gicp/ann/sequential_voxelmap_accessor.hpp
[46.543s] -- Installing: /home/potato/RC_2026/install/rc26_localization/include/small_gicp/ann/knn_result.hpp
[46.543s] -- Installing: /home/potato/RC_2026/install/rc26_localization/include/small_gicp/benchmark
[46.543s] -- Installing: /home/potato/RC_2026/install/rc26_localization/include/small_gicp/benchmark/benchmark.hpp
[46.543s] -- Installing: /home/potato/RC_2026/install/rc26_localization/include/small_gicp/benchmark/benchmark_odom.hpp
[46.543s] -- Installing: /home/potato/RC_2026/install/rc26_localization/include/small_gicp/benchmark/read_points.hpp
[46.543s] -- Installing: /home/potato/RC_2026/install/rc26_localization/include/small_gicp/registration
[46.543s] -- Installing: /home/potato/RC_2026/install/rc26_localization/include/small_gicp/registration/registration_result.hpp
[46.543s] -- Installing: /home/potato/RC_2026/install/rc26_localization/include/small_gicp/registration/reduction_omp.hpp
[46.543s] -- Installing: /home/potato/RC_2026/install/rc26_localization/include/small_gicp/registration/termination_criteria.hpp
[46.543s] -- Installing: /home/potato/RC_2026/install/rc26_localization/include/small_gicp/registration/reduction.hpp
[46.543s] -- Installing: /home/potato/RC_2026/install/rc26_localization/include/small_gicp/registration/reduction_tbb.hpp
[46.543s] -- Installing: /home/potato/RC_2026/install/rc26_localization/include/small_gicp/registration/registration_helper.hpp
[46.543s] -- Installing: /home/potato/RC_2026/install/rc26_localization/include/small_gicp/registration/optimizer.hpp
[46.543s] -- Installing: /home/potato/RC_2026/install/rc26_localization/include/small_gicp/registration/rejector.hpp
[46.543s] -- Installing: /home/potato/RC_2026/install/rc26_localization/include/small_gicp/registration/registration.hpp
[46.543s] -- Installing: /home/potato/RC_2026/install/rc26_localization/include/small_gicp/util
[46.544s] -- Installing: /home/potato/RC_2026/install/rc26_localization/include/small_gicp/util/normal_estimation_tbb.hpp
[46.544s] -- Installing: /home/potato/RC_2026/install/rc26_localization/include/small_gicp/util/downsampling_tbb.hpp
[46.544s] -- Installing: /home/potato/RC_2026/install/rc26_localization/include/small_gicp/util/sort_omp.hpp
[46.544s] -- Installing: /home/potato/RC_2026/install/rc26_localization/include/small_gicp/util/normal_estimation.hpp
[46.544s] -- Installing: /home/potato/RC_2026/install/rc26_localization/include/small_gicp/util/fast_floor.hpp
[46.544s] -- Installing: /home/potato/RC_2026/install/rc26_localization/include/small_gicp/util/lie.hpp
[46.544s] -- Installing: /home/potato/RC_2026/install/rc26_localization/include/small_gicp/util/downsampling.hpp
[46.544s] -- Installing: /home/potato/RC_2026/install/rc26_localization/include/small_gicp/util/downsampling_omp.hpp
[46.544s] -- Installing: /home/potato/RC_2026/install/rc26_localization/include/small_gicp/util/vector3i_hash.hpp
[46.544s] -- Installing: /home/potato/RC_2026/install/rc26_localization/include/small_gicp/util/sort_tbb.hpp
[46.544s] -- Installing: /home/potato/RC_2026/install/rc26_localization/include/small_gicp/util/normal_estimation_omp.hpp
[46.544s] -- Installing: /home/potato/RC_2026/install/rc26_localization/lib/libsmall_gicp.so
[46.545s] -- Installing: /home/potato/RC_2026/install/rc26_localization/lib/cmake/small_gicp/small_gicp-targets.cmake
[46.545s] -- Installing: /home/potato/RC_2026/install/rc26_localization/lib/cmake/small_gicp/small_gicp-targets-release.cmake
[46.545s] -- Installing: /home/potato/RC_2026/install/rc26_localization/lib/cmake/small_gicp/small_gicp-config.cmake
[46.545s] -- Installing: /home/potato/RC_2026/install/rc26_localization/lib/cmake/small_gicp/small_gicp-config-version.cmake
[46.545s] -- Installing: /home/potato/RC_2026/install/rc26_localization/lib/rc26_localization/rc26_localization_node
[46.545s] -- Set runtime path of "/home/potato/RC_2026/install/rc26_localization/lib/rc26_localization/rc26_localization_node" to ""
[46.546s] -- Installing: /home/potato/RC_2026/install/rc26_localization/include/rc26_localization
[46.546s] -- Installing: /home/potato/RC_2026/install/rc26_localization/include/rc26_localization/rc26_localization
[46.546s] -- Installing: /home/potato/RC_2026/install/rc26_localization/include/rc26_localization/rc26_localization/localization.hpp
[46.546s] -- Installing: /home/potato/RC_2026/install/rc26_localization/share/rc26_localization/environment/library_path.sh
[46.546s] -- Installing: /home/potato/RC_2026/install/rc26_localization/share/rc26_localization/environment/library_path.dsv
[46.546s] -- Installing: /home/potato/RC_2026/install/rc26_localization/lib/librc26_localization.so
[46.549s] -- Set runtime path of "/home/potato/RC_2026/install/rc26_localization/lib/librc26_localization.so" to ""
[46.549s] -- Installing: /home/potato/RC_2026/install/rc26_localization/share/rc26_localization/launch
[46.549s] -- Installing: /home/potato/RC_2026/install/rc26_localization/share/rc26_localization/launch/sentry_localization.launch.py
[46.549s] -- Installing: /home/potato/RC_2026/install/rc26_localization/share/ament_index/resource_index/package_run_dependencies/rc26_localization
[46.549s] -- Installing: /home/potato/RC_2026/install/rc26_localization/share/ament_index/resource_index/parent_prefix_path/rc26_localization
[46.549s] -- Installing: /home/potato/RC_2026/install/rc26_localization/share/rc26_localization/environment/ament_prefix_path.sh
[46.550s] -- Installing: /home/potato/RC_2026/install/rc26_localization/share/rc26_localization/environment/ament_prefix_path.dsv
[46.550s] -- Installing: /home/potato/RC_2026/install/rc26_localization/share/rc26_localization/environment/path.sh
[46.550s] -- Installing: /home/potato/RC_2026/install/rc26_localization/share/rc26_localization/environment/path.dsv
[46.550s] -- Installing: /home/potato/RC_2026/install/rc26_localization/share/rc26_localization/local_setup.bash
[46.550s] -- Installing: /home/potato/RC_2026/install/rc26_localization/share/rc26_localization/local_setup.sh
[46.550s] -- Installing: /home/potato/RC_2026/install/rc26_localization/share/rc26_localization/local_setup.zsh
[46.550s] -- Installing: /home/potato/RC_2026/install/rc26_localization/share/rc26_localization/local_setup.dsv
[46.550s] -- Installing: /home/potato/RC_2026/install/rc26_localization/share/rc26_localization/package.dsv
[46.550s] -- Installing: /home/potato/RC_2026/install/rc26_localization/share/ament_index/resource_index/packages/rc26_localization
[46.550s] -- Installing: /home/potato/RC_2026/install/rc26_localization/share/ament_index/resource_index/rclcpp_components/rc26_localization
[46.551s] -- Installing: /home/potato/RC_2026/install/rc26_localization/share/rc26_localization/cmake/ament_cmake_export_dependencies-extras.cmake
[46.551s] -- Installing: /home/potato/RC_2026/install/rc26_localization/share/rc26_localization/cmake/ament_cmake_export_include_directories-extras.cmake
[46.551s] -- Installing: /home/potato/RC_2026/install/rc26_localization/share/rc26_localization/cmake/ament_cmake_export_libraries-extras.cmake
[46.551s] -- Installing: /home/potato/RC_2026/install/rc26_localization/share/rc26_localization/cmake/rc26_localizationConfig.cmake
[46.551s] -- Installing: /home/potato/RC_2026/install/rc26_localization/share/rc26_localization/cmake/rc26_localizationConfig-version.cmake
[46.551s] -- Installing: /home/potato/RC_2026/install/rc26_localization/share/rc26_localization/package.xml
[46.553s] Invoked command in '/home/potato/RC_2026/build/rc26_localization' returned '0': /usr/bin/cmake --install /home/potato/RC_2026/build/rc26_localization
