[0.010s] Invoking command in '/home/potato/RC_2026/build/rc26_decision': AMENT_PREFIX_PATH=/home/potato/RC_2026/install/rc26_serial:${AMENT_PREFIX_PATH} CMAKE_PREFIX_PATH=/home/potato/RC_2026/install/rc26_serial:/opt/ros/humble:/opt/ros/humble LD_LIBRARY_PATH=/home/potato/RC_2026/install/rc26_serial/lib:${LD_LIBRARY_PATH} /usr/bin/cmake --build /home/potato/RC_2026/build/rc26_decision -- -j28 -l28
[0.070s] [ 21%] Built target rc26_decision_serial
[0.071s] [ 57%] Built target rc26_decision_nodes
[0.086s] Consolidate compiler generated dependencies of target decision_node
[0.094s] [ 68%] Built target serial_test0_node
[0.094s] [ 78%] Built target can_odom_test_node
[0.095s] [ 89%] Built target serial_test1_node
[0.096s] [ 94%] Building CXX object CMakeFiles/decision_node.dir/src/decision_node.cpp.o
[3.655s] [100%] Linking CXX executable decision_node
[3.970s] [100%] Built target decision_node
[3.980s] Invoked command in '/home/potato/RC_2026/build/rc26_decision' returned '0': AMENT_PREFIX_PATH=/home/potato/RC_2026/install/rc26_serial:${AMENT_PREFIX_PATH} CMAKE_PREFIX_PATH=/home/potato/RC_2026/install/rc26_serial:/opt/ros/humble:/opt/ros/humble LD_LIBRARY_PATH=/home/potato/RC_2026/install/rc26_serial/lib:${LD_LIBRARY_PATH} /usr/bin/cmake --build /home/potato/RC_2026/build/rc26_decision -- -j28 -l28
[3.989s] Invoking command in '/home/potato/RC_2026/build/rc26_decision': AMENT_PREFIX_PATH=/home/potato/RC_2026/install/rc26_serial:${AMENT_PREFIX_PATH} CMAKE_PREFIX_PATH=/home/potato/RC_2026/install/rc26_serial:/opt/ros/humble:/opt/ros/humble LD_LIBRARY_PATH=/home/potato/RC_2026/install/rc26_serial/lib:${LD_LIBRARY_PATH} /usr/bin/cmake --install /home/potato/RC_2026/build/rc26_decision
[3.996s] -- Install configuration: ""
[3.996s] -- Up-to-date: /home/potato/RC_2026/install/rc26_decision/include
[3.996s] -- Up-to-date: /home/potato/RC_2026/install/rc26_decision/include/rc26_decision
[3.996s] -- Up-to-date: /home/potato/RC_2026/install/rc26_decision/include/rc26_decision/combat_area.hpp
[3.996s] -- Up-to-date: /home/potato/RC_2026/install/rc26_decision/include/rc26_decision/navigation
[3.996s] -- Up-to-date: /home/potato/RC_2026/install/rc26_decision/include/rc26_decision/navigation/bt_navigate_waypoint.hpp
[3.996s] -- Up-to-date: /home/potato/RC_2026/install/rc26_decision/include/rc26_decision/navigation/waypoint_navigator.hpp
[3.996s] -- Up-to-date: /home/potato/RC_2026/install/rc26_decision/include/rc26_decision/navigation/waypoint_catalog.hpp
[3.996s] -- Up-to-date: /home/potato/RC_2026/install/rc26_decision/include/rc26_decision/mf_area.hpp
[3.996s] -- Up-to-date: /home/potato/RC_2026/install/rc26_decision/include/rc26_decision/mc_area.hpp
[3.996s] -- Up-to-date: /home/potato/RC_2026/install/rc26_decision/include/rc26_decision/gain_odom
[3.996s] -- Up-to-date: /home/potato/RC_2026/install/rc26_decision/include/rc26_decision/gain_odom/pose_sender.hpp
[3.996s] -- Up-to-date: /home/potato/RC_2026/install/rc26_decision/include/rc26_decision/gain_odom/wheel_odom_receiver.hpp
[3.997s] -- Up-to-date: /home/potato/RC_2026/install/rc26_decision/include/rc26_decision/gain_odom/can_odom.hpp
[3.997s] -- Up-to-date: /home/potato/RC_2026/install/rc26_decision/lib/librc26_decision_nodes.so
[3.997s] -- Up-to-date: /home/potato/RC_2026/install/rc26_decision/lib/librc26_decision_serial.so
[3.997s] -- Installing: /home/potato/RC_2026/install/rc26_decision/lib/rc26_decision/decision_node
[3.998s] -- Set runtime path of "/home/potato/RC_2026/install/rc26_decision/lib/rc26_decision/decision_node" to ""
[3.998s] -- Up-to-date: /home/potato/RC_2026/install/rc26_decision/lib/rc26_decision/serial_test0_node
[3.998s] -- Up-to-date: /home/potato/RC_2026/install/rc26_decision/lib/rc26_decision/serial_test1_node
[3.998s] -- Up-to-date: /home/potato/RC_2026/install/rc26_decision/lib/rc26_decision/can_odom_test_node
[3.998s] -- Up-to-date: /home/potato/RC_2026/install/rc26_decision/share/rc26_decision/behavior_trees
[3.998s] -- Up-to-date: /home/potato/RC_2026/install/rc26_decision/share/rc26_decision/behavior_trees/main_tree.xml
[3.998s] -- Up-to-date: /home/potato/RC_2026/install/rc26_decision/share/rc26_decision/launch
[3.998s] -- Up-to-date: /home/potato/RC_2026/install/rc26_decision/share/rc26_decision/launch/__pycache__
[3.998s] -- Up-to-date: /home/potato/RC_2026/install/rc26_decision/share/rc26_decision/launch/__pycache__/waypoint_patrol.launch.cpython-310.pyc
[3.998s] -- Up-to-date: /home/potato/RC_2026/install/rc26_decision/share/rc26_decision/launch/decision.launch.py
[3.998s] -- Up-to-date: /home/potato/RC_2026/install/rc26_decision/share/rc26_decision/config
[3.999s] -- Installing: /home/potato/RC_2026/install/rc26_decision/share/rc26_decision/config/decision_params.yaml
[3.999s] -- Up-to-date: /home/potato/RC_2026/install/rc26_decision/share/rc26_decision/environment/library_path.sh
[3.999s] -- Up-to-date: /home/potato/RC_2026/install/rc26_decision/share/rc26_decision/environment/library_path.dsv
[3.999s] -- Up-to-date: /home/potato/RC_2026/install/rc26_decision/share/ament_index/resource_index/package_run_dependencies/rc26_decision
[3.999s] -- Up-to-date: /home/potato/RC_2026/install/rc26_decision/share/ament_index/resource_index/parent_prefix_path/rc26_decision
[3.999s] -- Up-to-date: /home/potato/RC_2026/install/rc26_decision/share/rc26_decision/environment/ament_prefix_path.sh
[3.999s] -- Up-to-date: /home/potato/RC_2026/install/rc26_decision/share/rc26_decision/environment/ament_prefix_path.dsv
[3.999s] -- Up-to-date: /home/potato/RC_2026/install/rc26_decision/share/rc26_decision/environment/path.sh
[3.999s] -- Up-to-date: /home/potato/RC_2026/install/rc26_decision/share/rc26_decision/environment/path.dsv
[3.999s] -- Up-to-date: /home/potato/RC_2026/install/rc26_decision/share/rc26_decision/local_setup.bash
[3.999s] -- Up-to-date: /home/potato/RC_2026/install/rc26_decision/share/rc26_decision/local_setup.sh
[3.999s] -- Up-to-date: /home/potato/RC_2026/install/rc26_decision/share/rc26_decision/local_setup.zsh
[3.999s] -- Up-to-date: /home/potato/RC_2026/install/rc26_decision/share/rc26_decision/local_setup.dsv
[3.999s] -- Installing: /home/potato/RC_2026/install/rc26_decision/share/rc26_decision/package.dsv
[3.999s] -- Up-to-date: /home/potato/RC_2026/install/rc26_decision/share/ament_index/resource_index/packages/rc26_decision
[3.999s] -- Up-to-date: /home/potato/RC_2026/install/rc26_decision/share/rc26_decision/cmake/rc26_decisionTargetsExport.cmake
[3.999s] -- Up-to-date: /home/potato/RC_2026/install/rc26_decision/share/rc26_decision/cmake/rc26_decisionTargetsExport-noconfig.cmake
[3.999s] -- Up-to-date: /home/potato/RC_2026/install/rc26_decision/share/rc26_decision/cmake/ament_cmake_export_targets-extras.cmake
[3.999s] -- Up-to-date: /home/potato/RC_2026/install/rc26_decision/share/rc26_decision/cmake/ament_cmake_export_include_directories-extras.cmake
[3.999s] -- Up-to-date: /home/potato/RC_2026/install/rc26_decision/share/rc26_decision/cmake/ament_cmake_export_libraries-extras.cmake
[3.999s] -- Up-to-date: /home/potato/RC_2026/install/rc26_decision/share/rc26_decision/cmake/ament_cmake_export_dependencies-extras.cmake
[3.999s] -- Up-to-date: /home/potato/RC_2026/install/rc26_decision/share/rc26_decision/cmake/rc26_decisionConfig.cmake
[3.999s] -- Up-to-date: /home/potato/RC_2026/install/rc26_decision/share/rc26_decision/cmake/rc26_decisionConfig-version.cmake
[3.999s] -- Up-to-date: /home/potato/RC_2026/install/rc26_decision/share/rc26_decision/package.xml
[30.026s] Invoked command in '/home/potato/RC_2026/build/rc26_decision' returned '0': AMENT_PREFIX_PATH=/home/potato/RC_2026/install/rc26_serial:${AMENT_PREFIX_PATH} CMAKE_PREFIX_PATH=/home/potato/RC_2026/install/rc26_serial:/opt/ros/humble:/opt/ros/humble LD_LIBRARY_PATH=/home/potato/RC_2026/install/rc26_serial/lib:${LD_LIBRARY_PATH} /usr/bin/cmake --install /home/potato/RC_2026/build/rc26_decision
