-- The C compiler identification is GNU 11.4.0
-- The CXX compiler identification is GNU 11.4.0
-- Detecting C compiler ABI info
-- Detecting C compiler ABI info - done
-- Check for working C compiler: /usr/bin/cc - skipped
-- Detecting C compile features
-- Detecting C compile features - done
-- Detecting CXX compiler ABI info
-- Detecting CXX compiler ABI info - done
-- Check for working CXX compiler: /usr/bin/c++ - skipped
-- Detecting CXX compile features
-- Detecting CXX compile features - done
-- Found ament_cmake: 1.3.12 (/opt/ros/humble/share/ament_cmake/cmake)
-- Found Python3: /usr/bin/python3 (found version "3.10.12") found components: Interpreter 
-- Found rclcpp: 16.0.16 (/opt/ros/humble/share/rclcpp/cmake)
-- Found rosidl_generator_c: 3.1.7 (/opt/ros/humble/share/rosidl_generator_c/cmake)
-- Found rosidl_adapter: 3.1.7 (/opt/ros/humble/share/rosidl_adapter/cmake)
-- Found rosidl_generator_cpp: 3.1.7 (/opt/ros/humble/share/rosidl_generator_cpp/cmake)
-- Using all available rosidl_typesupport_c: rosidl_typesupport_fastrtps_c;rosidl_typesupport_introspection_c
-- Using all available rosidl_typesupport_cpp: rosidl_typesupport_fastrtps_cpp;rosidl_typesupport_introspection_cpp
-- Found rmw_implementation_cmake: 6.1.2 (/opt/ros/humble/share/rmw_implementation_cmake/cmake)
-- Found rmw_fastrtps_cpp: 6.2.9 (/opt/ros/humble/share/rmw_fastrtps_cpp/cmake)
-- Found OpenSSL: /usr/lib/x86_64-linux-gnu/libcrypto.so (found version "3.0.2")  
-- Found FastRTPS: /opt/ros/humble/include  
-- Using RMW implementation 'rmw_fastrtps_cpp' as default
-- Looking for pthread.h
-- Looking for pthread.h - found
-- Performing Test CMAKE_HAVE_LIBC_PTHREAD
-- Performing Test CMAKE_HAVE_LIBC_PTHREAD - Success
-- Found Threads: TRUE  
-- Configuring done
-- Generating done
-- Build files have been written to: /home/potato/RC_2026/build/rc26_serial
[ 50%] [32mBuilding CXX object CMakeFiles/serial_driver.dir/src/serial_driver.cpp.o[0m
[100%] [32m[1mLinking CXX shared library libserial_driver.so[0m
[100%] Built target serial_driver
-- Install configuration: ""
-- Installing: /home/potato/RC_2026/install/rc26_serial/include
-- Installing: /home/potato/RC_2026/install/rc26_serial/include/rc26_serial
-- Installing: /home/potato/RC_2026/install/rc26_serial/include/rc26_serial/protocol.hpp
-- Installing: /home/potato/RC_2026/install/rc26_serial/include/rc26_serial/serial_driver.hpp
-- Installing: /home/potato/RC_2026/install/rc26_serial/lib/libserial_driver.so
-- Set runtime path of "/home/potato/RC_2026/install/rc26_serial/lib/libserial_driver.so" to ""
-- Installing: /home/potato/RC_2026/install/rc26_serial/share/rc26_serial/environment/library_path.sh
-- Installing: /home/potato/RC_2026/install/rc26_serial/share/rc26_serial/environment/library_path.dsv
-- Installing: /home/potato/RC_2026/install/rc26_serial/share/ament_index/resource_index/package_run_dependencies/rc26_serial
-- Installing: /home/potato/RC_2026/install/rc26_serial/share/ament_index/resource_index/parent_prefix_path/rc26_serial
-- Installing: /home/potato/RC_2026/install/rc26_serial/share/rc26_serial/environment/ament_prefix_path.sh
-- Installing: /home/potato/RC_2026/install/rc26_serial/share/rc26_serial/environment/ament_prefix_path.dsv
-- Installing: /home/potato/RC_2026/install/rc26_serial/share/rc26_serial/environment/path.sh
-- Installing: /home/potato/RC_2026/install/rc26_serial/share/rc26_serial/environment/path.dsv
-- Installing: /home/potato/RC_2026/install/rc26_serial/share/rc26_serial/local_setup.bash
-- Installing: /home/potato/RC_2026/install/rc26_serial/share/rc26_serial/local_setup.sh
-- Installing: /home/potato/RC_2026/install/rc26_serial/share/rc26_serial/local_setup.zsh
-- Installing: /home/potato/RC_2026/install/rc26_serial/share/rc26_serial/local_setup.dsv
-- Installing: /home/potato/RC_2026/install/rc26_serial/share/rc26_serial/package.dsv
-- Installing: /home/potato/RC_2026/install/rc26_serial/share/ament_index/resource_index/packages/rc26_serial
-- Installing: /home/potato/RC_2026/install/rc26_serial/share/rc26_serial/cmake/serialTargetsExport.cmake
-- Installing: /home/potato/RC_2026/install/rc26_serial/share/rc26_serial/cmake/serialTargetsExport-noconfig.cmake
-- Installing: /home/potato/RC_2026/install/rc26_serial/share/rc26_serial/cmake/ament_cmake_export_targets-extras.cmake
-- Installing: /home/potato/RC_2026/install/rc26_serial/share/rc26_serial/cmake/ament_cmake_export_include_directories-extras.cmake
-- Installing: /home/potato/RC_2026/install/rc26_serial/share/rc26_serial/cmake/ament_cmake_export_libraries-extras.cmake
-- Installing: /home/potato/RC_2026/install/rc26_serial/share/rc26_serial/cmake/ament_cmake_export_dependencies-extras.cmake
-- Installing: /home/potato/RC_2026/install/rc26_serial/share/rc26_serial/cmake/rc26_serialConfig.cmake
-- Installing: /home/potato/RC_2026/install/rc26_serial/share/rc26_serial/cmake/rc26_serialConfig-version.cmake
-- Installing: /home/potato/RC_2026/install/rc26_serial/share/rc26_serial/package.xml
