[0.008s] Invoking command in '/home/potato/RC_2026/build/rc26_serial': /usr/bin/cmake /home/potato/RC_2026/RC_2026_1/rc26_serial -DCMAKE_INSTALL_PREFIX=/home/potato/RC_2026/install/rc26_serial
[0.121s] -- The C compiler identification is GNU 11.4.0
[0.206s] -- The CXX compiler identification is GNU 11.4.0
[0.214s] -- Detecting C compiler ABI info
[0.271s] -- Detecting C compiler ABI info - done
[0.276s] -- Check for working C compiler: /usr/bin/cc - skipped
[0.276s] -- Detecting C compile features
[0.277s] -- Detecting C compile features - done
[0.279s] -- Detecting CXX compiler ABI info
[0.348s] -- Detecting CXX compiler ABI info - done
[0.355s] -- Check for working CXX compiler: /usr/bin/c++ - skipped
[0.355s] -- Detecting CXX compile features
[0.355s] -- Detecting CXX compile features - done
[0.363s] -- Found ament_cmake: 1.3.12 (/opt/ros/humble/share/ament_cmake/cmake)
[0.503s] -- Found Python3: /usr/bin/python3 (found version "3.10.12") found components: Interpreter 
[0.577s] -- Found rclcpp: 16.0.16 (/opt/ros/humble/share/rclcpp/cmake)
[0.628s] -- Found rosidl_generator_c: 3.1.7 (/opt/ros/humble/share/rosidl_generator_c/cmake)
[0.632s] -- Found rosidl_adapter: 3.1.7 (/opt/ros/humble/share/rosidl_adapter/cmake)
[0.640s] -- Found rosidl_generator_cpp: 3.1.7 (/opt/ros/humble/share/rosidl_generator_cpp/cmake)
[0.651s] -- Using all available rosidl_typesupport_c: rosidl_typesupport_fastrtps_c;rosidl_typesupport_introspection_c
[0.666s] -- Using all available rosidl_typesupport_cpp: rosidl_typesupport_fastrtps_cpp;rosidl_typesupport_introspection_cpp
[0.705s] -- Found rmw_implementation_cmake: 6.1.2 (/opt/ros/humble/share/rmw_implementation_cmake/cmake)
[0.707s] -- Found rmw_fastrtps_cpp: 6.2.9 (/opt/ros/humble/share/rmw_fastrtps_cpp/cmake)
[0.790s] -- Found OpenSSL: /usr/lib/x86_64-linux-gnu/libcrypto.so (found version "3.0.2")  
[0.813s] -- Found FastRTPS: /opt/ros/humble/include  
[0.852s] -- Using RMW implementation 'rmw_fastrtps_cpp' as default
[0.864s] -- Looking for pthread.h
[0.941s] -- Looking for pthread.h - found
[0.941s] -- Performing Test CMAKE_HAVE_LIBC_PTHREAD
[1.022s] -- Performing Test CMAKE_HAVE_LIBC_PTHREAD - Success
[1.023s] -- Found Threads: TRUE  
[1.114s] -- Configuring done
[1.120s] -- Generating done
[1.122s] -- Build files have been written to: /home/potato/RC_2026/build/rc26_serial
[1.130s] Invoked command in '/home/potato/RC_2026/build/rc26_serial' returned '0': /usr/bin/cmake /home/potato/RC_2026/RC_2026_1/rc26_serial -DCMAKE_INSTALL_PREFIX=/home/potato/RC_2026/install/rc26_serial
[1.131s] Invoking command in '/home/potato/RC_2026/build/rc26_serial': /usr/bin/cmake --build /home/potato/RC_2026/build/rc26_serial -- -j28 -l28
[1.174s] [ 50%] [32mBuilding CXX object CMakeFiles/serial_driver.dir/src/serial_driver.cpp.o[0m
[3.046s] [100%] [32m[1mLinking CXX shared library libserial_driver.so[0m
[3.139s] [100%] Built target serial_driver
[3.148s] Invoked command in '/home/potato/RC_2026/build/rc26_serial' returned '0': /usr/bin/cmake --build /home/potato/RC_2026/build/rc26_serial -- -j28 -l28
[3.157s] Invoking command in '/home/potato/RC_2026/build/rc26_serial': /usr/bin/cmake --install /home/potato/RC_2026/build/rc26_serial
[3.161s] -- Install configuration: ""
[3.161s] -- Installing: /home/potato/RC_2026/install/rc26_serial/include
[3.161s] -- Installing: /home/potato/RC_2026/install/rc26_serial/include/rc26_serial
[3.161s] -- Installing: /home/potato/RC_2026/install/rc26_serial/include/rc26_serial/protocol.hpp
[3.161s] -- Installing: /home/potato/RC_2026/install/rc26_serial/include/rc26_serial/serial_driver.hpp
[3.161s] -- Installing: /home/potato/RC_2026/install/rc26_serial/lib/libserial_driver.so
[3.161s] -- Set runtime path of "/home/potato/RC_2026/install/rc26_serial/lib/libserial_driver.so" to ""
[3.161s] -- Installing: /home/potato/RC_2026/install/rc26_serial/share/rc26_serial/environment/library_path.sh
[3.162s] -- Installing: /home/potato/RC_2026/install/rc26_serial/share/rc26_serial/environment/library_path.dsv
[3.162s] -- Installing: /home/potato/RC_2026/install/rc26_serial/share/ament_index/resource_index/package_run_dependencies/rc26_serial
[3.162s] -- Installing: /home/potato/RC_2026/install/rc26_serial/share/ament_index/resource_index/parent_prefix_path/rc26_serial
[3.162s] -- Installing: /home/potato/RC_2026/install/rc26_serial/share/rc26_serial/environment/ament_prefix_path.sh
[3.162s] -- Installing: /home/potato/RC_2026/install/rc26_serial/share/rc26_serial/environment/ament_prefix_path.dsv
[3.162s] -- Installing: /home/potato/RC_2026/install/rc26_serial/share/rc26_serial/environment/path.sh
[3.162s] -- Installing: /home/potato/RC_2026/install/rc26_serial/share/rc26_serial/environment/path.dsv
[3.162s] -- Installing: /home/potato/RC_2026/install/rc26_serial/share/rc26_serial/local_setup.bash
[3.162s] -- Installing: /home/potato/RC_2026/install/rc26_serial/share/rc26_serial/local_setup.sh
[3.162s] -- Installing: /home/potato/RC_2026/install/rc26_serial/share/rc26_serial/local_setup.zsh
[3.162s] -- Installing: /home/potato/RC_2026/install/rc26_serial/share/rc26_serial/local_setup.dsv
[3.162s] -- Installing: /home/potato/RC_2026/install/rc26_serial/share/rc26_serial/package.dsv
[3.162s] -- Installing: /home/potato/RC_2026/install/rc26_serial/share/ament_index/resource_index/packages/rc26_serial
[3.163s] -- Installing: /home/potato/RC_2026/install/rc26_serial/share/rc26_serial/cmake/serialTargetsExport.cmake
[3.163s] -- Installing: /home/potato/RC_2026/install/rc26_serial/share/rc26_serial/cmake/serialTargetsExport-noconfig.cmake
[3.163s] -- Installing: /home/potato/RC_2026/install/rc26_serial/share/rc26_serial/cmake/ament_cmake_export_targets-extras.cmake
[3.163s] -- Installing: /home/potato/RC_2026/install/rc26_serial/share/rc26_serial/cmake/ament_cmake_export_include_directories-extras.cmake
[3.163s] -- Installing: /home/potato/RC_2026/install/rc26_serial/share/rc26_serial/cmake/ament_cmake_export_libraries-extras.cmake
[3.163s] -- Installing: /home/potato/RC_2026/install/rc26_serial/share/rc26_serial/cmake/ament_cmake_export_dependencies-extras.cmake
[3.163s] -- Installing: /home/potato/RC_2026/install/rc26_serial/share/rc26_serial/cmake/rc26_serialConfig.cmake
[3.163s] -- Installing: /home/potato/RC_2026/install/rc26_serial/share/rc26_serial/cmake/rc26_serialConfig-version.cmake
[3.163s] -- Installing: /home/potato/RC_2026/install/rc26_serial/share/rc26_serial/package.xml
[3.164s] Invoked command in '/home/potato/RC_2026/build/rc26_serial' returned '0': /usr/bin/cmake --install /home/potato/RC_2026/build/rc26_serial
