[0.032s] Invoking command in '/home/potato/RC_2026/build/rc26_bringup': CMAKE_PREFIX_PATH=/home/potato/RC_2026/install/rc26_decision:/home/potato/RC_2026/install/rc26_serial:/home/potato/RC_2026/install/rc26_sensor_scan:/home/potato/RC_2026/install/rc26_perception:/home/potato/RC_2026/install/rc26_omni_controller:/home/potato/RC_2026/install/rc26_odom_interface:/home/potato/RC_2026/install/rc26_localization:/home/potato/RC_2026/install/point_lio:/home/potato/RC_2026/install/mid360_driver:/home/potato/RC_2026/install/small_gicp:/home/potato/RC_2026/install/rc26_merge_odom:/home/potato/RC_2026/install/rc26_bringup:/opt/ros/humble:/opt/ros/humble LD_LIBRARY_PATH=/home/potato/RC_2026/install/rc26_decision/lib:/home/potato/RC_2026/install/rc26_serial/lib:/home/potato/RC_2026/install/rc26_sensor_scan/lib:/home/potato/RC_2026/install/rc26_perception/lib:/home/potato/RC_2026/install/rc26_omni_controller/lib:/home/potato/RC_2026/install/rc26_odom_interface/lib:/home/potato/RC_2026/install/rc26_localization/lib:/home/potato/RC_2026/install/mid360_driver/lib:/home/potato/RC_2026/install/small_gicp/lib:/home/potato/RC_2026/install/rc26_merge_odom/lib:/usr/local/lib:/usr/local/cuda/lib64:/usr/local/lib:/lib64:/usr/lib/x86_64-linux-gnu/gazebo-11/plugins:/opt/ros/humble/opt/rviz_ogre_vendor/lib:/opt/ros/humble/lib/x86_64-linux-gnu:/opt/ros/humble/opt/openvdb_vendor/lib:/opt/ros/humble/lib /usr/bin/cmake --build /home/potato/RC_2026/build/rc26_bringup -- -j28 -l28
[0.069s] Invoked command in '/home/potato/RC_2026/build/rc26_bringup' returned '0': CMAKE_PREFIX_PATH=/home/potato/RC_2026/install/rc26_decision:/home/potato/RC_2026/install/rc26_serial:/home/potato/RC_2026/install/rc26_sensor_scan:/home/potato/RC_2026/install/rc26_perception:/home/potato/RC_2026/install/rc26_omni_controller:/home/potato/RC_2026/install/rc26_odom_interface:/home/potato/RC_2026/install/rc26_localization:/home/potato/RC_2026/install/point_lio:/home/potato/RC_2026/install/mid360_driver:/home/potato/RC_2026/install/small_gicp:/home/potato/RC_2026/install/rc26_merge_odom:/home/potato/RC_2026/install/rc26_bringup:/opt/ros/humble:/opt/ros/humble LD_LIBRARY_PATH=/home/potato/RC_2026/install/rc26_decision/lib:/home/potato/RC_2026/install/rc26_serial/lib:/home/potato/RC_2026/install/rc26_sensor_scan/lib:/home/potato/RC_2026/install/rc26_perception/lib:/home/potato/RC_2026/install/rc26_omni_controller/lib:/home/potato/RC_2026/install/rc26_odom_interface/lib:/home/potato/RC_2026/install/rc26_localization/lib:/home/potato/RC_2026/install/mid360_driver/lib:/home/potato/RC_2026/install/small_gicp/lib:/home/potato/RC_2026/install/rc26_merge_odom/lib:/usr/local/lib:/usr/local/cuda/lib64:/usr/local/lib:/lib64:/usr/lib/x86_64-linux-gnu/gazebo-11/plugins:/opt/ros/humble/opt/rviz_ogre_vendor/lib:/opt/ros/humble/lib/x86_64-linux-gnu:/opt/ros/humble/opt/openvdb_vendor/lib:/opt/ros/humble/lib /usr/bin/cmake --build /home/potato/RC_2026/build/rc26_bringup -- -j28 -l28
[0.071s] Invoking command in '/home/potato/RC_2026/build/rc26_bringup': CMAKE_PREFIX_PATH=/home/potato/RC_2026/install/rc26_decision:/home/potato/RC_2026/install/rc26_serial:/home/potato/RC_2026/install/rc26_sensor_scan:/home/potato/RC_2026/install/rc26_perception:/home/potato/RC_2026/install/rc26_omni_controller:/home/potato/RC_2026/install/rc26_odom_interface:/home/potato/RC_2026/install/rc26_localization:/home/potato/RC_2026/install/point_lio:/home/potato/RC_2026/install/mid360_driver:/home/potato/RC_2026/install/small_gicp:/home/potato/RC_2026/install/rc26_merge_odom:/home/potato/RC_2026/install/rc26_bringup:/opt/ros/humble:/opt/ros/humble LD_LIBRARY_PATH=/home/potato/RC_2026/install/rc26_decision/lib:/home/potato/RC_2026/install/rc26_serial/lib:/home/potato/RC_2026/install/rc26_sensor_scan/lib:/home/potato/RC_2026/install/rc26_perception/lib:/home/potato/RC_2026/install/rc26_omni_controller/lib:/home/potato/RC_2026/install/rc26_odom_interface/lib:/home/potato/RC_2026/install/rc26_localization/lib:/home/potato/RC_2026/install/mid360_driver/lib:/home/potato/RC_2026/install/small_gicp/lib:/home/potato/RC_2026/install/rc26_merge_odom/lib:/usr/local/lib:/usr/local/cuda/lib64:/usr/local/lib:/lib64:/usr/lib/x86_64-linux-gnu/gazebo-11/plugins:/opt/ros/humble/opt/rviz_ogre_vendor/lib:/opt/ros/humble/lib/x86_64-linux-gnu:/opt/ros/humble/opt/openvdb_vendor/lib:/opt/ros/humble/lib /usr/bin/cmake --install /home/potato/RC_2026/build/rc26_bringup
[0.079s] -- Install configuration: ""
[0.079s] -- Up-to-date: /home/potato/RC_2026/install/rc26_bringup/share/rc26_bringup/launch
[0.079s] -- Up-to-date: /home/potato/RC_2026/install/rc26_bringup/share/rc26_bringup/launch/test_omni_controller.launch.py
[0.079s] -- Up-to-date: /home/potato/RC_2026/install/rc26_bringup/share/rc26_bringup/launch/test_serial_comm.launch.py
[0.079s] -- Up-to-date: /home/potato/RC_2026/install/rc26_bringup/share/rc26_bringup/launch/test_odometry_chain.launch.py
[0.079s] -- Up-to-date: /home/potato/RC_2026/install/rc26_bringup/share/rc26_bringup/launch/odometry.launch.py
[0.079s] -- Up-to-date: /home/potato/RC_2026/install/rc26_bringup/share/rc26_bringup/launch/__pycache__
[0.079s] -- Up-to-date: /home/potato/RC_2026/install/rc26_bringup/share/rc26_bringup/launch/__pycache__/bringup.launch.cpython-310.pyc
[0.079s] -- Up-to-date: /home/potato/RC_2026/install/rc26_bringup/share/rc26_bringup/launch/test_odom_interface.launch.py
[0.079s] -- Up-to-date: /home/potato/RC_2026/install/rc26_bringup/share/rc26_bringup/launch/test_perception.launch.py
[0.079s] -- Up-to-date: /home/potato/RC_2026/install/rc26_bringup/share/rc26_bringup/launch/test_sensor_scan.launch.py
[0.079s] -- Up-to-date: /home/potato/RC_2026/install/rc26_bringup/share/rc26_bringup/launch/bringup.launch.py
[0.079s] -- Up-to-date: /home/potato/RC_2026/install/rc26_bringup/share/rc26_bringup/launch/test_localization.launch.py
[0.079s] -- Up-to-date: /home/potato/RC_2026/install/rc26_bringup/share/rc26_bringup/launch/test_decision.launch.py
[0.080s] -- Up-to-date: /home/potato/RC_2026/install/rc26_bringup/share/rc26_bringup/launch/localization.launch.py
[0.080s] -- Up-to-date: /home/potato/RC_2026/install/rc26_bringup/share/rc26_bringup/config
[0.080s] -- Up-to-date: /home/potato/RC_2026/install/rc26_bringup/share/rc26_bringup/config/sensor_scan_generation.yaml
[0.080s] -- Up-to-date: /home/potato/RC_2026/install/rc26_bringup/share/rc26_bringup/config/decision_blue.yaml
[0.080s] -- Up-to-date: /home/potato/RC_2026/install/rc26_bringup/share/rc26_bringup/config/localization.yaml
[0.080s] -- Up-to-date: /home/potato/RC_2026/install/rc26_bringup/share/rc26_bringup/config/odom_interface.yaml
[0.080s] -- Up-to-date: /home/potato/RC_2026/install/rc26_bringup/share/rc26_bringup/config/nav2_params.yaml
[0.081s] -- Up-to-date: /home/potato/RC_2026/install/rc26_bringup/share/rc26_bringup/config/decision_red.yaml
[0.081s] -- Up-to-date: /home/potato/RC_2026/install/rc26_bringup/share/rc26_bringup/config/decision.yaml
[0.081s] -- Up-to-date: /home/potato/RC_2026/install/rc26_bringup/share/rc26_bringup/map
[0.081s] -- Up-to-date: /home/potato/RC_2026/install/rc26_bringup/share/rc26_bringup/map/.gitkeep
[0.081s] -- Up-to-date: /home/potato/RC_2026/install/rc26_bringup/share/rc26_bringup/map/default.yaml
[0.081s] -- Up-to-date: /home/potato/RC_2026/install/rc26_bringup/share/rc26_bringup/map/default.pgm
[0.081s] -- Up-to-date: /home/potato/RC_2026/install/rc26_bringup/share/rc26_bringup/pcd
[0.081s] -- Up-to-date: /home/potato/RC_2026/install/rc26_bringup/share/rc26_bringup/pcd/README.md
[0.081s] -- Up-to-date: /home/potato/RC_2026/install/rc26_bringup/share/rc26_bringup/pcd/.gitkeep
[0.081s] -- Up-to-date: /home/potato/RC_2026/install/rc26_bringup/share/rc26_bringup/rviz
[0.081s] -- Up-to-date: /home/potato/RC_2026/install/rc26_bringup/share/rc26_bringup/rviz/slam.rviz
[0.081s] -- Up-to-date: /home/potato/RC_2026/install/rc26_bringup/share/rc26_bringup/rviz/.gitkeep
[0.082s] -- Up-to-date: /home/potato/RC_2026/install/rc26_bringup/share/rc26_bringup/rviz/nav2_default.rviz
[0.082s] -- Up-to-date: /home/potato/RC_2026/install/rc26_bringup/share/rc26_bringup/behavior_trees
[0.082s] -- Up-to-date: /home/potato/RC_2026/install/rc26_bringup/share/rc26_bringup/behavior_trees/.gitkeep
[0.082s] -- Up-to-date: /home/potato/RC_2026/install/rc26_bringup/share/rc26_bringup/behavior_trees/sentry_mission.xml
[0.082s] -- Up-to-date: /home/potato/RC_2026/install/rc26_bringup/share/ament_index/resource_index/package_run_dependencies/rc26_bringup
[0.082s] -- Up-to-date: /home/potato/RC_2026/install/rc26_bringup/share/ament_index/resource_index/parent_prefix_path/rc26_bringup
[0.082s] -- Up-to-date: /home/potato/RC_2026/install/rc26_bringup/share/rc26_bringup/environment/ament_prefix_path.sh
[0.082s] -- Up-to-date: /home/potato/RC_2026/install/rc26_bringup/share/rc26_bringup/environment/ament_prefix_path.dsv
[0.082s] -- Up-to-date: /home/potato/RC_2026/install/rc26_bringup/share/rc26_bringup/environment/path.sh
[0.082s] -- Up-to-date: /home/potato/RC_2026/install/rc26_bringup/share/rc26_bringup/environment/path.dsv
[0.082s] -- Up-to-date: /home/potato/RC_2026/install/rc26_bringup/share/rc26_bringup/local_setup.bash
[0.082s] -- Up-to-date: /home/potato/RC_2026/install/rc26_bringup/share/rc26_bringup/local_setup.sh
[0.082s] -- Up-to-date: /home/potato/RC_2026/install/rc26_bringup/share/rc26_bringup/local_setup.zsh
[0.082s] -- Up-to-date: /home/potato/RC_2026/install/rc26_bringup/share/rc26_bringup/local_setup.dsv
[0.082s] -- Installing: /home/potato/RC_2026/install/rc26_bringup/share/rc26_bringup/package.dsv
[0.082s] -- Up-to-date: /home/potato/RC_2026/install/rc26_bringup/share/ament_index/resource_index/packages/rc26_bringup
[0.082s] -- Up-to-date: /home/potato/RC_2026/install/rc26_bringup/share/rc26_bringup/cmake/rc26_bringupConfig.cmake
[0.082s] -- Up-to-date: /home/potato/RC_2026/install/rc26_bringup/share/rc26_bringup/cmake/rc26_bringupConfig-version.cmake
[0.082s] -- Up-to-date: /home/potato/RC_2026/install/rc26_bringup/share/rc26_bringup/package.xml
[0.084s] Invoked command in '/home/potato/RC_2026/build/rc26_bringup' returned '0': CMAKE_PREFIX_PATH=/home/potato/RC_2026/install/rc26_decision:/home/potato/RC_2026/install/rc26_serial:/home/potato/RC_2026/install/rc26_sensor_scan:/home/potato/RC_2026/install/rc26_perception:/home/potato/RC_2026/install/rc26_omni_controller:/home/potato/RC_2026/install/rc26_odom_interface:/home/potato/RC_2026/install/rc26_localization:/home/potato/RC_2026/install/point_lio:/home/potato/RC_2026/install/mid360_driver:/home/potato/RC_2026/install/small_gicp:/home/potato/RC_2026/install/rc26_merge_odom:/home/potato/RC_2026/install/rc26_bringup:/opt/ros/humble:/opt/ros/humble LD_LIBRARY_PATH=/home/potato/RC_2026/install/rc26_decision/lib:/home/potato/RC_2026/install/rc26_serial/lib:/home/potato/RC_2026/install/rc26_sensor_scan/lib:/home/potato/RC_2026/install/rc26_perception/lib:/home/potato/RC_2026/install/rc26_omni_controller/lib:/home/potato/RC_2026/install/rc26_odom_interface/lib:/home/potato/RC_2026/install/rc26_localization/lib:/home/potato/RC_2026/install/mid360_driver/lib:/home/potato/RC_2026/install/small_gicp/lib:/home/potato/RC_2026/install/rc26_merge_odom/lib:/usr/local/lib:/usr/local/cuda/lib64:/usr/local/lib:/lib64:/usr/lib/x86_64-linux-gnu/gazebo-11/plugins:/opt/ros/humble/opt/rviz_ogre_vendor/lib:/opt/ros/humble/lib/x86_64-linux-gnu:/opt/ros/humble/opt/openvdb_vendor/lib:/opt/ros/humble/lib /usr/bin/cmake --install /home/potato/RC_2026/build/rc26_bringup
