[35m[1mConsolidate compiler generated dependencies of target rc26_odom_interface_node[0m
[35m[1mConsolidate compiler generated dependencies of target rc26_odom_interface[0m
[ 50%] Built target rc26_odom_interface_node
[ 75%] [32mBuilding CXX object CMakeFiles/rc26_odom_interface.dir/src/odom_interface.cpp.o[0m
[100%] [32m[1mLinking CXX shared library librc26_odom_interface.so[0m
[100%] Built target rc26_odom_interface
-- Install configuration: ""
-- Up-to-date: /home/potato/RC_2026/install/rc26_odom_interface/lib/rc26_odom_interface/rc26_odom_interface_node
-- Up-to-date: /home/potato/RC_2026/install/rc26_odom_interface/include/rc26_odom_interface
-- Up-to-date: /home/potato/RC_2026/install/rc26_odom_interface/include/rc26_odom_interface/rc26_odom_interface
-- Installing: /home/potato/RC_2026/install/rc26_odom_interface/include/rc26_odom_interface/rc26_odom_interface/odom_interface.hpp
-- Up-to-date: /home/potato/RC_2026/install/rc26_odom_interface/share/rc26_odom_interface/environment/library_path.sh
-- Up-to-date: /home/potato/RC_2026/install/rc26_odom_interface/share/rc26_odom_interface/environment/library_path.dsv
-- Installing: /home/potato/RC_2026/install/rc26_odom_interface/lib/librc26_odom_interface.so
-- Set runtime path of "/home/potato/RC_2026/install/rc26_odom_interface/lib/librc26_odom_interface.so" to ""
-- Up-to-date: /home/potato/RC_2026/install/rc26_odom_interface/share/rc26_odom_interface/launch
-- Up-to-date: /home/potato/RC_2026/install/rc26_odom_interface/share/rc26_odom_interface/launch/loam_interface_launch.py
-- Up-to-date: /home/potato/RC_2026/install/rc26_odom_interface/share/ament_index/resource_index/package_run_dependencies/rc26_odom_interface
-- Up-to-date: /home/potato/RC_2026/install/rc26_odom_interface/share/ament_index/resource_index/parent_prefix_path/rc26_odom_interface
-- Up-to-date: /home/potato/RC_2026/install/rc26_odom_interface/share/rc26_odom_interface/environment/ament_prefix_path.sh
-- Up-to-date: /home/potato/RC_2026/install/rc26_odom_interface/share/rc26_odom_interface/environment/ament_prefix_path.dsv
-- Up-to-date: /home/potato/RC_2026/install/rc26_odom_interface/share/rc26_odom_interface/environment/path.sh
-- Up-to-date: /home/potato/RC_2026/install/rc26_odom_interface/share/rc26_odom_interface/environment/path.dsv
-- Up-to-date: /home/potato/RC_2026/install/rc26_odom_interface/share/rc26_odom_interface/local_setup.bash
-- Up-to-date: /home/potato/RC_2026/install/rc26_odom_interface/share/rc26_odom_interface/local_setup.sh
-- Up-to-date: /home/potato/RC_2026/install/rc26_odom_interface/share/rc26_odom_interface/local_setup.zsh
-- Up-to-date: /home/potato/RC_2026/install/rc26_odom_interface/share/rc26_odom_interface/local_setup.dsv
-- Installing: /home/potato/RC_2026/install/rc26_odom_interface/share/rc26_odom_interface/package.dsv
-- Up-to-date: /home/potato/RC_2026/install/rc26_odom_interface/share/ament_index/resource_index/packages/rc26_odom_interface
-- Up-to-date: /home/potato/RC_2026/install/rc26_odom_interface/share/ament_index/resource_index/rclcpp_components/rc26_odom_interface
-- Up-to-date: /home/potato/RC_2026/install/rc26_odom_interface/share/rc26_odom_interface/cmake/ament_cmake_export_dependencies-extras.cmake
-- Up-to-date: /home/potato/RC_2026/install/rc26_odom_interface/share/rc26_odom_interface/cmake/ament_cmake_export_include_directories-extras.cmake
-- Up-to-date: /home/potato/RC_2026/install/rc26_odom_interface/share/rc26_odom_interface/cmake/ament_cmake_export_libraries-extras.cmake
-- Up-to-date: /home/potato/RC_2026/install/rc26_odom_interface/share/rc26_odom_interface/cmake/rc26_odom_interfaceConfig.cmake
-- Up-to-date: /home/potato/RC_2026/install/rc26_odom_interface/share/rc26_odom_interface/cmake/rc26_odom_interfaceConfig-version.cmake
-- Up-to-date: /home/potato/RC_2026/install/rc26_odom_interface/share/rc26_odom_interface/package.xml
