[0.007s] Invoking command in '/home/potato/RC_2026/build/rc26_odom_interface': /usr/bin/cmake /home/potato/RC_2026/RC_2026_1/rc26_odom_interface -DCMAKE_INSTALL_PREFIX=/home/potato/RC_2026/install/rc26_odom_interface
[0.057s] -- The C compiler identification is GNU 11.4.0
[0.111s] -- The CXX compiler identification is GNU 11.4.0
[0.117s] -- Detecting C compiler ABI info
[0.185s] -- Detecting C compiler ABI info - done
[0.196s] -- Check for working C compiler: /usr/bin/cc - skipped
[0.197s] -- Detecting C compile features
[0.197s] -- Detecting C compile features - done
[0.201s] -- Detecting CXX compiler ABI info
[0.295s] -- Detecting CXX compiler ABI info - done
[0.300s] -- Check for working CXX compiler: /usr/bin/c++ - skipped
[0.300s] -- Detecting CXX compile features
[0.300s] -- Detecting CXX compile features - done
[0.301s] -- Found ament_cmake_auto: 1.3.12 (/opt/ros/humble/share/ament_cmake_auto/cmake)
[0.425s] -- Found Python3: /usr/bin/python3 (found version "3.10.12") found components: Interpreter 
[0.561s] -- Found rosidl_generator_c: 3.1.7 (/opt/ros/humble/share/rosidl_generator_c/cmake)
[0.565s] -- Found rosidl_adapter: 3.1.7 (/opt/ros/humble/share/rosidl_adapter/cmake)
[0.570s] -- Found rosidl_generator_cpp: 3.1.7 (/opt/ros/humble/share/rosidl_generator_cpp/cmake)
[0.579s] -- Using all available rosidl_typesupport_c: rosidl_typesupport_fastrtps_c;rosidl_typesupport_introspection_c
[0.589s] -- Using all available rosidl_typesupport_cpp: rosidl_typesupport_fastrtps_cpp;rosidl_typesupport_introspection_cpp
[0.620s] -- Found rmw_implementation_cmake: 6.1.2 (/opt/ros/humble/share/rmw_implementation_cmake/cmake)
[0.622s] -- Found rmw_fastrtps_cpp: 6.2.9 (/opt/ros/humble/share/rmw_fastrtps_cpp/cmake)
[0.693s] -- Found OpenSSL: /usr/lib/x86_64-linux-gnu/libcrypto.so (found version "3.0.2")  
[0.714s] -- Found FastRTPS: /opt/ros/humble/include  
[0.749s] -- Using RMW implementation 'rmw_fastrtps_cpp' as default
[0.757s] -- Looking for pthread.h
[0.822s] -- Looking for pthread.h - found
[0.822s] -- Performing Test CMAKE_HAVE_LIBC_PTHREAD
[0.887s] -- Performing Test CMAKE_HAVE_LIBC_PTHREAD - Success
[0.887s] -- Found Threads: TRUE  
[1.012s] -- Found eigen3_cmake_module: 0.1.1 (/opt/ros/humble/share/eigen3_cmake_module/cmake)
[1.013s] -- Found Eigen3: TRUE (found version "3.4.0") 
[1.014s] -- Ensuring Eigen3 include directory is part of orocos-kdl CMake target
[1.072s] -- Checking for module 'eigen3'
[1.084s] --   Found eigen3, version 3.4.0
[1.114s] -- Found Eigen: /usr/include/eigen3 (Required is at least version "3.1") 
[1.114s] -- Eigen found (include: /usr/include/eigen3, version: 3.4.0)
[1.141s] -- Checking for module 'flann'
[1.154s] --   Found flann, version 1.9.1
[1.188s] -- Found FLANN: /usr/lib/x86_64-linux-gnu/libflann_cpp.so  
[1.188s] -- FLANN found (include: /usr/include, lib: /usr/lib/x86_64-linux-gnu/libflann_cpp.so)
[1.954s] -- Checking for module 'libusb-1.0'
[1.966s] --   Found libusb-1.0, version 1.0.25
[1.998s] -- Found libusb: /usr/lib/x86_64-linux-gnu/libusb-1.0.so  
[1.999s] -- OpenNI found (version: 1.5.4.0, include: /usr/include/ni, lib: /usr/lib/libOpenNI.so;libusb::libusb)
[2.050s] -- OpenNI2 found (version: 2.2.0.33, include: /usr/include/openni2, lib: /usr/lib/x86_64-linux-gnu/libOpenNI2.so;libusb::libusb)
[2.159s] -- Eigen found (include: /usr/include/eigen3, version: 3.4.0)
[2.165s] -- OpenNI found (version: 1.5.4.0, include: /usr/include/ni, lib: /usr/lib/libOpenNI.so;libusb::libusb)
[2.171s] -- OpenNI2 found (version: 2.2.0.33, include: /usr/include/openni2, lib: /usr/lib/x86_64-linux-gnu/libOpenNI2.so;libusb::libusb)
[2.278s] -- Found Qhull version 8.0.2
[2.387s] -- OpenNI found (version: 1.5.4.0, include: /usr/include/ni, lib: /usr/lib/libOpenNI.so;libusb::libusb)
[2.492s] -- Found PCL_COMMON: /usr/lib/x86_64-linux-gnu/libpcl_common.so  
[2.492s] -- Found PCL_KDTREE: /usr/lib/x86_64-linux-gnu/libpcl_kdtree.so  
[2.493s] -- Found PCL_OCTREE: /usr/lib/x86_64-linux-gnu/libpcl_octree.so  
[2.493s] -- Found PCL_SEARCH: /usr/lib/x86_64-linux-gnu/libpcl_search.so  
[2.494s] -- Found PCL_SAMPLE_CONSENSUS: /usr/lib/x86_64-linux-gnu/libpcl_sample_consensus.so  
[2.495s] -- Found PCL_FILTERS: /usr/lib/x86_64-linux-gnu/libpcl_filters.so  
[2.495s] -- Found PCL_2D: /usr/include/pcl-1.12  
[2.495s] -- Found PCL_GEOMETRY: /usr/include/pcl-1.12  
[2.496s] -- Found PCL_IO: /usr/lib/x86_64-linux-gnu/libpcl_io.so  
[2.496s] -- Found PCL_FEATURES: /usr/lib/x86_64-linux-gnu/libpcl_features.so  
[2.497s] -- Found PCL_ML: /usr/lib/x86_64-linux-gnu/libpcl_ml.so  
[2.498s] -- Found PCL_SEGMENTATION: /usr/lib/x86_64-linux-gnu/libpcl_segmentation.so  
[2.498s] -- Found PCL_VISUALIZATION: /usr/lib/x86_64-linux-gnu/libpcl_visualization.so  
[2.499s] -- Found PCL_SURFACE: /usr/lib/x86_64-linux-gnu/libpcl_surface.so  
[2.500s] -- Found PCL_REGISTRATION: /usr/lib/x86_64-linux-gnu/libpcl_registration.so  
[2.500s] -- Found PCL_KEYPOINTS: /usr/lib/x86_64-linux-gnu/libpcl_keypoints.so  
[2.501s] -- Found PCL_TRACKING: /usr/lib/x86_64-linux-gnu/libpcl_tracking.so  
[2.502s] -- Found PCL_RECOGNITION: /usr/lib/x86_64-linux-gnu/libpcl_recognition.so  
[2.502s] -- Found PCL_STEREO: /usr/lib/x86_64-linux-gnu/libpcl_stereo.so  
[2.503s] -- Found PCL_APPS: /usr/lib/x86_64-linux-gnu/libpcl_apps.so  
[2.504s] -- Found PCL_IN_HAND_SCANNER: /usr/include/pcl-1.12  
[2.504s] -- Found PCL_MODELER: /usr/include/pcl-1.12  
[2.504s] -- Found PCL_POINT_CLOUD_EDITOR: /usr/include/pcl-1.12  
[2.505s] -- Found PCL_OUTOFCORE: /usr/lib/x86_64-linux-gnu/libpcl_outofcore.so  
[2.506s] -- Found PCL_PEOPLE: /usr/lib/x86_64-linux-gnu/libpcl_people.so  
[2.522s] -- Found ament_lint_auto: 0.12.14 (/opt/ros/humble/share/ament_lint_auto/cmake)
[2.531s] -- Added test 'clang_format' to check C / C++ code style
[2.531s] -- Added test 'clang_tidy' to check C / C++ code style
[2.532s] -- Added test 'black' to check Python code style
[2.533s] -- Configuring done
[2.555s] -- Generating done
[2.560s] -- Build files have been written to: /home/potato/RC_2026/build/rc26_odom_interface
[2.571s] Invoked command in '/home/potato/RC_2026/build/rc26_odom_interface' returned '0': /usr/bin/cmake /home/potato/RC_2026/RC_2026_1/rc26_odom_interface -DCMAKE_INSTALL_PREFIX=/home/potato/RC_2026/install/rc26_odom_interface
[2.572s] Invoking command in '/home/potato/RC_2026/build/rc26_odom_interface': /usr/bin/cmake --build /home/potato/RC_2026/build/rc26_odom_interface -- -j28 -l28
[2.613s] [ 25%] [32mBuilding CXX object CMakeFiles/rc26_odom_interface.dir/src/odom_interface.cpp.o[0m
[2.614s] [ 50%] [32mBuilding CXX object CMakeFiles/rc26_odom_interface_node.dir/rclcpp_components/node_main_rc26_odom_interface_node.cpp.o[0m
[4.499s] [ 75%] [32m[1mLinking CXX executable rc26_odom_interface_node[0m
[4.590s] [ 75%] Built target rc26_odom_interface_node
[11.430s] [100%] [32m[1mLinking CXX shared library librc26_odom_interface.so[0m
[12.083s] [100%] Built target rc26_odom_interface
[12.095s] Invoked command in '/home/potato/RC_2026/build/rc26_odom_interface' returned '0': /usr/bin/cmake --build /home/potato/RC_2026/build/rc26_odom_interface -- -j28 -l28
[12.096s] Invoking command in '/home/potato/RC_2026/build/rc26_odom_interface': /usr/bin/cmake --install /home/potato/RC_2026/build/rc26_odom_interface
[12.103s] -- Install configuration: ""
[12.103s] -- Installing: /home/potato/RC_2026/install/rc26_odom_interface/lib/rc26_odom_interface/rc26_odom_interface_node
[12.104s] -- Set runtime path of "/home/potato/RC_2026/install/rc26_odom_interface/lib/rc26_odom_interface/rc26_odom_interface_node" to ""
[12.104s] -- Installing: /home/potato/RC_2026/install/rc26_odom_interface/include/rc26_odom_interface
[12.104s] -- Installing: /home/potato/RC_2026/install/rc26_odom_interface/include/rc26_odom_interface/rc26_odom_interface
[12.104s] -- Installing: /home/potato/RC_2026/install/rc26_odom_interface/include/rc26_odom_interface/rc26_odom_interface/odom_interface.hpp
[12.104s] -- Installing: /home/potato/RC_2026/install/rc26_odom_interface/share/rc26_odom_interface/environment/library_path.sh
[12.104s] -- Installing: /home/potato/RC_2026/install/rc26_odom_interface/share/rc26_odom_interface/environment/library_path.dsv
[12.104s] -- Installing: /home/potato/RC_2026/install/rc26_odom_interface/lib/librc26_odom_interface.so
[12.109s] -- Set runtime path of "/home/potato/RC_2026/install/rc26_odom_interface/lib/librc26_odom_interface.so" to ""
[12.109s] -- Installing: /home/potato/RC_2026/install/rc26_odom_interface/share/rc26_odom_interface/launch
[12.109s] -- Installing: /home/potato/RC_2026/install/rc26_odom_interface/share/rc26_odom_interface/launch/loam_interface_launch.py
[12.109s] -- Installing: /home/potato/RC_2026/install/rc26_odom_interface/share/ament_index/resource_index/package_run_dependencies/rc26_odom_interface
[12.109s] -- Installing: /home/potato/RC_2026/install/rc26_odom_interface/share/ament_index/resource_index/parent_prefix_path/rc26_odom_interface
[12.109s] -- Installing: /home/potato/RC_2026/install/rc26_odom_interface/share/rc26_odom_interface/environment/ament_prefix_path.sh
[12.109s] -- Installing: /home/potato/RC_2026/install/rc26_odom_interface/share/rc26_odom_interface/environment/ament_prefix_path.dsv
[12.109s] -- Installing: /home/potato/RC_2026/install/rc26_odom_interface/share/rc26_odom_interface/environment/path.sh
[12.110s] -- Installing: /home/potato/RC_2026/install/rc26_odom_interface/share/rc26_odom_interface/environment/path.dsv
[12.110s] -- Installing: /home/potato/RC_2026/install/rc26_odom_interface/share/rc26_odom_interface/local_setup.bash
[12.110s] -- Installing: /home/potato/RC_2026/install/rc26_odom_interface/share/rc26_odom_interface/local_setup.sh
[12.110s] -- Installing: /home/potato/RC_2026/install/rc26_odom_interface/share/rc26_odom_interface/local_setup.zsh
[12.110s] -- Installing: /home/potato/RC_2026/install/rc26_odom_interface/share/rc26_odom_interface/local_setup.dsv
[12.110s] -- Installing: /home/potato/RC_2026/install/rc26_odom_interface/share/rc26_odom_interface/package.dsv
[12.110s] -- Installing: /home/potato/RC_2026/install/rc26_odom_interface/share/ament_index/resource_index/packages/rc26_odom_interface
[12.110s] -- Installing: /home/potato/RC_2026/install/rc26_odom_interface/share/ament_index/resource_index/rclcpp_components/rc26_odom_interface
[12.110s] -- Installing: /home/potato/RC_2026/install/rc26_odom_interface/share/rc26_odom_interface/cmake/ament_cmake_export_dependencies-extras.cmake
[12.110s] -- Installing: /home/potato/RC_2026/install/rc26_odom_interface/share/rc26_odom_interface/cmake/ament_cmake_export_include_directories-extras.cmake
[12.110s] -- Installing: /home/potato/RC_2026/install/rc26_odom_interface/share/rc26_odom_interface/cmake/ament_cmake_export_libraries-extras.cmake
[12.110s] -- Installing: /home/potato/RC_2026/install/rc26_odom_interface/share/rc26_odom_interface/cmake/rc26_odom_interfaceConfig.cmake
[12.110s] -- Installing: /home/potato/RC_2026/install/rc26_odom_interface/share/rc26_odom_interface/cmake/rc26_odom_interfaceConfig-version.cmake
[12.110s] -- Installing: /home/potato/RC_2026/install/rc26_odom_interface/share/rc26_odom_interface/package.xml
[12.112s] Invoked command in '/home/potato/RC_2026/build/rc26_odom_interface' returned '0': /usr/bin/cmake --install /home/potato/RC_2026/build/rc26_odom_interface
