[35m[1mConsolidate compiler generated dependencies of target can_odom[0m
[35m[1mConsolidate compiler generated dependencies of target single_wheel_test_node[0m
[35m[1mConsolidate compiler generated dependencies of target pose_sender[0m
[  6%] [32mBuilding CXX object CMakeFiles/dm_imu_driver.dir/src/imu/dm_imu_driver.cpp.o[0m
[ 18%] Built target single_wheel_test_node
[ 43%] Built target can_odom
[ 43%] Built target pose_sender
[35m[1mConsolidate compiler generated dependencies of target merge_odom_node[0m
[ 50%] [32mBuilding CXX object CMakeFiles/can_odom_node.dir/src/can/can_odom_node.cpp.o[0m
[ 56%] [32mBuilding CXX object CMakeFiles/pose_sender_node.dir/src/pose/pose_sender_node.cpp.o[0m
[ 62%] [32mBuilding CXX object CMakeFiles/merge_odom_node.dir/src/merge_odom_node.cpp.o[0m
[ 68%] [32m[1mLinking CXX executable can_odom_node[0m
[ 75%] [32m[1mLinking CXX shared library libdm_imu_driver.so[0m
[ 81%] [32m[1mLinking CXX executable pose_sender_node[0m
[ 81%] Built target can_odom_node
[ 81%] Built target dm_imu_driver
[ 87%] [32mBuilding CXX object CMakeFiles/dm_imu_node.dir/src/imu/dm_imu_node.cpp.o[0m
[ 93%] [32m[1mLinking CXX executable merge_odom_node[0m
[ 93%] Built target pose_sender_node
[ 93%] Built target merge_odom_node
[100%] [32m[1mLinking CXX executable dm_imu_node[0m
[100%] Built target dm_imu_node
-- Install configuration: ""
-- Installing: /home/potato/RC_2026/install/rc26_merge_odom/lib/libcan_odom.so
-- Set runtime path of "/home/potato/RC_2026/install/rc26_merge_odom/lib/libcan_odom.so" to ""
-- Installing: /home/potato/RC_2026/install/rc26_merge_odom/lib/libpose_sender.so
-- Set runtime path of "/home/potato/RC_2026/install/rc26_merge_odom/lib/libpose_sender.so" to ""
-- Installing: /home/potato/RC_2026/install/rc26_merge_odom/lib/libdm_imu_driver.so
-- Set runtime path of "/home/potato/RC_2026/install/rc26_merge_odom/lib/libdm_imu_driver.so" to ""
-- Installing: /home/potato/RC_2026/install/rc26_merge_odom/lib/rc26_merge_odom/can_odom_node
-- Set runtime path of "/home/potato/RC_2026/install/rc26_merge_odom/lib/rc26_merge_odom/can_odom_node" to ""
-- Installing: /home/potato/RC_2026/install/rc26_merge_odom/lib/rc26_merge_odom/pose_sender_node
-- Set runtime path of "/home/potato/RC_2026/install/rc26_merge_odom/lib/rc26_merge_odom/pose_sender_node" to ""
-- Installing: /home/potato/RC_2026/install/rc26_merge_odom/lib/rc26_merge_odom/merge_odom_node
-- Set runtime path of "/home/potato/RC_2026/install/rc26_merge_odom/lib/rc26_merge_odom/merge_odom_node" to ""
-- Installing: /home/potato/RC_2026/install/rc26_merge_odom/lib/rc26_merge_odom/dm_imu_node
-- Set runtime path of "/home/potato/RC_2026/install/rc26_merge_odom/lib/rc26_merge_odom/dm_imu_node" to ""
-- Installing: /home/potato/RC_2026/install/rc26_merge_odom/lib/rc26_merge_odom/single_wheel_test_node
-- Set runtime path of "/home/potato/RC_2026/install/rc26_merge_odom/lib/rc26_merge_odom/single_wheel_test_node" to ""
-- Up-to-date: /home/potato/RC_2026/install/rc26_merge_odom/include
-- Up-to-date: /home/potato/RC_2026/install/rc26_merge_odom/include/rc26_merge_odom
-- Installing: /home/potato/RC_2026/install/rc26_merge_odom/include/rc26_merge_odom/imu
-- Installing: /home/potato/RC_2026/install/rc26_merge_odom/include/rc26_merge_odom/imu/dm_protocol.hpp
-- Installing: /home/potato/RC_2026/install/rc26_merge_odom/include/rc26_merge_odom/imu/dm_imu_driver.hpp
-- Installing: /home/potato/RC_2026/install/rc26_merge_odom/include/rc26_merge_odom/pose
-- Installing: /home/potato/RC_2026/install/rc26_merge_odom/include/rc26_merge_odom/pose/pose_sender.hpp
-- Installing: /home/potato/RC_2026/install/rc26_merge_odom/include/rc26_merge_odom/can
-- Installing: /home/potato/RC_2026/install/rc26_merge_odom/include/rc26_merge_odom/can/can_odom.hpp
-- Up-to-date: /home/potato/RC_2026/install/rc26_merge_odom/share/rc26_merge_odom/config
-- Up-to-date: /home/potato/RC_2026/install/rc26_merge_odom/share/rc26_merge_odom/config/merge_odom_params.yaml
-- Up-to-date: /home/potato/RC_2026/install/rc26_merge_odom/share/rc26_merge_odom/config/ekf_params.yaml
-- Up-to-date: /home/potato/RC_2026/install/rc26_merge_odom/share/rc26_merge_odom/launch
-- Up-to-date: /home/potato/RC_2026/install/rc26_merge_odom/share/rc26_merge_odom/launch/dm_imu_only.launch.py
-- Up-to-date: /home/potato/RC_2026/install/rc26_merge_odom/share/rc26_merge_odom/launch/merge_odom.launch.py
-- Up-to-date: /home/potato/RC_2026/install/rc26_merge_odom/share/rc26_merge_odom/launch/dm_imu.launch.py
-- Up-to-date: /home/potato/RC_2026/install/rc26_merge_odom/share/rc26_merge_odom/launch/can_odom_only.launch.py
-- Up-to-date: /home/potato/RC_2026/install/rc26_merge_odom/share/rc26_merge_odom/environment/library_path.sh
-- Installing: /home/potato/RC_2026/install/rc26_merge_odom/share/rc26_merge_odom/environment/library_path.dsv
-- Up-to-date: /home/potato/RC_2026/install/rc26_merge_odom/share/ament_index/resource_index/package_run_dependencies/rc26_merge_odom
-- Installing: /home/potato/RC_2026/install/rc26_merge_odom/share/ament_index/resource_index/parent_prefix_path/rc26_merge_odom
-- Up-to-date: /home/potato/RC_2026/install/rc26_merge_odom/share/rc26_merge_odom/environment/ament_prefix_path.sh
-- Installing: /home/potato/RC_2026/install/rc26_merge_odom/share/rc26_merge_odom/environment/ament_prefix_path.dsv
-- Up-to-date: /home/potato/RC_2026/install/rc26_merge_odom/share/rc26_merge_odom/environment/path.sh
-- Installing: /home/potato/RC_2026/install/rc26_merge_odom/share/rc26_merge_odom/environment/path.dsv
-- Up-to-date: /home/potato/RC_2026/install/rc26_merge_odom/share/rc26_merge_odom/local_setup.bash
-- Up-to-date: /home/potato/RC_2026/install/rc26_merge_odom/share/rc26_merge_odom/local_setup.sh
-- Up-to-date: /home/potato/RC_2026/install/rc26_merge_odom/share/rc26_merge_odom/local_setup.zsh
-- Installing: /home/potato/RC_2026/install/rc26_merge_odom/share/rc26_merge_odom/local_setup.dsv
-- Installing: /home/potato/RC_2026/install/rc26_merge_odom/share/rc26_merge_odom/package.dsv
-- Up-to-date: /home/potato/RC_2026/install/rc26_merge_odom/share/ament_index/resource_index/packages/rc26_merge_odom
-- Up-to-date: /home/potato/RC_2026/install/rc26_merge_odom/share/rc26_merge_odom/cmake/ament_cmake_export_include_directories-extras.cmake
-- Up-to-date: /home/potato/RC_2026/install/rc26_merge_odom/share/rc26_merge_odom/cmake/ament_cmake_export_libraries-extras.cmake
-- Up-to-date: /home/potato/RC_2026/install/rc26_merge_odom/share/rc26_merge_odom/cmake/ament_cmake_export_dependencies-extras.cmake
-- Up-to-date: /home/potato/RC_2026/install/rc26_merge_odom/share/rc26_merge_odom/cmake/rc26_merge_odomConfig.cmake
-- Up-to-date: /home/potato/RC_2026/install/rc26_merge_odom/share/rc26_merge_odom/cmake/rc26_merge_odomConfig-version.cmake
-- Up-to-date: /home/potato/RC_2026/install/rc26_merge_odom/share/rc26_merge_odom/package.xml
