[0.011s] Invoking command in '/home/potato/RC_2026/build/rc26_merge_odom': CMAKE_PREFIX_PATH=/home/potato/RC_2026/install/rc26_serial:/home/potato/RC_2026/install/small_gicp:/home/potato/RC_2026/install/rc26_merge_odom:/home/potato/RC_2026/install/rc26_bringup:/home/potato/RC_2026/install/rc26_decision:/home/potato/RC_2026/install/rc26_sensor_scan:/home/potato/RC_2026/install/rc26_perception:/home/potato/RC_2026/install/rc26_omni_controller:/home/potato/RC_2026/install/rc26_odom_interface:/home/potato/RC_2026/install/rc26_localization:/home/potato/RC_2026/install/point_lio:/home/potato/RC_2026/install/mid360_driver:/opt/ros/humble:/opt/ros/humble LD_LIBRARY_PATH=/home/potato/RC_2026/install/rc26_serial/lib:/home/potato/RC_2026/install/small_gicp/lib:/home/potato/RC_2026/install/rc26_merge_odom/lib:/home/potato/RC_2026/install/rc26_decision/lib:/home/potato/RC_2026/install/rc26_sensor_scan/lib:/home/potato/RC_2026/install/rc26_perception/lib:/home/potato/RC_2026/install/rc26_omni_controller/lib:/home/potato/RC_2026/install/rc26_odom_interface/lib:/home/potato/RC_2026/install/rc26_localization/lib:/home/potato/RC_2026/install/mid360_driver/lib:/usr/local/lib:/usr/local/cuda/lib64:/usr/local/lib:/lib64:/usr/lib/x86_64-linux-gnu/gazebo-11/plugins:/opt/ros/humble/opt/rviz_ogre_vendor/lib:/opt/ros/humble/lib/x86_64-linux-gnu:/opt/ros/humble/opt/openvdb_vendor/lib:/opt/ros/humble/lib /usr/bin/cmake --build /home/potato/RC_2026/build/rc26_merge_odom -- -j28 -l28
[0.052s] [35m[1mConsolidate compiler generated dependencies of target can_odom[0m
[0.052s] [35m[1mConsolidate compiler generated dependencies of target single_wheel_test_node[0m
[0.052s] [35m[1mConsolidate compiler generated dependencies of target pose_sender[0m
[0.062s] [  6%] [32mBuilding CXX object CMakeFiles/dm_imu_driver.dir/src/imu/dm_imu_driver.cpp.o[0m
[0.068s] [ 18%] Built target single_wheel_test_node
[0.068s] [ 43%] Built target can_odom
[0.068s] [ 43%] Built target pose_sender
[0.080s] [35m[1mConsolidate compiler generated dependencies of target merge_odom_node[0m
[0.086s] [ 50%] [32mBuilding CXX object CMakeFiles/can_odom_node.dir/src/can/can_odom_node.cpp.o[0m
[0.088s] [ 56%] [32mBuilding CXX object CMakeFiles/pose_sender_node.dir/src/pose/pose_sender_node.cpp.o[0m
[0.095s] [ 62%] [32mBuilding CXX object CMakeFiles/merge_odom_node.dir/src/merge_odom_node.cpp.o[0m
[1.859s] [ 68%] [32m[1mLinking CXX executable can_odom_node[0m
[1.895s] [ 75%] [32m[1mLinking CXX shared library libdm_imu_driver.so[0m
[1.932s] [ 81%] [32m[1mLinking CXX executable pose_sender_node[0m
[1.968s] [ 81%] Built target can_odom_node
[1.969s] [ 81%] Built target dm_imu_driver
[1.990s] [ 87%] [32mBuilding CXX object CMakeFiles/dm_imu_node.dir/src/imu/dm_imu_node.cpp.o[0m
[1.990s] [ 93%] [32m[1mLinking CXX executable merge_odom_node[0m
[2.089s] [ 93%] Built target pose_sender_node
[2.143s] [ 93%] Built target merge_odom_node
[4.549s] [100%] [32m[1mLinking CXX executable dm_imu_node[0m
[4.688s] [100%] Built target dm_imu_node
[4.697s] Invoked command in '/home/potato/RC_2026/build/rc26_merge_odom' returned '0': CMAKE_PREFIX_PATH=/home/potato/RC_2026/install/rc26_serial:/home/potato/RC_2026/install/small_gicp:/home/potato/RC_2026/install/rc26_merge_odom:/home/potato/RC_2026/install/rc26_bringup:/home/potato/RC_2026/install/rc26_decision:/home/potato/RC_2026/install/rc26_sensor_scan:/home/potato/RC_2026/install/rc26_perception:/home/potato/RC_2026/install/rc26_omni_controller:/home/potato/RC_2026/install/rc26_odom_interface:/home/potato/RC_2026/install/rc26_localization:/home/potato/RC_2026/install/point_lio:/home/potato/RC_2026/install/mid360_driver:/opt/ros/humble:/opt/ros/humble LD_LIBRARY_PATH=/home/potato/RC_2026/install/rc26_serial/lib:/home/potato/RC_2026/install/small_gicp/lib:/home/potato/RC_2026/install/rc26_merge_odom/lib:/home/potato/RC_2026/install/rc26_decision/lib:/home/potato/RC_2026/install/rc26_sensor_scan/lib:/home/potato/RC_2026/install/rc26_perception/lib:/home/potato/RC_2026/install/rc26_omni_controller/lib:/home/potato/RC_2026/install/rc26_odom_interface/lib:/home/potato/RC_2026/install/rc26_localization/lib:/home/potato/RC_2026/install/mid360_driver/lib:/usr/local/lib:/usr/local/cuda/lib64:/usr/local/lib:/lib64:/usr/lib/x86_64-linux-gnu/gazebo-11/plugins:/opt/ros/humble/opt/rviz_ogre_vendor/lib:/opt/ros/humble/lib/x86_64-linux-gnu:/opt/ros/humble/opt/openvdb_vendor/lib:/opt/ros/humble/lib /usr/bin/cmake --build /home/potato/RC_2026/build/rc26_merge_odom -- -j28 -l28
[4.698s] Invoking command in '/home/potato/RC_2026/build/rc26_merge_odom': CMAKE_PREFIX_PATH=/home/potato/RC_2026/install/rc26_serial:/home/potato/RC_2026/install/small_gicp:/home/potato/RC_2026/install/rc26_merge_odom:/home/potato/RC_2026/install/rc26_bringup:/home/potato/RC_2026/install/rc26_decision:/home/potato/RC_2026/install/rc26_sensor_scan:/home/potato/RC_2026/install/rc26_perception:/home/potato/RC_2026/install/rc26_omni_controller:/home/potato/RC_2026/install/rc26_odom_interface:/home/potato/RC_2026/install/rc26_localization:/home/potato/RC_2026/install/point_lio:/home/potato/RC_2026/install/mid360_driver:/opt/ros/humble:/opt/ros/humble LD_LIBRARY_PATH=/home/potato/RC_2026/install/rc26_serial/lib:/home/potato/RC_2026/install/small_gicp/lib:/home/potato/RC_2026/install/rc26_merge_odom/lib:/home/potato/RC_2026/install/rc26_decision/lib:/home/potato/RC_2026/install/rc26_sensor_scan/lib:/home/potato/RC_2026/install/rc26_perception/lib:/home/potato/RC_2026/install/rc26_omni_controller/lib:/home/potato/RC_2026/install/rc26_odom_interface/lib:/home/potato/RC_2026/install/rc26_localization/lib:/home/potato/RC_2026/install/mid360_driver/lib:/usr/local/lib:/usr/local/cuda/lib64:/usr/local/lib:/lib64:/usr/lib/x86_64-linux-gnu/gazebo-11/plugins:/opt/ros/humble/opt/rviz_ogre_vendor/lib:/opt/ros/humble/lib/x86_64-linux-gnu:/opt/ros/humble/opt/openvdb_vendor/lib:/opt/ros/humble/lib /usr/bin/cmake --install /home/potato/RC_2026/build/rc26_merge_odom
[4.706s] -- Install configuration: ""
[4.706s] -- Installing: /home/potato/RC_2026/install/rc26_merge_odom/lib/libcan_odom.so
[4.707s] -- Set runtime path of "/home/potato/RC_2026/install/rc26_merge_odom/lib/libcan_odom.so" to ""
[4.707s] -- Installing: /home/potato/RC_2026/install/rc26_merge_odom/lib/libpose_sender.so
[4.712s] -- Set runtime path of "/home/potato/RC_2026/install/rc26_merge_odom/lib/libpose_sender.so" to ""
[4.712s] -- Installing: /home/potato/RC_2026/install/rc26_merge_odom/lib/libdm_imu_driver.so
[4.712s] -- Set runtime path of "/home/potato/RC_2026/install/rc26_merge_odom/lib/libdm_imu_driver.so" to ""
[4.712s] -- Installing: /home/potato/RC_2026/install/rc26_merge_odom/lib/rc26_merge_odom/can_odom_node
[4.713s] -- Set runtime path of "/home/potato/RC_2026/install/rc26_merge_odom/lib/rc26_merge_odom/can_odom_node" to ""
[4.713s] -- Installing: /home/potato/RC_2026/install/rc26_merge_odom/lib/rc26_merge_odom/pose_sender_node
[4.713s] -- Set runtime path of "/home/potato/RC_2026/install/rc26_merge_odom/lib/rc26_merge_odom/pose_sender_node" to ""
[4.713s] -- Installing: /home/potato/RC_2026/install/rc26_merge_odom/lib/rc26_merge_odom/merge_odom_node
[4.713s] -- Set runtime path of "/home/potato/RC_2026/install/rc26_merge_odom/lib/rc26_merge_odom/merge_odom_node" to ""
[4.713s] -- Installing: /home/potato/RC_2026/install/rc26_merge_odom/lib/rc26_merge_odom/dm_imu_node
[4.714s] -- Set runtime path of "/home/potato/RC_2026/install/rc26_merge_odom/lib/rc26_merge_odom/dm_imu_node" to ""
[4.714s] -- Installing: /home/potato/RC_2026/install/rc26_merge_odom/lib/rc26_merge_odom/single_wheel_test_node
[4.715s] -- Set runtime path of "/home/potato/RC_2026/install/rc26_merge_odom/lib/rc26_merge_odom/single_wheel_test_node" to ""
[4.715s] -- Up-to-date: /home/potato/RC_2026/install/rc26_merge_odom/include
[4.715s] -- Up-to-date: /home/potato/RC_2026/install/rc26_merge_odom/include/rc26_merge_odom
[4.715s] -- Installing: /home/potato/RC_2026/install/rc26_merge_odom/include/rc26_merge_odom/imu
[4.715s] -- Installing: /home/potato/RC_2026/install/rc26_merge_odom/include/rc26_merge_odom/imu/dm_protocol.hpp
[4.715s] -- Installing: /home/potato/RC_2026/install/rc26_merge_odom/include/rc26_merge_odom/imu/dm_imu_driver.hpp
[4.715s] -- Installing: /home/potato/RC_2026/install/rc26_merge_odom/include/rc26_merge_odom/pose
[4.715s] -- Installing: /home/potato/RC_2026/install/rc26_merge_odom/include/rc26_merge_odom/pose/pose_sender.hpp
[4.715s] -- Installing: /home/potato/RC_2026/install/rc26_merge_odom/include/rc26_merge_odom/can
[4.715s] -- Installing: /home/potato/RC_2026/install/rc26_merge_odom/include/rc26_merge_odom/can/can_odom.hpp
[4.716s] -- Up-to-date: /home/potato/RC_2026/install/rc26_merge_odom/share/rc26_merge_odom/config
[4.716s] -- Up-to-date: /home/potato/RC_2026/install/rc26_merge_odom/share/rc26_merge_odom/config/merge_odom_params.yaml
[4.716s] -- Up-to-date: /home/potato/RC_2026/install/rc26_merge_odom/share/rc26_merge_odom/config/ekf_params.yaml
[4.716s] -- Up-to-date: /home/potato/RC_2026/install/rc26_merge_odom/share/rc26_merge_odom/launch
[4.716s] -- Up-to-date: /home/potato/RC_2026/install/rc26_merge_odom/share/rc26_merge_odom/launch/dm_imu_only.launch.py
[4.716s] -- Up-to-date: /home/potato/RC_2026/install/rc26_merge_odom/share/rc26_merge_odom/launch/merge_odom.launch.py
[4.716s] -- Up-to-date: /home/potato/RC_2026/install/rc26_merge_odom/share/rc26_merge_odom/launch/dm_imu.launch.py
[4.716s] -- Up-to-date: /home/potato/RC_2026/install/rc26_merge_odom/share/rc26_merge_odom/launch/can_odom_only.launch.py
[4.716s] -- Up-to-date: /home/potato/RC_2026/install/rc26_merge_odom/share/rc26_merge_odom/environment/library_path.sh
[4.716s] -- Installing: /home/potato/RC_2026/install/rc26_merge_odom/share/rc26_merge_odom/environment/library_path.dsv
[4.716s] -- Up-to-date: /home/potato/RC_2026/install/rc26_merge_odom/share/ament_index/resource_index/package_run_dependencies/rc26_merge_odom
[4.716s] -- Installing: /home/potato/RC_2026/install/rc26_merge_odom/share/ament_index/resource_index/parent_prefix_path/rc26_merge_odom
[4.716s] -- Up-to-date: /home/potato/RC_2026/install/rc26_merge_odom/share/rc26_merge_odom/environment/ament_prefix_path.sh
[4.716s] -- Installing: /home/potato/RC_2026/install/rc26_merge_odom/share/rc26_merge_odom/environment/ament_prefix_path.dsv
[4.717s] -- Up-to-date: /home/potato/RC_2026/install/rc26_merge_odom/share/rc26_merge_odom/environment/path.sh
[4.717s] -- Installing: /home/potato/RC_2026/install/rc26_merge_odom/share/rc26_merge_odom/environment/path.dsv
[4.717s] -- Up-to-date: /home/potato/RC_2026/install/rc26_merge_odom/share/rc26_merge_odom/local_setup.bash
[4.717s] -- Up-to-date: /home/potato/RC_2026/install/rc26_merge_odom/share/rc26_merge_odom/local_setup.sh
[4.717s] -- Up-to-date: /home/potato/RC_2026/install/rc26_merge_odom/share/rc26_merge_odom/local_setup.zsh
[4.717s] -- Installing: /home/potato/RC_2026/install/rc26_merge_odom/share/rc26_merge_odom/local_setup.dsv
[4.718s] -- Installing: /home/potato/RC_2026/install/rc26_merge_odom/share/rc26_merge_odom/package.dsv
[4.718s] -- Up-to-date: /home/potato/RC_2026/install/rc26_merge_odom/share/ament_index/resource_index/packages/rc26_merge_odom
[4.718s] -- Up-to-date: /home/potato/RC_2026/install/rc26_merge_odom/share/rc26_merge_odom/cmake/ament_cmake_export_include_directories-extras.cmake
[4.718s] -- Up-to-date: /home/potato/RC_2026/install/rc26_merge_odom/share/rc26_merge_odom/cmake/ament_cmake_export_libraries-extras.cmake
[4.718s] -- Up-to-date: /home/potato/RC_2026/install/rc26_merge_odom/share/rc26_merge_odom/cmake/ament_cmake_export_dependencies-extras.cmake
[4.718s] -- Up-to-date: /home/potato/RC_2026/install/rc26_merge_odom/share/rc26_merge_odom/cmake/rc26_merge_odomConfig.cmake
[4.719s] -- Up-to-date: /home/potato/RC_2026/install/rc26_merge_odom/share/rc26_merge_odom/cmake/rc26_merge_odomConfig-version.cmake
[4.719s] -- Up-to-date: /home/potato/RC_2026/install/rc26_merge_odom/share/rc26_merge_odom/package.xml
[4.719s] Invoked command in '/home/potato/RC_2026/build/rc26_merge_odom' returned '0': CMAKE_PREFIX_PATH=/home/potato/RC_2026/install/rc26_serial:/home/potato/RC_2026/install/small_gicp:/home/potato/RC_2026/install/rc26_merge_odom:/home/potato/RC_2026/install/rc26_bringup:/home/potato/RC_2026/install/rc26_decision:/home/potato/RC_2026/install/rc26_sensor_scan:/home/potato/RC_2026/install/rc26_perception:/home/potato/RC_2026/install/rc26_omni_controller:/home/potato/RC_2026/install/rc26_odom_interface:/home/potato/RC_2026/install/rc26_localization:/home/potato/RC_2026/install/point_lio:/home/potato/RC_2026/install/mid360_driver:/opt/ros/humble:/opt/ros/humble LD_LIBRARY_PATH=/home/potato/RC_2026/install/rc26_serial/lib:/home/potato/RC_2026/install/small_gicp/lib:/home/potato/RC_2026/install/rc26_merge_odom/lib:/home/potato/RC_2026/install/rc26_decision/lib:/home/potato/RC_2026/install/rc26_sensor_scan/lib:/home/potato/RC_2026/install/rc26_perception/lib:/home/potato/RC_2026/install/rc26_omni_controller/lib:/home/potato/RC_2026/install/rc26_odom_interface/lib:/home/potato/RC_2026/install/rc26_localization/lib:/home/potato/RC_2026/install/mid360_driver/lib:/usr/local/lib:/usr/local/cuda/lib64:/usr/local/lib:/lib64:/usr/lib/x86_64-linux-gnu/gazebo-11/plugins:/opt/ros/humble/opt/rviz_ogre_vendor/lib:/opt/ros/humble/lib/x86_64-linux-gnu:/opt/ros/humble/opt/openvdb_vendor/lib:/opt/ros/humble/lib /usr/bin/cmake --install /home/potato/RC_2026/build/rc26_merge_odom
