-- The C compiler identification is GNU 11.4.0
-- The CXX compiler identification is GNU 11.4.0
-- Detecting C compiler ABI info
-- Detecting C compiler ABI info - done
-- Check for working C compiler: /usr/bin/cc - skipped
-- Detecting C compile features
-- Detecting C compile features - done
-- Detecting CXX compiler ABI info
-- Detecting CXX compiler ABI info - done
-- Check for working CXX compiler: /usr/bin/c++ - skipped
-- Detecting CXX compile features
-- Detecting CXX compile features - done
-- Found ament_cmake_auto: 1.3.12 (/opt/ros/humble/share/ament_cmake_auto/cmake)
-- Found Python3: /usr/bin/python3 (found version "3.10.12") found components: Interpreter 
-- Found rosidl_generator_c: 3.1.7 (/opt/ros/humble/share/rosidl_generator_c/cmake)
-- Found rosidl_adapter: 3.1.7 (/opt/ros/humble/share/rosidl_adapter/cmake)
-- Found rosidl_generator_cpp: 3.1.7 (/opt/ros/humble/share/rosidl_generator_cpp/cmake)
-- Using all available rosidl_typesupport_c: rosidl_typesupport_fastrtps_c;rosidl_typesupport_introspection_c
-- Using all available rosidl_typesupport_cpp: rosidl_typesupport_fastrtps_cpp;rosidl_typesupport_introspection_cpp
-- Found rmw_implementation_cmake: 6.1.2 (/opt/ros/humble/share/rmw_implementation_cmake/cmake)
-- Found rmw_fastrtps_cpp: 6.2.9 (/opt/ros/humble/share/rmw_fastrtps_cpp/cmake)
-- Found OpenSSL: /usr/lib/x86_64-linux-gnu/libcrypto.so (found version "3.0.2")  
-- Found FastRTPS: /opt/ros/humble/include  
-- Using RMW implementation 'rmw_fastrtps_cpp' as default
-- Looking for pthread.h
-- Looking for pthread.h - found
-- Performing Test CMAKE_HAVE_LIBC_PTHREAD
-- Performing Test CMAKE_HAVE_LIBC_PTHREAD - Success
-- Found Threads: TRUE  
-- Found Eigen3: TRUE (found version "3.4.0") 
-- Ensuring Eigen3 include directory is part of orocos-kdl CMake target
-- Configuring done
-- Generating done
-- Build files have been written to: /home/potato/RC_2026/build/rc26_omni_controller
[ 33%] [32mBuilding CXX object CMakeFiles/rc26_omni_controller.dir/src/omni_pid_pursuit_controller.cpp.o[0m
[ 66%] [32mBuilding CXX object CMakeFiles/rc26_omni_controller.dir/src/pid.cpp.o[0m
[100%] [32m[1mLinking CXX shared library librc26_omni_controller.so[0m
[100%] Built target rc26_omni_controller
-- Install configuration: ""
-- Installing: /home/potato/RC_2026/install/rc26_omni_controller/share/rc26_omni_controller/rc26_omni_controller.xml
-- Installing: /home/potato/RC_2026/install/rc26_omni_controller/include/rc26_omni_controller
-- Installing: /home/potato/RC_2026/install/rc26_omni_controller/include/rc26_omni_controller/rc26_omni_controller
-- Installing: /home/potato/RC_2026/install/rc26_omni_controller/include/rc26_omni_controller/rc26_omni_controller/pid.hpp
-- Installing: /home/potato/RC_2026/install/rc26_omni_controller/include/rc26_omni_controller/rc26_omni_controller/omni_pid_pursuit_controller.hpp
-- Installing: /home/potato/RC_2026/install/rc26_omni_controller/share/rc26_omni_controller/environment/library_path.sh
-- Installing: /home/potato/RC_2026/install/rc26_omni_controller/share/rc26_omni_controller/environment/library_path.dsv
-- Installing: /home/potato/RC_2026/install/rc26_omni_controller/lib/librc26_omni_controller.so
-- Set runtime path of "/home/potato/RC_2026/install/rc26_omni_controller/lib/librc26_omni_controller.so" to ""
-- Installing: /home/potato/RC_2026/install/rc26_omni_controller/share/ament_index/resource_index/package_run_dependencies/rc26_omni_controller
-- Installing: /home/potato/RC_2026/install/rc26_omni_controller/share/ament_index/resource_index/parent_prefix_path/rc26_omni_controller
-- Installing: /home/potato/RC_2026/install/rc26_omni_controller/share/rc26_omni_controller/environment/ament_prefix_path.sh
-- Installing: /home/potato/RC_2026/install/rc26_omni_controller/share/rc26_omni_controller/environment/ament_prefix_path.dsv
-- Installing: /home/potato/RC_2026/install/rc26_omni_controller/share/rc26_omni_controller/environment/path.sh
-- Installing: /home/potato/RC_2026/install/rc26_omni_controller/share/rc26_omni_controller/environment/path.dsv
-- Installing: /home/potato/RC_2026/install/rc26_omni_controller/share/rc26_omni_controller/local_setup.bash
-- Installing: /home/potato/RC_2026/install/rc26_omni_controller/share/rc26_omni_controller/local_setup.sh
-- Installing: /home/potato/RC_2026/install/rc26_omni_controller/share/rc26_omni_controller/local_setup.zsh
-- Installing: /home/potato/RC_2026/install/rc26_omni_controller/share/rc26_omni_controller/local_setup.dsv
-- Installing: /home/potato/RC_2026/install/rc26_omni_controller/share/rc26_omni_controller/package.dsv
-- Installing: /home/potato/RC_2026/install/rc26_omni_controller/share/ament_index/resource_index/packages/rc26_omni_controller
-- Installing: /home/potato/RC_2026/install/rc26_omni_controller/share/ament_index/resource_index/nav2_core__pluginlib__plugin/rc26_omni_controller
-- Installing: /home/potato/RC_2026/install/rc26_omni_controller/share/rc26_omni_controller/cmake/ament_cmake_export_dependencies-extras.cmake
-- Installing: /home/potato/RC_2026/install/rc26_omni_controller/share/rc26_omni_controller/cmake/ament_cmake_export_include_directories-extras.cmake
-- Installing: /home/potato/RC_2026/install/rc26_omni_controller/share/rc26_omni_controller/cmake/ament_cmake_export_libraries-extras.cmake
-- Installing: /home/potato/RC_2026/install/rc26_omni_controller/share/rc26_omni_controller/cmake/rc26_omni_controllerConfig.cmake
-- Installing: /home/potato/RC_2026/install/rc26_omni_controller/share/rc26_omni_controller/cmake/rc26_omni_controllerConfig-version.cmake
-- Installing: /home/potato/RC_2026/install/rc26_omni_controller/share/rc26_omni_controller/package.xml
