[0.006s] Invoking command in '/home/potato/RC_2026/build/rc26_omni_controller': /usr/bin/cmake /home/potato/RC_2026/RC_2026_1/rc26_omni_controller -DCMAKE_INSTALL_PREFIX=/home/potato/RC_2026/install/rc26_omni_controller
[0.051s] -- The C compiler identification is GNU 11.4.0
[0.096s] -- The CXX compiler identification is GNU 11.4.0
[0.102s] -- Detecting C compiler ABI info
[0.161s] -- Detecting C compiler ABI info - done
[0.166s] -- Check for working C compiler: /usr/bin/cc - skipped
[0.166s] -- Detecting C compile features
[0.167s] -- Detecting C compile features - done
[0.169s] -- Detecting CXX compiler ABI info
[0.230s] -- Detecting CXX compiler ABI info - done
[0.236s] -- Check for working CXX compiler: /usr/bin/c++ - skipped
[0.236s] -- Detecting CXX compile features
[0.237s] -- Detecting CXX compile features - done
[0.238s] -- Found ament_cmake_auto: 1.3.12 (/opt/ros/humble/share/ament_cmake_auto/cmake)
[0.360s] -- Found Python3: /usr/bin/python3 (found version "3.10.12") found components: Interpreter 
[0.505s] -- Found rosidl_generator_c: 3.1.7 (/opt/ros/humble/share/rosidl_generator_c/cmake)
[0.508s] -- Found rosidl_adapter: 3.1.7 (/opt/ros/humble/share/rosidl_adapter/cmake)
[0.513s] -- Found rosidl_generator_cpp: 3.1.7 (/opt/ros/humble/share/rosidl_generator_cpp/cmake)
[0.521s] -- Using all available rosidl_typesupport_c: rosidl_typesupport_fastrtps_c;rosidl_typesupport_introspection_c
[0.531s] -- Using all available rosidl_typesupport_cpp: rosidl_typesupport_fastrtps_cpp;rosidl_typesupport_introspection_cpp
[0.559s] -- Found rmw_implementation_cmake: 6.1.2 (/opt/ros/humble/share/rmw_implementation_cmake/cmake)
[0.560s] -- Found rmw_fastrtps_cpp: 6.2.9 (/opt/ros/humble/share/rmw_fastrtps_cpp/cmake)
[0.634s] -- Found OpenSSL: /usr/lib/x86_64-linux-gnu/libcrypto.so (found version "3.0.2")  
[0.656s] -- Found FastRTPS: /opt/ros/humble/include  
[0.690s] -- Using RMW implementation 'rmw_fastrtps_cpp' as default
[0.696s] -- Looking for pthread.h
[0.755s] -- Looking for pthread.h - found
[0.755s] -- Performing Test CMAKE_HAVE_LIBC_PTHREAD
[0.816s] -- Performing Test CMAKE_HAVE_LIBC_PTHREAD - Success
[0.817s] -- Found Threads: TRUE  
[1.035s] -- Found Eigen3: TRUE (found version "3.4.0") 
[1.035s] -- Ensuring Eigen3 include directory is part of orocos-kdl CMake target
[1.172s] -- Configuring done
[1.215s] -- Generating done
[1.220s] -- Build files have been written to: /home/potato/RC_2026/build/rc26_omni_controller
[1.229s] Invoked command in '/home/potato/RC_2026/build/rc26_omni_controller' returned '0': /usr/bin/cmake /home/potato/RC_2026/RC_2026_1/rc26_omni_controller -DCMAKE_INSTALL_PREFIX=/home/potato/RC_2026/install/rc26_omni_controller
[1.230s] Invoking command in '/home/potato/RC_2026/build/rc26_omni_controller': /usr/bin/cmake --build /home/potato/RC_2026/build/rc26_omni_controller -- -j28 -l28
[1.274s] [ 33%] [32mBuilding CXX object CMakeFiles/rc26_omni_controller.dir/src/omni_pid_pursuit_controller.cpp.o[0m
[1.276s] [ 66%] [32mBuilding CXX object CMakeFiles/rc26_omni_controller.dir/src/pid.cpp.o[0m
[5.666s] [100%] [32m[1mLinking CXX shared library librc26_omni_controller.so[0m
[6.031s] [100%] Built target rc26_omni_controller
[6.042s] Invoked command in '/home/potato/RC_2026/build/rc26_omni_controller' returned '0': /usr/bin/cmake --build /home/potato/RC_2026/build/rc26_omni_controller -- -j28 -l28
[6.043s] Invoking command in '/home/potato/RC_2026/build/rc26_omni_controller': /usr/bin/cmake --install /home/potato/RC_2026/build/rc26_omni_controller
[6.048s] -- Install configuration: ""
[6.049s] -- Installing: /home/potato/RC_2026/install/rc26_omni_controller/share/rc26_omni_controller/rc26_omni_controller.xml
[6.049s] -- Installing: /home/potato/RC_2026/install/rc26_omni_controller/include/rc26_omni_controller
[6.049s] -- Installing: /home/potato/RC_2026/install/rc26_omni_controller/include/rc26_omni_controller/rc26_omni_controller
[6.049s] -- Installing: /home/potato/RC_2026/install/rc26_omni_controller/include/rc26_omni_controller/rc26_omni_controller/pid.hpp
[6.049s] -- Installing: /home/potato/RC_2026/install/rc26_omni_controller/include/rc26_omni_controller/rc26_omni_controller/omni_pid_pursuit_controller.hpp
[6.049s] -- Installing: /home/potato/RC_2026/install/rc26_omni_controller/share/rc26_omni_controller/environment/library_path.sh
[6.049s] -- Installing: /home/potato/RC_2026/install/rc26_omni_controller/share/rc26_omni_controller/environment/library_path.dsv
[6.049s] -- Installing: /home/potato/RC_2026/install/rc26_omni_controller/lib/librc26_omni_controller.so
[6.051s] -- Set runtime path of "/home/potato/RC_2026/install/rc26_omni_controller/lib/librc26_omni_controller.so" to ""
[6.051s] -- Installing: /home/potato/RC_2026/install/rc26_omni_controller/share/ament_index/resource_index/package_run_dependencies/rc26_omni_controller
[6.051s] -- Installing: /home/potato/RC_2026/install/rc26_omni_controller/share/ament_index/resource_index/parent_prefix_path/rc26_omni_controller
[6.051s] -- Installing: /home/potato/RC_2026/install/rc26_omni_controller/share/rc26_omni_controller/environment/ament_prefix_path.sh
[6.051s] -- Installing: /home/potato/RC_2026/install/rc26_omni_controller/share/rc26_omni_controller/environment/ament_prefix_path.dsv
[6.051s] -- Installing: /home/potato/RC_2026/install/rc26_omni_controller/share/rc26_omni_controller/environment/path.sh
[6.051s] -- Installing: /home/potato/RC_2026/install/rc26_omni_controller/share/rc26_omni_controller/environment/path.dsv
[6.051s] -- Installing: /home/potato/RC_2026/install/rc26_omni_controller/share/rc26_omni_controller/local_setup.bash
[6.051s] -- Installing: /home/potato/RC_2026/install/rc26_omni_controller/share/rc26_omni_controller/local_setup.sh
[6.052s] -- Installing: /home/potato/RC_2026/install/rc26_omni_controller/share/rc26_omni_controller/local_setup.zsh
[6.052s] -- Installing: /home/potato/RC_2026/install/rc26_omni_controller/share/rc26_omni_controller/local_setup.dsv
[6.052s] -- Installing: /home/potato/RC_2026/install/rc26_omni_controller/share/rc26_omni_controller/package.dsv
[6.052s] -- Installing: /home/potato/RC_2026/install/rc26_omni_controller/share/ament_index/resource_index/packages/rc26_omni_controller
[6.052s] -- Installing: /home/potato/RC_2026/install/rc26_omni_controller/share/ament_index/resource_index/nav2_core__pluginlib__plugin/rc26_omni_controller
[6.052s] -- Installing: /home/potato/RC_2026/install/rc26_omni_controller/share/rc26_omni_controller/cmake/ament_cmake_export_dependencies-extras.cmake
[6.052s] -- Installing: /home/potato/RC_2026/install/rc26_omni_controller/share/rc26_omni_controller/cmake/ament_cmake_export_include_directories-extras.cmake
[6.052s] -- Installing: /home/potato/RC_2026/install/rc26_omni_controller/share/rc26_omni_controller/cmake/ament_cmake_export_libraries-extras.cmake
[6.052s] -- Installing: /home/potato/RC_2026/install/rc26_omni_controller/share/rc26_omni_controller/cmake/rc26_omni_controllerConfig.cmake
[6.052s] -- Installing: /home/potato/RC_2026/install/rc26_omni_controller/share/rc26_omni_controller/cmake/rc26_omni_controllerConfig-version.cmake
[6.052s] -- Installing: /home/potato/RC_2026/install/rc26_omni_controller/share/rc26_omni_controller/package.xml
[6.053s] Invoked command in '/home/potato/RC_2026/build/rc26_omni_controller' returned '0': /usr/bin/cmake --install /home/potato/RC_2026/build/rc26_omni_controller
