-- Found ament_cmake: 1.3.12 (/opt/ros/humble/share/ament_cmake/cmake)
-- Found rclcpp: 16.0.16 (/opt/ros/humble/share/rclcpp/cmake)
-- Found rosidl_generator_c: 3.1.7 (/opt/ros/humble/share/rosidl_generator_c/cmake)
-- Found rosidl_adapter: 3.1.7 (/opt/ros/humble/share/rosidl_adapter/cmake)
-- Found rosidl_generator_cpp: 3.1.7 (/opt/ros/humble/share/rosidl_generator_cpp/cmake)
-- Using all available rosidl_typesupport_c: rosidl_typesupport_fastrtps_c;rosidl_typesupport_introspection_c
-- Using all available rosidl_typesupport_cpp: rosidl_typesupport_fastrtps_cpp;rosidl_typesupport_introspection_cpp
-- Found rmw_implementation_cmake: 6.1.2 (/opt/ros/humble/share/rmw_implementation_cmake/cmake)
-- Found rmw_fastrtps_cpp: 6.2.9 (/opt/ros/humble/share/rmw_fastrtps_cpp/cmake)
-- Using RMW implementation 'rmw_fastrtps_cpp' as default
-- Found nav_msgs: 4.9.0 (/opt/ros/humble/share/nav_msgs/cmake)
-- Found sensor_msgs: 4.9.0 (/opt/ros/humble/share/sensor_msgs/cmake)
-- Found tf2: 0.25.17 (/opt/ros/humble/share/tf2/cmake)
-- Found tf2_ros: 0.25.17 (/opt/ros/humble/share/tf2_ros/cmake)
-- Found rc26_serial: 0.1.0 (/home/potato/RC_2026/install/rc26_serial/share/rc26_serial/cmake)
-- Configuring done
-- Generating done
-- Build files have been written to: /home/potato/RC_2026/build/rc26_merge_odom
[  6%] [32mBuilding CXX object CMakeFiles/can_odom.dir/src/can/can_odom.cpp.o[0m
[ 12%] [32mBuilding CXX object CMakeFiles/single_wheel_test_node.dir/src/scripts/single_wheel_test_node.cpp.o[0m
[ 18%] [32mBuilding CXX object CMakeFiles/dm_imu_driver.dir/src/imu/dm_imu_driver.cpp.o[0m
[ 25%] [32mBuilding CXX object CMakeFiles/pose_sender.dir/src/pose/pose_sender.cpp.o[0m
[ 31%] [32m[1mLinking CXX executable single_wheel_test_node[0m
[ 31%] Built target single_wheel_test_node
[ 37%] [32m[1mLinking CXX shared library libcan_odom.so[0m
[ 37%] Built target can_odom
[ 43%] [32m[1mLinking CXX shared library libpose_sender.so[0m
[ 43%] Built target pose_sender
