[0.009s] Invoking command in '/home/potato/RC_2026/build/rc26_merge_odom': CMAKE_PREFIX_PATH=/home/potato/RC_2026/install/rc26_serial:/home/potato/RC_2026/install/small_gicp:/home/potato/RC_2026/install/rc26_merge_odom:/home/potato/RC_2026/install/rc26_bringup:/home/potato/RC_2026/install/rc26_decision:/home/potato/RC_2026/install/rc26_sensor_scan:/home/potato/RC_2026/install/rc26_perception:/home/potato/RC_2026/install/rc26_omni_controller:/home/potato/RC_2026/install/rc26_odom_interface:/home/potato/RC_2026/install/rc26_localization:/home/potato/RC_2026/install/point_lio:/home/potato/RC_2026/install/mid360_driver:/opt/ros/humble:/opt/ros/humble LD_LIBRARY_PATH=/home/potato/RC_2026/install/rc26_serial/lib:/home/potato/RC_2026/install/small_gicp/lib:/home/potato/RC_2026/install/rc26_merge_odom/lib:/home/potato/RC_2026/install/rc26_decision/lib:/home/potato/RC_2026/install/rc26_sensor_scan/lib:/home/potato/RC_2026/install/rc26_perception/lib:/home/potato/RC_2026/install/rc26_omni_controller/lib:/home/potato/RC_2026/install/rc26_odom_interface/lib:/home/potato/RC_2026/install/rc26_localization/lib:/home/potato/RC_2026/install/mid360_driver/lib:/usr/local/lib:/usr/local/cuda/lib64:/usr/local/lib:/lib64:/usr/lib/x86_64-linux-gnu/gazebo-11/plugins:/opt/ros/humble/opt/rviz_ogre_vendor/lib:/opt/ros/humble/lib/x86_64-linux-gnu:/opt/ros/humble/opt/openvdb_vendor/lib:/opt/ros/humble/lib /usr/bin/cmake --build /home/potato/RC_2026/build/rc26_merge_odom -- -j28 -l28
[0.030s] -- Found ament_cmake: 1.3.12 (/opt/ros/humble/share/ament_cmake/cmake)
[0.122s] -- Found rclcpp: 16.0.16 (/opt/ros/humble/share/rclcpp/cmake)
[0.143s] -- Found rosidl_generator_c: 3.1.7 (/opt/ros/humble/share/rosidl_generator_c/cmake)
[0.145s] -- Found rosidl_adapter: 3.1.7 (/opt/ros/humble/share/rosidl_adapter/cmake)
[0.148s] -- Found rosidl_generator_cpp: 3.1.7 (/opt/ros/humble/share/rosidl_generator_cpp/cmake)
[0.155s] -- Using all available rosidl_typesupport_c: rosidl_typesupport_fastrtps_c;rosidl_typesupport_introspection_c
[0.163s] -- Using all available rosidl_typesupport_cpp: rosidl_typesupport_fastrtps_cpp;rosidl_typesupport_introspection_cpp
[0.184s] -- Found rmw_implementation_cmake: 6.1.2 (/opt/ros/humble/share/rmw_implementation_cmake/cmake)
[0.185s] -- Found rmw_fastrtps_cpp: 6.2.9 (/opt/ros/humble/share/rmw_fastrtps_cpp/cmake)
[0.268s] -- Using RMW implementation 'rmw_fastrtps_cpp' as default
[0.301s] -- Found nav_msgs: 4.9.0 (/opt/ros/humble/share/nav_msgs/cmake)
[0.325s] -- Found sensor_msgs: 4.9.0 (/opt/ros/humble/share/sensor_msgs/cmake)
[0.337s] -- Found tf2: 0.25.17 (/opt/ros/humble/share/tf2/cmake)
[0.339s] -- Found tf2_ros: 0.25.17 (/opt/ros/humble/share/tf2_ros/cmake)
[0.391s] -- Found rc26_serial: 0.1.0 (/home/potato/RC_2026/install/rc26_serial/share/rc26_serial/cmake)
[0.446s] -- Configuring done
[0.466s] -- Generating done
[0.474s] -- Build files have been written to: /home/potato/RC_2026/build/rc26_merge_odom
[0.510s] [  6%] [32mBuilding CXX object CMakeFiles/can_odom.dir/src/can/can_odom.cpp.o[0m
[0.510s] [ 12%] [32mBuilding CXX object CMakeFiles/single_wheel_test_node.dir/src/scripts/single_wheel_test_node.cpp.o[0m
[0.511s] [ 18%] [32mBuilding CXX object CMakeFiles/dm_imu_driver.dir/src/imu/dm_imu_driver.cpp.o[0m
[0.511s] [ 25%] [32mBuilding CXX object CMakeFiles/pose_sender.dir/src/pose/pose_sender.cpp.o[0m
[0.560s] In file included from [01m[K/home/potato/RC_2026/RC_2026_1/rc26_merge_odom/src/imu/dm_imu_driver.cpp:2[m[K:
[0.560s] [01m[K/home/potato/RC_2026/RC_2026_1/rc26_merge_odom/include/rc26_merge_odom/imu/dm_imu_driver.hpp:20:10:[m[K [01;31m[Kfatal error: [m[Krc26_merge_odom/dm_protocol.hpp: 没有那个文件或目录
[0.560s]    20 | #include [01;31m[K"rc26_merge_odom/dm_protocol.hpp"[m[K
[0.560s]       |          [01;31m[K^~~~~~~~~~~~~~~~~~~~~~~~~~~~~~~~~[m[K
[0.560s] compilation terminated.
[0.561s] gmake[2]: *** [CMakeFiles/dm_imu_driver.dir/build.make:76：CMakeFiles/dm_imu_driver.dir/src/imu/dm_imu_driver.cpp.o] 错误 1
[0.561s] gmake[1]: *** [CMakeFiles/Makefile2:282：CMakeFiles/dm_imu_driver.dir/all] 错误 2
[0.562s] gmake[1]: *** 正在等待未完成的任务....
[2.353s] [ 31%] [32m[1mLinking CXX executable single_wheel_test_node[0m
[2.444s] [ 31%] Built target single_wheel_test_node
[3.215s] [ 37%] [32m[1mLinking CXX shared library libcan_odom.so[0m
[3.346s] [ 37%] Built target can_odom
[6.776s] [ 43%] [32m[1mLinking CXX shared library libpose_sender.so[0m
[7.131s] [ 43%] Built target pose_sender
[7.132s] gmake: *** [Makefile:146：all] 错误 2
[7.134s] Invoked command in '/home/potato/RC_2026/build/rc26_merge_odom' returned '2': CMAKE_PREFIX_PATH=/home/potato/RC_2026/install/rc26_serial:/home/potato/RC_2026/install/small_gicp:/home/potato/RC_2026/install/rc26_merge_odom:/home/potato/RC_2026/install/rc26_bringup:/home/potato/RC_2026/install/rc26_decision:/home/potato/RC_2026/install/rc26_sensor_scan:/home/potato/RC_2026/install/rc26_perception:/home/potato/RC_2026/install/rc26_omni_controller:/home/potato/RC_2026/install/rc26_odom_interface:/home/potato/RC_2026/install/rc26_localization:/home/potato/RC_2026/install/point_lio:/home/potato/RC_2026/install/mid360_driver:/opt/ros/humble:/opt/ros/humble LD_LIBRARY_PATH=/home/potato/RC_2026/install/rc26_serial/lib:/home/potato/RC_2026/install/small_gicp/lib:/home/potato/RC_2026/install/rc26_merge_odom/lib:/home/potato/RC_2026/install/rc26_decision/lib:/home/potato/RC_2026/install/rc26_sensor_scan/lib:/home/potato/RC_2026/install/rc26_perception/lib:/home/potato/RC_2026/install/rc26_omni_controller/lib:/home/potato/RC_2026/install/rc26_odom_interface/lib:/home/potato/RC_2026/install/rc26_localization/lib:/home/potato/RC_2026/install/mid360_driver/lib:/usr/local/lib:/usr/local/cuda/lib64:/usr/local/lib:/lib64:/usr/lib/x86_64-linux-gnu/gazebo-11/plugins:/opt/ros/humble/opt/rviz_ogre_vendor/lib:/opt/ros/humble/lib/x86_64-linux-gnu:/opt/ros/humble/opt/openvdb_vendor/lib:/opt/ros/humble/lib /usr/bin/cmake --build /home/potato/RC_2026/build/rc26_merge_odom -- -j28 -l28
