[0.005s] Invoking command in '/home/potato/RC_2026/build/point_lio': /usr/bin/cmake /home/potato/RC_2026/RC_2026_1/point_lio -DCMAKE_INSTALL_PREFIX=/home/potato/RC_2026/install/point_lio
[0.047s] -- The C compiler identification is GNU 11.4.0
[0.089s] -- The CXX compiler identification is GNU 11.4.0
[0.094s] -- Detecting C compiler ABI info
[0.152s] -- Detecting C compiler ABI info - done
[0.157s] -- Check for working C compiler: /usr/bin/cc - skipped
[0.157s] -- Detecting C compile features
[0.157s] -- Detecting C compile features - done
[0.159s] -- Detecting CXX compiler ABI info
[0.222s] -- Detecting CXX compiler ABI info - done
[0.230s] -- Check for working CXX compiler: /usr/bin/c++ - skipped
[0.230s] -- Detecting CXX compile features
[0.231s] -- Detecting CXX compile features - done
[0.237s] -- Processor number:  28
[0.237s] -- core for MP:  3
[0.239s] -- Found ament_cmake: 1.3.12 (/opt/ros/humble/share/ament_cmake/cmake)
[0.361s] -- Found Python3: /usr/bin/python3 (found version "3.10.12") found components: Interpreter 
[0.421s] -- Found rclcpp: 16.0.16 (/opt/ros/humble/share/rclcpp/cmake)
[0.449s] -- Found rosidl_generator_c: 3.1.7 (/opt/ros/humble/share/rosidl_generator_c/cmake)
[0.453s] -- Found rosidl_adapter: 3.1.7 (/opt/ros/humble/share/rosidl_adapter/cmake)
[0.458s] -- Found rosidl_generator_cpp: 3.1.7 (/opt/ros/humble/share/rosidl_generator_cpp/cmake)
[0.466s] -- Using all available rosidl_typesupport_c: rosidl_typesupport_fastrtps_c;rosidl_typesupport_introspection_c
[0.476s] -- Using all available rosidl_typesupport_cpp: rosidl_typesupport_fastrtps_cpp;rosidl_typesupport_introspection_cpp
[0.504s] -- Found rmw_implementation_cmake: 6.1.2 (/opt/ros/humble/share/rmw_implementation_cmake/cmake)
[0.505s] -- Found rmw_fastrtps_cpp: 6.2.9 (/opt/ros/humble/share/rmw_fastrtps_cpp/cmake)
[0.576s] -- Found OpenSSL: /usr/lib/x86_64-linux-gnu/libcrypto.so (found version "3.0.2")  
[0.600s] -- Found FastRTPS: /opt/ros/humble/include  
[0.633s] -- Using RMW implementation 'rmw_fastrtps_cpp' as default
[0.639s] -- Looking for pthread.h
[0.699s] -- Looking for pthread.h - found
[0.699s] -- Performing Test CMAKE_HAVE_LIBC_PTHREAD
[0.761s] -- Performing Test CMAKE_HAVE_LIBC_PTHREAD - Success
[0.762s] -- Found Threads: TRUE  
[0.796s] -- Found rclpy: 3.3.19 (/opt/ros/humble/share/rclpy/cmake)
[0.797s] -- Found geometry_msgs: 4.9.0 (/opt/ros/humble/share/geometry_msgs/cmake)
[0.806s] -- Found nav_msgs: 4.9.0 (/opt/ros/humble/share/nav_msgs/cmake)
[0.820s] -- Found sensor_msgs: 4.9.0 (/opt/ros/humble/share/sensor_msgs/cmake)
[0.832s] -- Found visualization_msgs: 4.9.0 (/opt/ros/humble/share/visualization_msgs/cmake)
[0.847s] -- Found pcl_ros: 2.4.5 (/opt/ros/humble/share/pcl_ros/cmake)
[0.883s] -- Checking for module 'eigen3'
[0.895s] --   Found eigen3, version 3.4.0
[0.926s] -- Found Eigen: /usr/include/eigen3 (Required is at least version "3.1") 
[0.926s] -- Eigen found (include: /usr/include/eigen3, version: 3.4.0)
[0.960s] -- Checking for module 'flann'
[0.972s] --   Found flann, version 1.9.1
[1.009s] -- Found FLANN: /usr/lib/x86_64-linux-gnu/libflann_cpp.so  
[1.009s] -- FLANN found (include: /usr/include, lib: /usr/lib/x86_64-linux-gnu/libflann_cpp.so)
[1.803s] -- Checking for module 'libusb-1.0'
[1.816s] --   Found libusb-1.0, version 1.0.25
[1.851s] -- Found libusb: /usr/lib/x86_64-linux-gnu/libusb-1.0.so  
[1.852s] -- OpenNI found (version: 1.5.4.0, include: /usr/include/ni, lib: /usr/lib/libOpenNI.so;libusb::libusb)
[1.904s] -- OpenNI2 found (version: 2.2.0.33, include: /usr/include/openni2, lib: /usr/lib/x86_64-linux-gnu/libOpenNI2.so;libusb::libusb)
[2.028s] -- Eigen found (include: /usr/include/eigen3, version: 3.4.0)
[2.034s] -- OpenNI found (version: 1.5.4.0, include: /usr/include/ni, lib: /usr/lib/libOpenNI.so;libusb::libusb)
[2.039s] -- OpenNI2 found (version: 2.2.0.33, include: /usr/include/openni2, lib: /usr/lib/x86_64-linux-gnu/libOpenNI2.so;libusb::libusb)
[2.149s] -- Found Qhull version 8.0.2
[2.256s] -- OpenNI found (version: 1.5.4.0, include: /usr/include/ni, lib: /usr/lib/libOpenNI.so;libusb::libusb)
[2.362s] -- Found PCL_COMMON: /usr/lib/x86_64-linux-gnu/libpcl_common.so  
[2.363s] -- Found PCL_KDTREE: /usr/lib/x86_64-linux-gnu/libpcl_kdtree.so  
[2.363s] -- Found PCL_OCTREE: /usr/lib/x86_64-linux-gnu/libpcl_octree.so  
[2.364s] -- Found PCL_SEARCH: /usr/lib/x86_64-linux-gnu/libpcl_search.so  
[2.365s] -- Found PCL_SAMPLE_CONSENSUS: /usr/lib/x86_64-linux-gnu/libpcl_sample_consensus.so  
[2.365s] -- Found PCL_FILTERS: /usr/lib/x86_64-linux-gnu/libpcl_filters.so  
[2.366s] -- Found PCL_2D: /usr/include/pcl-1.12  
[2.366s] -- Found PCL_GEOMETRY: /usr/include/pcl-1.12  
[2.366s] -- Found PCL_IO: /usr/lib/x86_64-linux-gnu/libpcl_io.so  
[2.367s] -- Found PCL_FEATURES: /usr/lib/x86_64-linux-gnu/libpcl_features.so  
[2.368s] -- Found PCL_ML: /usr/lib/x86_64-linux-gnu/libpcl_ml.so  
[2.368s] -- Found PCL_SEGMENTATION: /usr/lib/x86_64-linux-gnu/libpcl_segmentation.so  
[2.369s] -- Found PCL_VISUALIZATION: /usr/lib/x86_64-linux-gnu/libpcl_visualization.so  
[2.370s] -- Found PCL_SURFACE: /usr/lib/x86_64-linux-gnu/libpcl_surface.so  
[2.370s] -- Found PCL_REGISTRATION: /usr/lib/x86_64-linux-gnu/libpcl_registration.so  
[2.371s] -- Found PCL_KEYPOINTS: /usr/lib/x86_64-linux-gnu/libpcl_keypoints.so  
[2.372s] -- Found PCL_TRACKING: /usr/lib/x86_64-linux-gnu/libpcl_tracking.so  
[2.372s] -- Found PCL_RECOGNITION: /usr/lib/x86_64-linux-gnu/libpcl_recognition.so  
[2.373s] -- Found PCL_STEREO: /usr/lib/x86_64-linux-gnu/libpcl_stereo.so  
[2.374s] -- Found PCL_APPS: /usr/lib/x86_64-linux-gnu/libpcl_apps.so  
[2.374s] -- Found PCL_IN_HAND_SCANNER: /usr/include/pcl-1.12  
[2.374s] -- Found PCL_MODELER: /usr/include/pcl-1.12  
[2.375s] -- Found PCL_POINT_CLOUD_EDITOR: /usr/include/pcl-1.12  
[2.375s] -- Found PCL_OUTOFCORE: /usr/lib/x86_64-linux-gnu/libpcl_outofcore.so  
[2.376s] -- Found PCL_PEOPLE: /usr/lib/x86_64-linux-gnu/libpcl_people.so  
[2.409s] -- Found eigen3_cmake_module: 0.1.1 (/opt/ros/humble/share/eigen3_cmake_module/cmake)
[2.410s] -- Found Eigen3: TRUE (found version "3.4.0") 
[2.410s] -- Ensuring Eigen3 include directory is part of orocos-kdl CMake target
[2.769s] -- Found PythonLibs: /usr/lib/x86_64-linux-gnu/libpython3.10.so (found version "3.10.12") 
[2.824s] -- Configuring done
[2.865s] -- Generating done
[2.871s] -- Build files have been written to: /home/potato/RC_2026/build/point_lio
[2.883s] Invoked command in '/home/potato/RC_2026/build/point_lio' returned '0': /usr/bin/cmake /home/potato/RC_2026/RC_2026_1/point_lio -DCMAKE_INSTALL_PREFIX=/home/potato/RC_2026/install/point_lio
[2.885s] Invoking command in '/home/potato/RC_2026/build/point_lio': /usr/bin/cmake --build /home/potato/RC_2026/build/point_lio -- -j28 -l28
[2.926s] [ 28%] [32mBuilding CXX object CMakeFiles/pointlio_mapping.dir/src/li_initialization.cpp.o[0m
[2.926s] [ 28%] [32mBuilding CXX object CMakeFiles/pointlio_mapping.dir/src/parameters.cpp.o[0m
[2.927s] [ 42%] [32mBuilding CXX object CMakeFiles/pointlio_mapping.dir/src/laserMapping.cpp.o[0m
[2.928s] [ 57%] [32mBuilding CXX object CMakeFiles/pointlio_mapping.dir/src/preprocess.cpp.o[0m
[2.928s] [ 85%] [32mBuilding CXX object CMakeFiles/pointlio_mapping.dir/src/IMU_Processing.cpp.o[0m
[2.928s] [ 85%] [32mBuilding CXX object CMakeFiles/pointlio_mapping.dir/src/Estimator.cpp.o[0m
[34.676s] [100%] [32m[1mLinking CXX executable pointlio_mapping[0m
[35.438s] [100%] Built target pointlio_mapping
[35.456s] Invoked command in '/home/potato/RC_2026/build/point_lio' returned '0': /usr/bin/cmake --build /home/potato/RC_2026/build/point_lio -- -j28 -l28
[35.461s] Invoking command in '/home/potato/RC_2026/build/point_lio': /usr/bin/cmake --install /home/potato/RC_2026/build/point_lio
[35.472s] -- Install configuration: "Release"
[35.472s] -- Installing: /home/potato/RC_2026/install/point_lio/lib/point_lio/pointlio_mapping
[35.475s] -- Set runtime path of "/home/potato/RC_2026/install/point_lio/lib/point_lio/pointlio_mapping" to ""
[35.475s] -- Installing: /home/potato/RC_2026/install/point_lio/share/point_lio/config
[35.475s] -- Installing: /home/potato/RC_2026/install/point_lio/share/point_lio/config/horizon.yaml
[35.475s] -- Installing: /home/potato/RC_2026/install/point_lio/share/point_lio/config/mid360.yaml
[35.475s] -- Installing: /home/potato/RC_2026/install/point_lio/share/point_lio/config/ouster64.yaml
[35.476s] -- Installing: /home/potato/RC_2026/install/point_lio/share/point_lio/config/velody16.yaml
[35.476s] -- Installing: /home/potato/RC_2026/install/point_lio/share/point_lio/config/avia.yaml
[35.476s] -- Installing: /home/potato/RC_2026/install/point_lio/share/point_lio/launch
[35.476s] -- Installing: /home/potato/RC_2026/install/point_lio/share/point_lio/launch/point_lio.launch.py
[35.476s] -- Installing: /home/potato/RC_2026/install/point_lio/share/point_lio/rviz_cfg
[35.476s] -- Installing: /home/potato/RC_2026/install/point_lio/share/point_lio/rviz_cfg/loam_livox.rviz
[35.476s] -- Installing: /home/potato/RC_2026/install/point_lio/share/point_lio/rviz_cfg/.gitignore
[35.477s] -- Installing: /home/potato/RC_2026/install/point_lio/share/ament_index/resource_index/package_run_dependencies/point_lio
[35.477s] -- Installing: /home/potato/RC_2026/install/point_lio/share/ament_index/resource_index/parent_prefix_path/point_lio
[35.478s] -- Installing: /home/potato/RC_2026/install/point_lio/share/point_lio/environment/ament_prefix_path.sh
[35.478s] -- Installing: /home/potato/RC_2026/install/point_lio/share/point_lio/environment/ament_prefix_path.dsv
[35.478s] -- Installing: /home/potato/RC_2026/install/point_lio/share/point_lio/environment/path.sh
[35.478s] -- Installing: /home/potato/RC_2026/install/point_lio/share/point_lio/environment/path.dsv
[35.479s] -- Installing: /home/potato/RC_2026/install/point_lio/share/point_lio/local_setup.bash
[35.479s] -- Installing: /home/potato/RC_2026/install/point_lio/share/point_lio/local_setup.sh
[35.479s] -- Installing: /home/potato/RC_2026/install/point_lio/share/point_lio/local_setup.zsh
[35.479s] -- Installing: /home/potato/RC_2026/install/point_lio/share/point_lio/local_setup.dsv
[35.479s] -- Installing: /home/potato/RC_2026/install/point_lio/share/point_lio/package.dsv
[35.479s] -- Installing: /home/potato/RC_2026/install/point_lio/share/ament_index/resource_index/packages/point_lio
[35.479s] -- Installing: /home/potato/RC_2026/install/point_lio/share/point_lio/cmake/ament_cmake_export_dependencies-extras.cmake
[35.480s] -- Installing: /home/potato/RC_2026/install/point_lio/share/point_lio/cmake/point_lioConfig.cmake
[35.480s] -- Installing: /home/potato/RC_2026/install/point_lio/share/point_lio/cmake/point_lioConfig-version.cmake
[35.480s] -- Installing: /home/potato/RC_2026/install/point_lio/share/point_lio/package.xml
[35.483s] Invoked command in '/home/potato/RC_2026/build/point_lio' returned '0': /usr/bin/cmake --install /home/potato/RC_2026/build/point_lio
