[0.007s] Invoking command in '/home/potato/RC_2026/build/small_gicp': /usr/bin/cmake --build /home/potato/RC_2026/build/small_gicp -- -j28 -l28
[0.054s] [100%] Built target small_gicp
[0.064s] Invoked command in '/home/potato/RC_2026/build/small_gicp' returned '0': /usr/bin/cmake --build /home/potato/RC_2026/build/small_gicp -- -j28 -l28
[0.066s] Invoking command in '/home/potato/RC_2026/build/small_gicp': /usr/bin/cmake --install /home/potato/RC_2026/build/small_gicp
[0.072s] -- Install configuration: "Release"
[0.072s] -- Up-to-date: /home/potato/RC_2026/install/small_gicp/include
[0.072s] -- Up-to-date: /home/potato/RC_2026/install/small_gicp/include/small_gicp
[0.072s] -- Up-to-date: /home/potato/RC_2026/install/small_gicp/include/small_gicp/factors
[0.072s] -- Up-to-date: /home/potato/RC_2026/install/small_gicp/include/small_gicp/factors/general_factor.hpp
[0.072s] -- Up-to-date: /home/potato/RC_2026/install/small_gicp/include/small_gicp/factors/robust_kernel.hpp
[0.072s] -- Up-to-date: /home/potato/RC_2026/install/small_gicp/include/small_gicp/factors/icp_factor.hpp
[0.072s] -- Up-to-date: /home/potato/RC_2026/install/small_gicp/include/small_gicp/factors/plane_icp_factor.hpp
[0.072s] -- Up-to-date: /home/potato/RC_2026/install/small_gicp/include/small_gicp/factors/gicp_factor.hpp
[0.072s] -- Up-to-date: /home/potato/RC_2026/install/small_gicp/include/small_gicp/points
[0.073s] -- Up-to-date: /home/potato/RC_2026/install/small_gicp/include/small_gicp/points/point_cloud.hpp
[0.073s] -- Up-to-date: /home/potato/RC_2026/install/small_gicp/include/small_gicp/points/traits.hpp
[0.073s] -- Up-to-date: /home/potato/RC_2026/install/small_gicp/include/small_gicp/points/eigen.hpp
[0.073s] -- Up-to-date: /home/potato/RC_2026/install/small_gicp/include/small_gicp/pcl
[0.073s] -- Up-to-date: /home/potato/RC_2026/install/small_gicp/include/small_gicp/pcl/pcl_registration_impl.hpp
[0.073s] -- Up-to-date: /home/potato/RC_2026/install/small_gicp/include/small_gicp/pcl/pcl_point_traits.hpp
[0.073s] -- Up-to-date: /home/potato/RC_2026/install/small_gicp/include/small_gicp/pcl/pcl_point.hpp
[0.073s] -- Up-to-date: /home/potato/RC_2026/install/small_gicp/include/small_gicp/pcl/pcl_proxy.hpp
[0.073s] -- Up-to-date: /home/potato/RC_2026/install/small_gicp/include/small_gicp/pcl/pcl_registration.hpp
[0.073s] -- Up-to-date: /home/potato/RC_2026/install/small_gicp/include/small_gicp/ann
[0.073s] -- Up-to-date: /home/potato/RC_2026/install/small_gicp/include/small_gicp/ann/flat_container.hpp
[0.073s] -- Up-to-date: /home/potato/RC_2026/install/small_gicp/include/small_gicp/ann/gaussian_voxelmap.hpp
[0.073s] -- Up-to-date: /home/potato/RC_2026/install/small_gicp/include/small_gicp/ann/kdtree_omp.hpp
[0.073s] -- Up-to-date: /home/potato/RC_2026/install/small_gicp/include/small_gicp/ann/kdtree.hpp
[0.073s] -- Up-to-date: /home/potato/RC_2026/install/small_gicp/include/small_gicp/ann/kdtree_tbb.hpp
[0.073s] -- Up-to-date: /home/potato/RC_2026/install/small_gicp/include/small_gicp/ann/traits.hpp
[0.073s] -- Up-to-date: /home/potato/RC_2026/install/small_gicp/include/small_gicp/ann/projection.hpp
[0.073s] -- Up-to-date: /home/potato/RC_2026/install/small_gicp/include/small_gicp/ann/incremental_voxelmap.hpp
[0.073s] -- Up-to-date: /home/potato/RC_2026/install/small_gicp/include/small_gicp/ann/projective_search.hpp
[0.073s] -- Up-to-date: /home/potato/RC_2026/install/small_gicp/include/small_gicp/ann/sequential_voxelmap_accessor.hpp
[0.074s] -- Up-to-date: /home/potato/RC_2026/install/small_gicp/include/small_gicp/ann/knn_result.hpp
[0.074s] -- Up-to-date: /home/potato/RC_2026/install/small_gicp/include/small_gicp/benchmark
[0.074s] -- Up-to-date: /home/potato/RC_2026/install/small_gicp/include/small_gicp/benchmark/benchmark.hpp
[0.074s] -- Up-to-date: /home/potato/RC_2026/install/small_gicp/include/small_gicp/benchmark/benchmark_odom.hpp
[0.074s] -- Up-to-date: /home/potato/RC_2026/install/small_gicp/include/small_gicp/benchmark/read_points.hpp
[0.074s] -- Up-to-date: /home/potato/RC_2026/install/small_gicp/include/small_gicp/registration
[0.074s] -- Up-to-date: /home/potato/RC_2026/install/small_gicp/include/small_gicp/registration/registration_result.hpp
[0.074s] -- Up-to-date: /home/potato/RC_2026/install/small_gicp/include/small_gicp/registration/reduction_omp.hpp
[0.074s] -- Up-to-date: /home/potato/RC_2026/install/small_gicp/include/small_gicp/registration/termination_criteria.hpp
[0.074s] -- Up-to-date: /home/potato/RC_2026/install/small_gicp/include/small_gicp/registration/reduction.hpp
[0.074s] -- Up-to-date: /home/potato/RC_2026/install/small_gicp/include/small_gicp/registration/reduction_tbb.hpp
[0.074s] -- Up-to-date: /home/potato/RC_2026/install/small_gicp/include/small_gicp/registration/registration_helper.hpp
[0.074s] -- Up-to-date: /home/potato/RC_2026/install/small_gicp/include/small_gicp/registration/optimizer.hpp
[0.074s] -- Up-to-date: /home/potato/RC_2026/install/small_gicp/include/small_gicp/registration/rejector.hpp
[0.074s] -- Up-to-date: /home/potato/RC_2026/install/small_gicp/include/small_gicp/registration/registration.hpp
[0.074s] -- Up-to-date: /home/potato/RC_2026/install/small_gicp/include/small_gicp/util
[0.074s] -- Up-to-date: /home/potato/RC_2026/install/small_gicp/include/small_gicp/util/normal_estimation_tbb.hpp
[0.074s] -- Up-to-date: /home/potato/RC_2026/install/small_gicp/include/small_gicp/util/downsampling_tbb.hpp
[0.074s] -- Up-to-date: /home/potato/RC_2026/install/small_gicp/include/small_gicp/util/sort_omp.hpp
[0.074s] -- Up-to-date: /home/potato/RC_2026/install/small_gicp/include/small_gicp/util/normal_estimation.hpp
[0.074s] -- Up-to-date: /home/potato/RC_2026/install/small_gicp/include/small_gicp/util/fast_floor.hpp
[0.074s] -- Up-to-date: /home/potato/RC_2026/install/small_gicp/include/small_gicp/util/lie.hpp
[0.074s] -- Up-to-date: /home/potato/RC_2026/install/small_gicp/include/small_gicp/util/downsampling.hpp
[0.074s] -- Up-to-date: /home/potato/RC_2026/install/small_gicp/include/small_gicp/util/downsampling_omp.hpp
[0.074s] -- Up-to-date: /home/potato/RC_2026/install/small_gicp/include/small_gicp/util/vector3i_hash.hpp
[0.074s] -- Up-to-date: /home/potato/RC_2026/install/small_gicp/include/small_gicp/util/sort_tbb.hpp
[0.074s] -- Up-to-date: /home/potato/RC_2026/install/small_gicp/include/small_gicp/util/normal_estimation_omp.hpp
[0.074s] -- Up-to-date: /home/potato/RC_2026/install/small_gicp/lib/libsmall_gicp.so
[0.074s] -- Up-to-date: /home/potato/RC_2026/install/small_gicp/lib/cmake/small_gicp/small_gicp-targets.cmake
[0.074s] -- Up-to-date: /home/potato/RC_2026/install/small_gicp/lib/cmake/small_gicp/small_gicp-targets-release.cmake
[0.074s] -- Up-to-date: /home/potato/RC_2026/install/small_gicp/lib/cmake/small_gicp/small_gicp-config.cmake
[0.075s] -- Up-to-date: /home/potato/RC_2026/install/small_gicp/lib/cmake/small_gicp/small_gicp-config-version.cmake
[0.075s] Invoked command in '/home/potato/RC_2026/build/small_gicp' returned '0': /usr/bin/cmake --install /home/potato/RC_2026/build/small_gicp
