[35m[1mConsolidate compiler generated dependencies of target rc26_omni_controller[0m
[ 66%] [32mBuilding CXX object CMakeFiles/rc26_omni_controller.dir/src/pid.cpp.o[0m
[ 66%] [32mBuilding CXX object CMakeFiles/rc26_omni_controller.dir/src/omni_pid_pursuit_controller.cpp.o[0m
[100%] [32m[1mLinking CXX shared library librc26_omni_controller.so[0m
[100%] Built target rc26_omni_controller
-- Install configuration: ""
-- Up-to-date: /home/potato/RC_2026/install/rc26_omni_controller/share/rc26_omni_controller/rc26_omni_controller.xml
-- Up-to-date: /home/potato/RC_2026/install/rc26_omni_controller/include/rc26_omni_controller
-- Up-to-date: /home/potato/RC_2026/install/rc26_omni_controller/include/rc26_omni_controller/rc26_omni_controller
-- Up-to-date: /home/potato/RC_2026/install/rc26_omni_controller/include/rc26_omni_controller/rc26_omni_controller/pid.hpp
-- Up-to-date: /home/potato/RC_2026/install/rc26_omni_controller/include/rc26_omni_controller/rc26_omni_controller/omni_pid_pursuit_controller.hpp
-- Up-to-date: /home/potato/RC_2026/install/rc26_omni_controller/share/rc26_omni_controller/environment/library_path.sh
-- Up-to-date: /home/potato/RC_2026/install/rc26_omni_controller/share/rc26_omni_controller/environment/library_path.dsv
-- Installing: /home/potato/RC_2026/install/rc26_omni_controller/lib/librc26_omni_controller.so
-- Set runtime path of "/home/potato/RC_2026/install/rc26_omni_controller/lib/librc26_omni_controller.so" to ""
-- Up-to-date: /home/potato/RC_2026/install/rc26_omni_controller/share/ament_index/resource_index/package_run_dependencies/rc26_omni_controller
-- Up-to-date: /home/potato/RC_2026/install/rc26_omni_controller/share/ament_index/resource_index/parent_prefix_path/rc26_omni_controller
-- Up-to-date: /home/potato/RC_2026/install/rc26_omni_controller/share/rc26_omni_controller/environment/ament_prefix_path.sh
-- Up-to-date: /home/potato/RC_2026/install/rc26_omni_controller/share/rc26_omni_controller/environment/ament_prefix_path.dsv
-- Up-to-date: /home/potato/RC_2026/install/rc26_omni_controller/share/rc26_omni_controller/environment/path.sh
-- Up-to-date: /home/potato/RC_2026/install/rc26_omni_controller/share/rc26_omni_controller/environment/path.dsv
-- Up-to-date: /home/potato/RC_2026/install/rc26_omni_controller/share/rc26_omni_controller/local_setup.bash
-- Up-to-date: /home/potato/RC_2026/install/rc26_omni_controller/share/rc26_omni_controller/local_setup.sh
-- Up-to-date: /home/potato/RC_2026/install/rc26_omni_controller/share/rc26_omni_controller/local_setup.zsh
-- Up-to-date: /home/potato/RC_2026/install/rc26_omni_controller/share/rc26_omni_controller/local_setup.dsv
-- Installing: /home/potato/RC_2026/install/rc26_omni_controller/share/rc26_omni_controller/package.dsv
-- Up-to-date: /home/potato/RC_2026/install/rc26_omni_controller/share/ament_index/resource_index/packages/rc26_omni_controller
-- Up-to-date: /home/potato/RC_2026/install/rc26_omni_controller/share/ament_index/resource_index/nav2_core__pluginlib__plugin/rc26_omni_controller
-- Up-to-date: /home/potato/RC_2026/install/rc26_omni_controller/share/rc26_omni_controller/cmake/ament_cmake_export_dependencies-extras.cmake
-- Up-to-date: /home/potato/RC_2026/install/rc26_omni_controller/share/rc26_omni_controller/cmake/ament_cmake_export_include_directories-extras.cmake
-- Up-to-date: /home/potato/RC_2026/install/rc26_omni_controller/share/rc26_omni_controller/cmake/ament_cmake_export_libraries-extras.cmake
-- Up-to-date: /home/potato/RC_2026/install/rc26_omni_controller/share/rc26_omni_controller/cmake/rc26_omni_controllerConfig.cmake
-- Up-to-date: /home/potato/RC_2026/install/rc26_omni_controller/share/rc26_omni_controller/cmake/rc26_omni_controllerConfig-version.cmake
-- Up-to-date: /home/potato/RC_2026/install/rc26_omni_controller/share/rc26_omni_controller/package.xml
