[0.007s] Invoking command in '/home/potato/RC_2026/build/rc26_omni_controller': /usr/bin/cmake --build /home/potato/RC_2026/build/rc26_omni_controller -- -j28 -l28
[0.076s] [35m[1mConsolidate compiler generated dependencies of target rc26_omni_controller[0m
[0.101s] [ 66%] [32mBuilding CXX object CMakeFiles/rc26_omni_controller.dir/src/pid.cpp.o[0m
[0.101s] [ 66%] [32mBuilding CXX object CMakeFiles/rc26_omni_controller.dir/src/omni_pid_pursuit_controller.cpp.o[0m
[4.615s] [100%] [32m[1mLinking CXX shared library librc26_omni_controller.so[0m
[5.002s] [100%] Built target rc26_omni_controller
[5.011s] Invoked command in '/home/potato/RC_2026/build/rc26_omni_controller' returned '0': /usr/bin/cmake --build /home/potato/RC_2026/build/rc26_omni_controller -- -j28 -l28
[5.013s] Invoking command in '/home/potato/RC_2026/build/rc26_omni_controller': /usr/bin/cmake --install /home/potato/RC_2026/build/rc26_omni_controller
[5.020s] -- Install configuration: ""
[5.021s] -- Up-to-date: /home/potato/RC_2026/install/rc26_omni_controller/share/rc26_omni_controller/rc26_omni_controller.xml
[5.021s] -- Up-to-date: /home/potato/RC_2026/install/rc26_omni_controller/include/rc26_omni_controller
[5.021s] -- Up-to-date: /home/potato/RC_2026/install/rc26_omni_controller/include/rc26_omni_controller/rc26_omni_controller
[5.021s] -- Up-to-date: /home/potato/RC_2026/install/rc26_omni_controller/include/rc26_omni_controller/rc26_omni_controller/pid.hpp
[5.021s] -- Up-to-date: /home/potato/RC_2026/install/rc26_omni_controller/include/rc26_omni_controller/rc26_omni_controller/omni_pid_pursuit_controller.hpp
[5.021s] -- Up-to-date: /home/potato/RC_2026/install/rc26_omni_controller/share/rc26_omni_controller/environment/library_path.sh
[5.021s] -- Up-to-date: /home/potato/RC_2026/install/rc26_omni_controller/share/rc26_omni_controller/environment/library_path.dsv
[5.022s] -- Installing: /home/potato/RC_2026/install/rc26_omni_controller/lib/librc26_omni_controller.so
[5.026s] -- Set runtime path of "/home/potato/RC_2026/install/rc26_omni_controller/lib/librc26_omni_controller.so" to ""
[5.026s] -- Up-to-date: /home/potato/RC_2026/install/rc26_omni_controller/share/ament_index/resource_index/package_run_dependencies/rc26_omni_controller
[5.026s] -- Up-to-date: /home/potato/RC_2026/install/rc26_omni_controller/share/ament_index/resource_index/parent_prefix_path/rc26_omni_controller
[5.026s] -- Up-to-date: /home/potato/RC_2026/install/rc26_omni_controller/share/rc26_omni_controller/environment/ament_prefix_path.sh
[5.026s] -- Up-to-date: /home/potato/RC_2026/install/rc26_omni_controller/share/rc26_omni_controller/environment/ament_prefix_path.dsv
[5.026s] -- Up-to-date: /home/potato/RC_2026/install/rc26_omni_controller/share/rc26_omni_controller/environment/path.sh
[5.026s] -- Up-to-date: /home/potato/RC_2026/install/rc26_omni_controller/share/rc26_omni_controller/environment/path.dsv
[5.026s] -- Up-to-date: /home/potato/RC_2026/install/rc26_omni_controller/share/rc26_omni_controller/local_setup.bash
[5.026s] -- Up-to-date: /home/potato/RC_2026/install/rc26_omni_controller/share/rc26_omni_controller/local_setup.sh
[5.026s] -- Up-to-date: /home/potato/RC_2026/install/rc26_omni_controller/share/rc26_omni_controller/local_setup.zsh
[5.026s] -- Up-to-date: /home/potato/RC_2026/install/rc26_omni_controller/share/rc26_omni_controller/local_setup.dsv
[5.026s] -- Installing: /home/potato/RC_2026/install/rc26_omni_controller/share/rc26_omni_controller/package.dsv
[5.027s] -- Up-to-date: /home/potato/RC_2026/install/rc26_omni_controller/share/ament_index/resource_index/packages/rc26_omni_controller
[5.027s] -- Up-to-date: /home/potato/RC_2026/install/rc26_omni_controller/share/ament_index/resource_index/nav2_core__pluginlib__plugin/rc26_omni_controller
[5.027s] -- Up-to-date: /home/potato/RC_2026/install/rc26_omni_controller/share/rc26_omni_controller/cmake/ament_cmake_export_dependencies-extras.cmake
[5.027s] -- Up-to-date: /home/potato/RC_2026/install/rc26_omni_controller/share/rc26_omni_controller/cmake/ament_cmake_export_include_directories-extras.cmake
[5.027s] -- Up-to-date: /home/potato/RC_2026/install/rc26_omni_controller/share/rc26_omni_controller/cmake/ament_cmake_export_libraries-extras.cmake
[5.027s] -- Up-to-date: /home/potato/RC_2026/install/rc26_omni_controller/share/rc26_omni_controller/cmake/rc26_omni_controllerConfig.cmake
[5.027s] -- Up-to-date: /home/potato/RC_2026/install/rc26_omni_controller/share/rc26_omni_controller/cmake/rc26_omni_controllerConfig-version.cmake
[5.027s] -- Up-to-date: /home/potato/RC_2026/install/rc26_omni_controller/share/rc26_omni_controller/package.xml
[5.029s] Invoked command in '/home/potato/RC_2026/build/rc26_omni_controller' returned '0': /usr/bin/cmake --install /home/potato/RC_2026/build/rc26_omni_controller
