-- The C compiler identification is GNU 11.4.0
-- The CXX compiler identification is GNU 11.4.0
-- Detecting C compiler ABI info
-- Detecting C compiler ABI info - done
-- Check for working C compiler: /usr/bin/cc - skipped
-- Detecting C compile features
-- Detecting C compile features - done
-- Detecting CXX compiler ABI info
-- Detecting CXX compiler ABI info - done
-- Check for working CXX compiler: /usr/bin/c++ - skipped
-- Detecting CXX compile features
-- Detecting CXX compile features - done
-- Found ament_cmake: 1.3.12 (/opt/ros/humble/share/ament_cmake/cmake)
-- Found Python3: /usr/bin/python3 (found version "3.10.12") found components: Interpreter 
-- Found rclcpp: 16.0.16 (/opt/ros/humble/share/rclcpp/cmake)
-- Found rosidl_generator_c: 3.1.7 (/opt/ros/humble/share/rosidl_generator_c/cmake)
-- Found rosidl_adapter: 3.1.7 (/opt/ros/humble/share/rosidl_adapter/cmake)
-- Found rosidl_generator_cpp: 3.1.7 (/opt/ros/humble/share/rosidl_generator_cpp/cmake)
-- Using all available rosidl_typesupport_c: rosidl_typesupport_fastrtps_c;rosidl_typesupport_introspection_c
-- Using all available rosidl_typesupport_cpp: rosidl_typesupport_fastrtps_cpp;rosidl_typesupport_introspection_cpp
-- Found rmw_implementation_cmake: 6.1.2 (/opt/ros/humble/share/rmw_implementation_cmake/cmake)
-- Found rmw_fastrtps_cpp: 6.2.9 (/opt/ros/humble/share/rmw_fastrtps_cpp/cmake)
-- Found OpenSSL: /usr/lib/x86_64-linux-gnu/libcrypto.so (found version "3.0.2")  
-- Found FastRTPS: /opt/ros/humble/include  
-- Using RMW implementation 'rmw_fastrtps_cpp' as default
-- Looking for pthread.h
-- Looking for pthread.h - found
-- Performing Test CMAKE_HAVE_LIBC_PTHREAD
-- Performing Test CMAKE_HAVE_LIBC_PTHREAD - Success
-- Found Threads: TRUE  
-- Found sensor_msgs: 4.9.0 (/opt/ros/humble/share/sensor_msgs/cmake)
-- Found cv_bridge: 3.2.1 (/opt/ros/humble/share/cv_bridge/cmake)
-- Found message_filters: 4.3.11 (/opt/ros/humble/share/message_filters/cmake)
-- Found tf2: 0.25.17 (/opt/ros/humble/share/tf2/cmake)
-- Found tf2_ros: 0.25.17 (/opt/ros/humble/share/tf2_ros/cmake)
-- Found tf2_geometry_msgs: 0.25.17 (/opt/ros/humble/share/tf2_geometry_msgs/cmake)
-- Found eigen3_cmake_module: 0.1.1 (/opt/ros/humble/share/eigen3_cmake_module/cmake)
-- Found Eigen3: TRUE (found version "3.4.0") 
-- Ensuring Eigen3 include directory is part of orocos-kdl CMake target
-- Found rosidl_default_generators: 1.2.0 (/opt/ros/humble/share/rosidl_default_generators/cmake)
-- Found OpenCV: /usr (found version "4.5.4") 
-- Found ament_cmake_ros: 0.10.0 (/opt/ros/humble/share/ament_cmake_ros/cmake)
-- Using all available rosidl_typesupport_c: rosidl_typesupport_fastrtps_c;rosidl_typesupport_introspection_c
-- Using all available rosidl_typesupport_cpp: rosidl_typesupport_fastrtps_cpp;rosidl_typesupport_introspection_cpp
-- Found PythonInterp: /usr/bin/python3 (found suitable version "3.10.12", minimum required is "3.6") 
-- Found python_cmake_module: 0.10.0 (/opt/ros/humble/share/python_cmake_module/cmake)
-- Found PythonLibs: /usr/lib/x86_64-linux-gnu/libpython3.10.so (found suitable version "3.10.12", minimum required is "3.5") 
-- Using PYTHON_EXECUTABLE: /usr/bin/python3
-- Using PYTHON_INCLUDE_DIRS: /usr/include/python3.10
-- Using PYTHON_LIBRARIES: /usr/lib/x86_64-linux-gnu/libpython3.10.so
-- Found PythonExtra: .so  
-- Configuring done
-- Generating done
-- Build files have been written to: /home/potato/RC_2026/build/rc26_perception
[  2%] [34m[1mGenerating C code for ROS interfaces[0m
[  8%] [32mBuilding CXX object CMakeFiles/rc26_yolo_engine.dir/src/yolo_engine.cpp.o[0m
[  8%] [32mBuilding CXX object CMakeFiles/rc26_perception_core.dir/src/postprocess.cpp.o[0m
[  8%] [32mBuilding CXX object CMakeFiles/rc26_perception_core.dir/src/preprocess.cpp.o[0m
[ 10%] [32mBuilding CXX object CMakeFiles/d455_driver_node.dir/src/d455_driver_node.cpp.o[0m
[ 12%] [34m[1mGenerating C++ code for ROS interfaces[0m
[ 12%] Built target ament_cmake_python_copy_rc26_perception
[ 14%] [32m[1mLinking CXX shared library librc26_yolo_engine.so[0m
[ 14%] Built target rc26_yolo_engine
[ 18%] [32mBuilding C object CMakeFiles/rc26_perception__rosidl_generator_c.dir/rosidl_generator_c/rc26_perception/msg/detail/block_detection__functions.c.o[0m
[ 18%] [32mBuilding C object CMakeFiles/rc26_perception__rosidl_generator_c.dir/rosidl_generator_c/rc26_perception/msg/detail/block_detections__functions.c.o[0m
[ 18%] Built target rc26_perception__cpp
[ 22%] [34m[1mGenerating C++ introspection for ROS interfaces[0m
[ 22%] [34m[1mGenerating C++ type support for eProsima Fast-RTPS[0m
[ 24%] [34m[1mGenerating C++ type support dispatch for ROS interfaces[0m
[ 26%] [32m[1mLinking C shared library librc26_perception__rosidl_generator_c.so[0m
[ 26%] Built target rc26_perception__rosidl_generator_c
[ 32%] [34m[1mGenerating C type support for eProsima Fast-RTPS[0m
[ 32%] [34m[1mGenerating C type support dispatch for ROS interfaces[0m
[ 32%] [34m[1mGenerating C introspection for ROS interfaces[0m
[ 34%] [32mBuilding CXX object CMakeFiles/rc26_perception__rosidl_typesupport_cpp.dir/rosidl_typesupport_cpp/rc26_perception/msg/block_detection__type_support.cpp.o[0m
[ 36%] [32mBuilding CXX object CMakeFiles/rc26_perception__rosidl_typesupport_cpp.dir/rosidl_typesupport_cpp/rc26_perception/msg/block_detections__type_support.cpp.o[0m
running egg_info
creating rc26_perception.egg-info
writing rc26_perception.egg-info/PKG-INFO
writing dependency_links to rc26_perception.egg-info/dependency_links.txt
writing top-level names to rc26_perception.egg-info/top_level.txt
writing manifest file 'rc26_perception.egg-info/SOURCES.txt'
reading manifest file 'rc26_perception.egg-info/SOURCES.txt'
writing manifest file 'rc26_perception.egg-info/SOURCES.txt'
[ 36%] Built target ament_cmake_python_build_rc26_perception_egg
[ 38%] [32mBuilding CXX object CMakeFiles/rc26_perception__rosidl_typesupport_c.dir/rosidl_typesupport_c/rc26_perception/msg/block_detection__type_support.cpp.o[0m
[ 40%] [32mBuilding CXX object CMakeFiles/rc26_perception__rosidl_typesupport_c.dir/rosidl_typesupport_c/rc26_perception/msg/block_detections__type_support.cpp.o[0m
[ 42%] [32mBuilding C object CMakeFiles/rc26_perception__rosidl_typesupport_introspection_c.dir/rosidl_typesupport_introspection_c/rc26_perception/msg/detail/block_detection__type_support.c.o[0m
[ 44%] [32mBuilding C object CMakeFiles/rc26_perception__rosidl_typesupport_introspection_c.dir/rosidl_typesupport_introspection_c/rc26_perception/msg/detail/block_detections__type_support.c.o[0m
[ 48%] [32mBuilding CXX object CMakeFiles/rc26_perception__rosidl_typesupport_fastrtps_c.dir/rosidl_typesupport_fastrtps_c/rc26_perception/msg/detail/block_detection__type_support_c.cpp.o[0m
[ 48%] [32mBuilding CXX object CMakeFiles/rc26_perception__rosidl_typesupport_fastrtps_c.dir/rosidl_typesupport_fastrtps_c/rc26_perception/msg/detail/block_detections__type_support_c.cpp.o[0m
[ 50%] [32mBuilding CXX object CMakeFiles/rc26_perception__rosidl_typesupport_introspection_cpp.dir/rosidl_typesupport_introspection_cpp/rc26_perception/msg/detail/block_detection__type_support.cpp.o[0m
[ 52%] [32m[1mLinking CXX shared library librc26_perception__rosidl_typesupport_c.so[0m
[ 54%] [32mBuilding CXX object CMakeFiles/rc26_perception__rosidl_typesupport_introspection_cpp.dir/rosidl_typesupport_introspection_cpp/rc26_perception/msg/detail/block_detections__type_support.cpp.o[0m
[ 56%] [32m[1mLinking C shared library librc26_perception__rosidl_typesupport_introspection_c.so[0m
[ 56%] Built target rc26_perception__rosidl_typesupport_c
[ 58%] [32mBuilding CXX object CMakeFiles/rc26_perception__rosidl_typesupport_fastrtps_cpp.dir/rosidl_typesupport_fastrtps_cpp/rc26_perception/msg/detail/dds_fastrtps/block_detection__type_support.cpp.o[0m
[ 60%] [32mBuilding CXX object CMakeFiles/rc26_perception__rosidl_typesupport_fastrtps_cpp.dir/rosidl_typesupport_fastrtps_cpp/rc26_perception/msg/detail/dds_fastrtps/block_detections__type_support.cpp.o[0m
[ 60%] Built target rc26_perception__rosidl_typesupport_introspection_c
[ 62%] [32m[1mLinking CXX shared library librc26_perception__rosidl_typesupport_cpp.so[0m
[ 62%] Built target rc26_perception__rosidl_typesupport_cpp
[ 64%] [32m[1mLinking CXX shared library librc26_perception__rosidl_typesupport_introspection_cpp.so[0m
[ 66%] [32m[1mLinking CXX shared library librc26_perception__rosidl_typesupport_fastrtps_c.so[0m
[ 68%] [32m[1mLinking CXX shared library librc26_perception__rosidl_typesupport_fastrtps_cpp.so[0m
[ 68%] Built target rc26_perception__rosidl_typesupport_fastrtps_c
[ 68%] Built target rc26_perception__rosidl_typesupport_fastrtps_cpp
[ 68%] Built target rc26_perception__rosidl_typesupport_introspection_cpp
[ 68%] Built target rc26_perception
[ 70%] [34m[1mGenerating Python code for ROS interfaces[0m
[ 70%] Built target rc26_perception__py
[ 72%] [32mBuilding C object CMakeFiles/rc26_perception__rosidl_generator_py.dir/rosidl_generator_py/rc26_perception/msg/_block_detection_s.c.o[0m
[ 74%] [32mBuilding C object CMakeFiles/rc26_perception__rosidl_generator_py.dir/rosidl_generator_py/rc26_perception/msg/_block_detections_s.c.o[0m
[ 76%] [32m[1mLinking CXX shared library librc26_perception_core.so[0m
[ 78%] [32m[1mLinking C shared library rosidl_generator_py/rc26_perception/librc26_perception__rosidl_generator_py.so[0m
[ 78%] Built target rc26_perception__rosidl_generator_py
[ 84%] [32mBuilding C object CMakeFiles/rc26_perception__rosidl_typesupport_fastrtps_c__pyext.dir/rosidl_generator_py/rc26_perception/_rc26_perception_s.ep.rosidl_typesupport_fastrtps_c.c.o[0m
[ 84%] [32mBuilding C object CMakeFiles/rc26_perception__rosidl_typesupport_c__pyext.dir/rosidl_generator_py/rc26_perception/_rc26_perception_s.ep.rosidl_typesupport_c.c.o[0m
[ 84%] [32mBuilding C object CMakeFiles/rc26_perception__rosidl_typesupport_introspection_c__pyext.dir/rosidl_generator_py/rc26_perception/_rc26_perception_s.ep.rosidl_typesupport_introspection_c.c.o[0m
[ 84%] Built target rc26_perception_core
[ 86%] [32m[1mLinking C shared library rosidl_generator_py/rc26_perception/rc26_perception_s__rosidl_typesupport_introspection_c.cpython-310-x86_64-linux-gnu.so[0m
[ 88%] [32mBuilding CXX object CMakeFiles/perception_node.dir/src/perception_node.cpp.o[0m
[ 92%] [32mBuilding CXX object CMakeFiles/visualization_node.dir/src/visualization_node.cpp.o[0m
[ 92%] [32m[1mLinking C shared library rosidl_generator_py/rc26_perception/rc26_perception_s__rosidl_typesupport_fastrtps_c.cpython-310-x86_64-linux-gnu.so[0m
[ 94%] [32m[1mLinking C shared library rosidl_generator_py/rc26_perception/rc26_perception_s__rosidl_typesupport_c.cpython-310-x86_64-linux-gnu.so[0m
[ 94%] Built target rc26_perception__rosidl_typesupport_introspection_c__pyext
[ 94%] Built target rc26_perception__rosidl_typesupport_fastrtps_c__pyext
[ 94%] Built target rc26_perception__rosidl_typesupport_c__pyext
[ 96%] [32m[1mLinking CXX executable d455_driver_node[0m
[ 96%] Built target d455_driver_node
[ 98%] [32m[1mLinking CXX executable visualization_node[0m
[ 98%] Built target visualization_node
[100%] [32m[1mLinking CXX executable perception_node[0m
[100%] Built target perception_node
-- Install configuration: ""
-- Installing: /home/potato/RC_2026/install/rc26_perception/share/ament_index/resource_index/rosidl_interfaces/rc26_perception
-- Installing: /home/potato/RC_2026/install/rc26_perception/include/rc26_perception/rc26_perception
-- Installing: /home/potato/RC_2026/install/rc26_perception/include/rc26_perception/rc26_perception/msg
-- Installing: /home/potato/RC_2026/install/rc26_perception/include/rc26_perception/rc26_perception/msg/block_detection.h
-- Installing: /home/potato/RC_2026/install/rc26_perception/include/rc26_perception/rc26_perception/msg/rosidl_generator_c__visibility_control.h
-- Installing: /home/potato/RC_2026/install/rc26_perception/include/rc26_perception/rc26_perception/msg/block_detections.h
-- Installing: /home/potato/RC_2026/install/rc26_perception/include/rc26_perception/rc26_perception/msg/detail
-- Installing: /home/potato/RC_2026/install/rc26_perception/include/rc26_perception/rc26_perception/msg/detail/block_detection__struct.h
-- Installing: /home/potato/RC_2026/install/rc26_perception/include/rc26_perception/rc26_perception/msg/detail/block_detection__functions.h
-- Installing: /home/potato/RC_2026/install/rc26_perception/include/rc26_perception/rc26_perception/msg/detail/block_detections__type_support.h
-- Installing: /home/potato/RC_2026/install/rc26_perception/include/rc26_perception/rc26_perception/msg/detail/block_detections__struct.h
-- Installing: /home/potato/RC_2026/install/rc26_perception/include/rc26_perception/rc26_perception/msg/detail/block_detections__functions.c
-- Installing: /home/potato/RC_2026/install/rc26_perception/include/rc26_perception/rc26_perception/msg/detail/block_detections__functions.h
-- Installing: /home/potato/RC_2026/install/rc26_perception/include/rc26_perception/rc26_perception/msg/detail/block_detection__functions.c
-- Installing: /home/potato/RC_2026/install/rc26_perception/include/rc26_perception/rc26_perception/msg/detail/block_detection__type_support.h
-- Installing: /home/potato/RC_2026/install/rc26_perception/share/rc26_perception/environment/library_path.sh
-- Installing: /home/potato/RC_2026/install/rc26_perception/share/rc26_perception/environment/library_path.dsv
-- Installing: /home/potato/RC_2026/install/rc26_perception/lib/librc26_perception__rosidl_generator_c.so
-- Set runtime path of "/home/potato/RC_2026/install/rc26_perception/lib/librc26_perception__rosidl_generator_c.so" to ""
-- Up-to-date: /home/potato/RC_2026/install/rc26_perception/include/rc26_perception/rc26_perception
-- Up-to-date: /home/potato/RC_2026/install/rc26_perception/include/rc26_perception/rc26_perception/msg
-- Installing: /home/potato/RC_2026/install/rc26_perception/include/rc26_perception/rc26_perception/msg/rosidl_typesupport_fastrtps_c__visibility_control.h
-- Up-to-date: /home/potato/RC_2026/install/rc26_perception/include/rc26_perception/rc26_perception/msg/detail
-- Installing: /home/potato/RC_2026/install/rc26_perception/include/rc26_perception/rc26_perception/msg/detail/block_detections__rosidl_typesupport_fastrtps_c.h
-- Installing: /home/potato/RC_2026/install/rc26_perception/include/rc26_perception/rc26_perception/msg/detail/block_detection__rosidl_typesupport_fastrtps_c.h
-- Installing: /home/potato/RC_2026/install/rc26_perception/lib/librc26_perception__rosidl_typesupport_fastrtps_c.so
-- Set runtime path of "/home/potato/RC_2026/install/rc26_perception/lib/librc26_perception__rosidl_typesupport_fastrtps_c.so" to ""
-- Up-to-date: /home/potato/RC_2026/install/rc26_perception/include/rc26_perception/rc26_perception
-- Up-to-date: /home/potato/RC_2026/install/rc26_perception/include/rc26_perception/rc26_perception/msg
-- Installing: /home/potato/RC_2026/install/rc26_perception/include/rc26_perception/rc26_perception/msg/block_detections.hpp
-- Installing: /home/potato/RC_2026/install/rc26_perception/include/rc26_perception/rc26_perception/msg/rosidl_generator_cpp__visibility_control.hpp
-- Installing: /home/potato/RC_2026/install/rc26_perception/include/rc26_perception/rc26_perception/msg/block_detection.hpp
-- Up-to-date: /home/potato/RC_2026/install/rc26_perception/include/rc26_perception/rc26_perception/msg/detail
-- Installing: /home/potato/RC_2026/install/rc26_perception/include/rc26_perception/rc26_perception/msg/detail/block_detection__traits.hpp
-- Installing: /home/potato/RC_2026/install/rc26_perception/include/rc26_perception/rc26_perception/msg/detail/block_detection__struct.hpp
-- Installing: /home/potato/RC_2026/install/rc26_perception/include/rc26_perception/rc26_perception/msg/detail/block_detections__struct.hpp
-- Installing: /home/potato/RC_2026/install/rc26_perception/include/rc26_perception/rc26_perception/msg/detail/block_detection__builder.hpp
-- Installing: /home/potato/RC_2026/install/rc26_perception/include/rc26_perception/rc26_perception/msg/detail/block_detection__type_support.hpp
-- Installing: /home/potato/RC_2026/install/rc26_perception/include/rc26_perception/rc26_perception/msg/detail/block_detections__type_support.hpp
-- Installing: /home/potato/RC_2026/install/rc26_perception/include/rc26_perception/rc26_perception/msg/detail/block_detections__builder.hpp
-- Installing: /home/potato/RC_2026/install/rc26_perception/include/rc26_perception/rc26_perception/msg/detail/block_detections__traits.hpp
-- Up-to-date: /home/potato/RC_2026/install/rc26_perception/include/rc26_perception/rc26_perception
-- Up-to-date: /home/potato/RC_2026/install/rc26_perception/include/rc26_perception/rc26_perception/msg
-- Installing: /home/potato/RC_2026/install/rc26_perception/include/rc26_perception/rc26_perception/msg/rosidl_typesupport_fastrtps_cpp__visibility_control.h
-- Up-to-date: /home/potato/RC_2026/install/rc26_perception/include/rc26_perception/rc26_perception/msg/detail
-- Installing: /home/potato/RC_2026/install/rc26_perception/include/rc26_perception/rc26_perception/msg/detail/dds_fastrtps
-- Installing: /home/potato/RC_2026/install/rc26_perception/include/rc26_perception/rc26_perception/msg/detail/block_detection__rosidl_typesupport_fastrtps_cpp.hpp
-- Installing: /home/potato/RC_2026/install/rc26_perception/include/rc26_perception/rc26_perception/msg/detail/block_detections__rosidl_typesupport_fastrtps_cpp.hpp
-- Installing: /home/potato/RC_2026/install/rc26_perception/lib/librc26_perception__rosidl_typesupport_fastrtps_cpp.so
-- Set runtime path of "/home/potato/RC_2026/install/rc26_perception/lib/librc26_perception__rosidl_typesupport_fastrtps_cpp.so" to ""
-- Up-to-date: /home/potato/RC_2026/install/rc26_perception/include/rc26_perception/rc26_perception
-- Up-to-date: /home/potato/RC_2026/install/rc26_perception/include/rc26_perception/rc26_perception/msg
-- Installing: /home/potato/RC_2026/install/rc26_perception/include/rc26_perception/rc26_perception/msg/rosidl_typesupport_introspection_c__visibility_control.h
-- Up-to-date: /home/potato/RC_2026/install/rc26_perception/include/rc26_perception/rc26_perception/msg/detail
-- Installing: /home/potato/RC_2026/install/rc26_perception/include/rc26_perception/rc26_perception/msg/detail/block_detection__rosidl_typesupport_introspection_c.h
-- Installing: /home/potato/RC_2026/install/rc26_perception/include/rc26_perception/rc26_perception/msg/detail/block_detections__type_support.c
-- Installing: /home/potato/RC_2026/install/rc26_perception/include/rc26_perception/rc26_perception/msg/detail/block_detections__rosidl_typesupport_introspection_c.h
-- Installing: /home/potato/RC_2026/install/rc26_perception/include/rc26_perception/rc26_perception/msg/detail/block_detection__type_support.c
-- Installing: /home/potato/RC_2026/install/rc26_perception/lib/librc26_perception__rosidl_typesupport_introspection_c.so
-- Set runtime path of "/home/potato/RC_2026/install/rc26_perception/lib/librc26_perception__rosidl_typesupport_introspection_c.so" to ""
-- Installing: /home/potato/RC_2026/install/rc26_perception/lib/librc26_perception__rosidl_typesupport_c.so
-- Set runtime path of "/home/potato/RC_2026/install/rc26_perception/lib/librc26_perception__rosidl_typesupport_c.so" to ""
-- Up-to-date: /home/potato/RC_2026/install/rc26_perception/include/rc26_perception/rc26_perception
-- Up-to-date: /home/potato/RC_2026/install/rc26_perception/include/rc26_perception/rc26_perception/msg
-- Up-to-date: /home/potato/RC_2026/install/rc26_perception/include/rc26_perception/rc26_perception/msg/detail
-- Installing: /home/potato/RC_2026/install/rc26_perception/include/rc26_perception/rc26_perception/msg/detail/block_detections__rosidl_typesupport_introspection_cpp.hpp
-- Installing: /home/potato/RC_2026/install/rc26_perception/include/rc26_perception/rc26_perception/msg/detail/block_detection__rosidl_typesupport_introspection_cpp.hpp
-- Installing: /home/potato/RC_2026/install/rc26_perception/include/rc26_perception/rc26_perception/msg/detail/block_detections__type_support.cpp
-- Installing: /home/potato/RC_2026/install/rc26_perception/include/rc26_perception/rc26_perception/msg/detail/block_detection__type_support.cpp
-- Installing: /home/potato/RC_2026/install/rc26_perception/lib/librc26_perception__rosidl_typesupport_introspection_cpp.so
-- Set runtime path of "/home/potato/RC_2026/install/rc26_perception/lib/librc26_perception__rosidl_typesupport_introspection_cpp.so" to ""
-- Installing: /home/potato/RC_2026/install/rc26_perception/lib/librc26_perception__rosidl_typesupport_cpp.so
-- Set runtime path of "/home/potato/RC_2026/install/rc26_perception/lib/librc26_perception__rosidl_typesupport_cpp.so" to ""
-- Installing: /home/potato/RC_2026/install/rc26_perception/share/rc26_perception/environment/pythonpath.sh
-- Installing: /home/potato/RC_2026/install/rc26_perception/share/rc26_perception/environment/pythonpath.dsv
-- Installing: /home/potato/RC_2026/install/rc26_perception/local/lib/python3.10/dist-packages/rc26_perception-1.0.0-py3.10.egg-info
-- Installing: /home/potato/RC_2026/install/rc26_perception/local/lib/python3.10/dist-packages/rc26_perception-1.0.0-py3.10.egg-info/dependency_links.txt
-- Installing: /home/potato/RC_2026/install/rc26_perception/local/lib/python3.10/dist-packages/rc26_perception-1.0.0-py3.10.egg-info/PKG-INFO
-- Installing: /home/potato/RC_2026/install/rc26_perception/local/lib/python3.10/dist-packages/rc26_perception-1.0.0-py3.10.egg-info/top_level.txt
-- Installing: /home/potato/RC_2026/install/rc26_perception/local/lib/python3.10/dist-packages/rc26_perception-1.0.0-py3.10.egg-info/SOURCES.txt
-- Installing: /home/potato/RC_2026/install/rc26_perception/local/lib/python3.10/dist-packages/rc26_perception
-- Installing: /home/potato/RC_2026/install/rc26_perception/local/lib/python3.10/dist-packages/rc26_perception/rc26_perception_s__rosidl_typesupport_c.cpython-310-x86_64-linux-gnu.so
-- Installing: /home/potato/RC_2026/install/rc26_perception/local/lib/python3.10/dist-packages/rc26_perception/rc26_perception_s__rosidl_typesupport_fastrtps_c.cpython-310-x86_64-linux-gnu.so
-- Installing: /home/potato/RC_2026/install/rc26_perception/local/lib/python3.10/dist-packages/rc26_perception/_rc26_perception_s.ep.rosidl_typesupport_fastrtps_c.c
-- Installing: /home/potato/RC_2026/install/rc26_perception/local/lib/python3.10/dist-packages/rc26_perception/rc26_perception_s__rosidl_typesupport_introspection_c.cpython-310-x86_64-linux-gnu.so
-- Installing: /home/potato/RC_2026/install/rc26_perception/local/lib/python3.10/dist-packages/rc26_perception/__init__.py
-- Installing: /home/potato/RC_2026/install/rc26_perception/local/lib/python3.10/dist-packages/rc26_perception/librc26_perception__rosidl_generator_py.so
-- Installing: /home/potato/RC_2026/install/rc26_perception/local/lib/python3.10/dist-packages/rc26_perception/_rc26_perception_s.ep.rosidl_typesupport_introspection_c.c
-- Installing: /home/potato/RC_2026/install/rc26_perception/local/lib/python3.10/dist-packages/rc26_perception/msg
-- Installing: /home/potato/RC_2026/install/rc26_perception/local/lib/python3.10/dist-packages/rc26_perception/msg/_block_detection.py
-- Installing: /home/potato/RC_2026/install/rc26_perception/local/lib/python3.10/dist-packages/rc26_perception/msg/__init__.py
-- Installing: /home/potato/RC_2026/install/rc26_perception/local/lib/python3.10/dist-packages/rc26_perception/msg/_block_detection_s.c
-- Installing: /home/potato/RC_2026/install/rc26_perception/local/lib/python3.10/dist-packages/rc26_perception/msg/_block_detections.py
-- Installing: /home/potato/RC_2026/install/rc26_perception/local/lib/python3.10/dist-packages/rc26_perception/msg/_block_detections_s.c
-- Installing: /home/potato/RC_2026/install/rc26_perception/local/lib/python3.10/dist-packages/rc26_perception/_rc26_perception_s.ep.rosidl_typesupport_c.c
Listing '/home/potato/RC_2026/install/rc26_perception/local/lib/python3.10/dist-packages/rc26_perception'...
Compiling '/home/potato/RC_2026/install/rc26_perception/local/lib/python3.10/dist-packages/rc26_perception/__init__.py'...
Listing '/home/potato/RC_2026/install/rc26_perception/local/lib/python3.10/dist-packages/rc26_perception/msg'...
Compiling '/home/potato/RC_2026/install/rc26_perception/local/lib/python3.10/dist-packages/rc26_perception/msg/__init__.py'...
Compiling '/home/potato/RC_2026/install/rc26_perception/local/lib/python3.10/dist-packages/rc26_perception/msg/_block_detection.py'...
Compiling '/home/potato/RC_2026/install/rc26_perception/local/lib/python3.10/dist-packages/rc26_perception/msg/_block_detections.py'...
-- Installing: /home/potato/RC_2026/install/rc26_perception/local/lib/python3.10/dist-packages/rc26_perception/rc26_perception_s__rosidl_typesupport_fastrtps_c.cpython-310-x86_64-linux-gnu.so
-- Set runtime path of "/home/potato/RC_2026/install/rc26_perception/local/lib/python3.10/dist-packages/rc26_perception/rc26_perception_s__rosidl_typesupport_fastrtps_c.cpython-310-x86_64-linux-gnu.so" to ""
-- Installing: /home/potato/RC_2026/install/rc26_perception/local/lib/python3.10/dist-packages/rc26_perception/rc26_perception_s__rosidl_typesupport_introspection_c.cpython-310-x86_64-linux-gnu.so
-- Set runtime path of "/home/potato/RC_2026/install/rc26_perception/local/lib/python3.10/dist-packages/rc26_perception/rc26_perception_s__rosidl_typesupport_introspection_c.cpython-310-x86_64-linux-gnu.so" to ""
-- Installing: /home/potato/RC_2026/install/rc26_perception/local/lib/python3.10/dist-packages/rc26_perception/rc26_perception_s__rosidl_typesupport_c.cpython-310-x86_64-linux-gnu.so
-- Set runtime path of "/home/potato/RC_2026/install/rc26_perception/local/lib/python3.10/dist-packages/rc26_perception/rc26_perception_s__rosidl_typesupport_c.cpython-310-x86_64-linux-gnu.so" to ""
-- Installing: /home/potato/RC_2026/install/rc26_perception/lib/librc26_perception__rosidl_generator_py.so
-- Set runtime path of "/home/potato/RC_2026/install/rc26_perception/lib/librc26_perception__rosidl_generator_py.so" to ""
-- Installing: /home/potato/RC_2026/install/rc26_perception/share/rc26_perception/msg/BlockDetection.idl
-- Installing: /home/potato/RC_2026/install/rc26_perception/share/rc26_perception/msg/BlockDetections.idl
-- Installing: /home/potato/RC_2026/install/rc26_perception/share/rc26_perception/msg/BlockDetection.msg
-- Installing: /home/potato/RC_2026/install/rc26_perception/share/rc26_perception/msg/BlockDetections.msg
-- Installing: /home/potato/RC_2026/install/rc26_perception/lib/librc26_perception_core.so
-- Set runtime path of "/home/potato/RC_2026/install/rc26_perception/lib/librc26_perception_core.so" to ""
-- Installing: /home/potato/RC_2026/install/rc26_perception/lib/librc26_yolo_engine.so
-- Installing: /home/potato/RC_2026/install/rc26_perception/lib/rc26_perception/perception_node
-- Set runtime path of "/home/potato/RC_2026/install/rc26_perception/lib/rc26_perception/perception_node" to ""
-- Installing: /home/potato/RC_2026/install/rc26_perception/lib/rc26_perception/d455_driver_node
-- Set runtime path of "/home/potato/RC_2026/install/rc26_perception/lib/rc26_perception/d455_driver_node" to ""
-- Installing: /home/potato/RC_2026/install/rc26_perception/lib/rc26_perception/visualization_node
-- Set runtime path of "/home/potato/RC_2026/install/rc26_perception/lib/rc26_perception/visualization_node" to ""
-- Installing: /home/potato/RC_2026/install/rc26_perception/lib/rc26_perception/visualization_node.py
-- Installing: /home/potato/RC_2026/install/rc26_perception/lib/rc26_perception/export_onnx.py
-- Up-to-date: /home/potato/RC_2026/install/rc26_perception/include
-- Up-to-date: /home/potato/RC_2026/install/rc26_perception/include/rc26_perception
-- Installing: /home/potato/RC_2026/install/rc26_perception/include/rc26_perception/preprocess.hpp
-- Installing: /home/potato/RC_2026/install/rc26_perception/include/rc26_perception/postprocess.hpp
-- Installing: /home/potato/RC_2026/install/rc26_perception/include/rc26_perception/yolo_engine.hpp
-- Installing: /home/potato/RC_2026/install/rc26_perception/share/rc26_perception/launch
-- Installing: /home/potato/RC_2026/install/rc26_perception/share/rc26_perception/launch/perception.launch.py
-- Installing: /home/potato/RC_2026/install/rc26_perception/share/rc26_perception/launch/visualization.launch.py
-- Installing: /home/potato/RC_2026/install/rc26_perception/share/rc26_perception/config
-- Installing: /home/potato/RC_2026/install/rc26_perception/share/rc26_perception/config/perception.yaml
-- Installing: /home/potato/RC_2026/install/rc26_perception/share/ament_index/resource_index/package_run_dependencies/rc26_perception
-- Installing: /home/potato/RC_2026/install/rc26_perception/share/ament_index/resource_index/parent_prefix_path/rc26_perception
-- Installing: /home/potato/RC_2026/install/rc26_perception/share/rc26_perception/environment/ament_prefix_path.sh
-- Installing: /home/potato/RC_2026/install/rc26_perception/share/rc26_perception/environment/ament_prefix_path.dsv
-- Installing: /home/potato/RC_2026/install/rc26_perception/share/rc26_perception/environment/path.sh
-- Installing: /home/potato/RC_2026/install/rc26_perception/share/rc26_perception/environment/path.dsv
-- Installing: /home/potato/RC_2026/install/rc26_perception/share/rc26_perception/local_setup.bash
-- Installing: /home/potato/RC_2026/install/rc26_perception/share/rc26_perception/local_setup.sh
-- Installing: /home/potato/RC_2026/install/rc26_perception/share/rc26_perception/local_setup.zsh
-- Installing: /home/potato/RC_2026/install/rc26_perception/share/rc26_perception/local_setup.dsv
-- Installing: /home/potato/RC_2026/install/rc26_perception/share/rc26_perception/package.dsv
-- Installing: /home/potato/RC_2026/install/rc26_perception/share/ament_index/resource_index/packages/rc26_perception
-- Installing: /home/potato/RC_2026/install/rc26_perception/share/rc26_perception/cmake/export_rc26_perception__rosidl_generator_cExport.cmake
-- Installing: /home/potato/RC_2026/install/rc26_perception/share/rc26_perception/cmake/export_rc26_perception__rosidl_generator_cExport-noconfig.cmake
-- Installing: /home/potato/RC_2026/install/rc26_perception/share/rc26_perception/cmake/export_rc26_perception__rosidl_typesupport_fastrtps_cExport.cmake
-- Installing: /home/potato/RC_2026/install/rc26_perception/share/rc26_perception/cmake/export_rc26_perception__rosidl_typesupport_fastrtps_cExport-noconfig.cmake
-- Installing: /home/potato/RC_2026/install/rc26_perception/share/rc26_perception/cmake/export_rc26_perception__rosidl_generator_cppExport.cmake
-- Installing: /home/potato/RC_2026/install/rc26_perception/share/rc26_perception/cmake/export_rc26_perception__rosidl_typesupport_fastrtps_cppExport.cmake
-- Installing: /home/potato/RC_2026/install/rc26_perception/share/rc26_perception/cmake/export_rc26_perception__rosidl_typesupport_fastrtps_cppExport-noconfig.cmake
-- Installing: /home/potato/RC_2026/install/rc26_perception/share/rc26_perception/cmake/rc26_perception__rosidl_typesupport_introspection_cExport.cmake
-- Installing: /home/potato/RC_2026/install/rc26_perception/share/rc26_perception/cmake/rc26_perception__rosidl_typesupport_introspection_cExport-noconfig.cmake
-- Installing: /home/potato/RC_2026/install/rc26_perception/share/rc26_perception/cmake/rc26_perception__rosidl_typesupport_cExport.cmake
-- Installing: /home/potato/RC_2026/install/rc26_perception/share/rc26_perception/cmake/rc26_perception__rosidl_typesupport_cExport-noconfig.cmake
-- Installing: /home/potato/RC_2026/install/rc26_perception/share/rc26_perception/cmake/rc26_perception__rosidl_typesupport_introspection_cppExport.cmake
-- Installing: /home/potato/RC_2026/install/rc26_perception/share/rc26_perception/cmake/rc26_perception__rosidl_typesupport_introspection_cppExport-noconfig.cmake
-- Installing: /home/potato/RC_2026/install/rc26_perception/share/rc26_perception/cmake/rc26_perception__rosidl_typesupport_cppExport.cmake
-- Installing: /home/potato/RC_2026/install/rc26_perception/share/rc26_perception/cmake/rc26_perception__rosidl_typesupport_cppExport-noconfig.cmake
-- Installing: /home/potato/RC_2026/install/rc26_perception/share/rc26_perception/cmake/export_rc26_perception__rosidl_generator_pyExport.cmake
-- Installing: /home/potato/RC_2026/install/rc26_perception/share/rc26_perception/cmake/export_rc26_perception__rosidl_generator_pyExport-noconfig.cmake
-- Installing: /home/potato/RC_2026/install/rc26_perception/share/rc26_perception/cmake/rosidl_cmake-extras.cmake
-- Installing: /home/potato/RC_2026/install/rc26_perception/share/rc26_perception/cmake/ament_cmake_export_dependencies-extras.cmake
-- Installing: /home/potato/RC_2026/install/rc26_perception/share/rc26_perception/cmake/ament_cmake_export_include_directories-extras.cmake
-- Installing: /home/potato/RC_2026/install/rc26_perception/share/rc26_perception/cmake/ament_cmake_export_libraries-extras.cmake
-- Installing: /home/potato/RC_2026/install/rc26_perception/share/rc26_perception/cmake/ament_cmake_export_targets-extras.cmake
-- Installing: /home/potato/RC_2026/install/rc26_perception/share/rc26_perception/cmake/rosidl_cmake_export_typesupport_targets-extras.cmake
-- Installing: /home/potato/RC_2026/install/rc26_perception/share/rc26_perception/cmake/rosidl_cmake_export_typesupport_libraries-extras.cmake
-- Installing: /home/potato/RC_2026/install/rc26_perception/share/rc26_perception/cmake/rc26_perceptionConfig.cmake
-- Installing: /home/potato/RC_2026/install/rc26_perception/share/rc26_perception/cmake/rc26_perceptionConfig-version.cmake
-- Installing: /home/potato/RC_2026/install/rc26_perception/share/rc26_perception/package.xml
