[ 36%] Built target rc26_decision_nodes
[ 57%] Built target rc26_decision_serial
[ 73%] Built target serial_test1_node
[ 78%] Built target decision_node
[100%] Built target serial_test0_node
[100%] Built target can_odom_test_node
-- Install configuration: ""
-- Up-to-date: /home/potato/RC_2026/install/rc26_decision/include
-- Up-to-date: /home/potato/RC_2026/install/rc26_decision/include/rc26_decision
-- Up-to-date: /home/potato/RC_2026/install/rc26_decision/include/rc26_decision/combat_area.hpp
-- Up-to-date: /home/potato/RC_2026/install/rc26_decision/include/rc26_decision/navigation
-- Up-to-date: /home/potato/RC_2026/install/rc26_decision/include/rc26_decision/navigation/bt_navigate_waypoint.hpp
-- Up-to-date: /home/potato/RC_2026/install/rc26_decision/include/rc26_decision/navigation/waypoint_navigator.hpp
-- Up-to-date: /home/potato/RC_2026/install/rc26_decision/include/rc26_decision/navigation/waypoint_catalog.hpp
-- Up-to-date: /home/potato/RC_2026/install/rc26_decision/include/rc26_decision/mf_area.hpp
-- Up-to-date: /home/potato/RC_2026/install/rc26_decision/include/rc26_decision/mc_area.hpp
-- Up-to-date: /home/potato/RC_2026/install/rc26_decision/include/rc26_decision/gain_odom
-- Up-to-date: /home/potato/RC_2026/install/rc26_decision/include/rc26_decision/gain_odom/pose_sender.hpp
-- Up-to-date: /home/potato/RC_2026/install/rc26_decision/include/rc26_decision/gain_odom/wheel_odom_receiver.hpp
-- Up-to-date: /home/potato/RC_2026/install/rc26_decision/include/rc26_decision/gain_odom/can_odom.hpp
-- Up-to-date: /home/potato/RC_2026/install/rc26_decision/lib/librc26_decision_nodes.so
-- Up-to-date: /home/potato/RC_2026/install/rc26_decision/lib/librc26_decision_serial.so
-- Up-to-date: /home/potato/RC_2026/install/rc26_decision/lib/rc26_decision/decision_node
-- Up-to-date: /home/potato/RC_2026/install/rc26_decision/lib/rc26_decision/serial_test0_node
-- Up-to-date: /home/potato/RC_2026/install/rc26_decision/lib/rc26_decision/serial_test1_node
-- Up-to-date: /home/potato/RC_2026/install/rc26_decision/lib/rc26_decision/can_odom_test_node
-- Up-to-date: /home/potato/RC_2026/install/rc26_decision/share/rc26_decision/behavior_trees
-- Up-to-date: /home/potato/RC_2026/install/rc26_decision/share/rc26_decision/behavior_trees/main_tree.xml
-- Up-to-date: /home/potato/RC_2026/install/rc26_decision/share/rc26_decision/launch
-- Up-to-date: /home/potato/RC_2026/install/rc26_decision/share/rc26_decision/launch/__pycache__
-- Up-to-date: /home/potato/RC_2026/install/rc26_decision/share/rc26_decision/launch/__pycache__/waypoint_patrol.launch.cpython-310.pyc
-- Up-to-date: /home/potato/RC_2026/install/rc26_decision/share/rc26_decision/launch/decision.launch.py
-- Up-to-date: /home/potato/RC_2026/install/rc26_decision/share/rc26_decision/config
-- Up-to-date: /home/potato/RC_2026/install/rc26_decision/share/rc26_decision/config/decision_params.yaml
-- Up-to-date: /home/potato/RC_2026/install/rc26_decision/share/rc26_decision/environment/library_path.sh
-- Up-to-date: /home/potato/RC_2026/install/rc26_decision/share/rc26_decision/environment/library_path.dsv
-- Up-to-date: /home/potato/RC_2026/install/rc26_decision/share/ament_index/resource_index/package_run_dependencies/rc26_decision
-- Up-to-date: /home/potato/RC_2026/install/rc26_decision/share/ament_index/resource_index/parent_prefix_path/rc26_decision
-- Up-to-date: /home/potato/RC_2026/install/rc26_decision/share/rc26_decision/environment/ament_prefix_path.sh
-- Up-to-date: /home/potato/RC_2026/install/rc26_decision/share/rc26_decision/environment/ament_prefix_path.dsv
-- Up-to-date: /home/potato/RC_2026/install/rc26_decision/share/rc26_decision/environment/path.sh
-- Up-to-date: /home/potato/RC_2026/install/rc26_decision/share/rc26_decision/environment/path.dsv
-- Up-to-date: /home/potato/RC_2026/install/rc26_decision/share/rc26_decision/local_setup.bash
-- Up-to-date: /home/potato/RC_2026/install/rc26_decision/share/rc26_decision/local_setup.sh
-- Up-to-date: /home/potato/RC_2026/install/rc26_decision/share/rc26_decision/local_setup.zsh
-- Up-to-date: /home/potato/RC_2026/install/rc26_decision/share/rc26_decision/local_setup.dsv
-- Installing: /home/potato/RC_2026/install/rc26_decision/share/rc26_decision/package.dsv
-- Up-to-date: /home/potato/RC_2026/install/rc26_decision/share/ament_index/resource_index/packages/rc26_decision
-- Up-to-date: /home/potato/RC_2026/install/rc26_decision/share/rc26_decision/cmake/rc26_decisionTargetsExport.cmake
-- Up-to-date: /home/potato/RC_2026/install/rc26_decision/share/rc26_decision/cmake/rc26_decisionTargetsExport-noconfig.cmake
-- Up-to-date: /home/potato/RC_2026/install/rc26_decision/share/rc26_decision/cmake/ament_cmake_export_targets-extras.cmake
-- Up-to-date: /home/potato/RC_2026/install/rc26_decision/share/rc26_decision/cmake/ament_cmake_export_include_directories-extras.cmake
-- Up-to-date: /home/potato/RC_2026/install/rc26_decision/share/rc26_decision/cmake/ament_cmake_export_libraries-extras.cmake
-- Up-to-date: /home/potato/RC_2026/install/rc26_decision/share/rc26_decision/cmake/ament_cmake_export_dependencies-extras.cmake
-- Up-to-date: /home/potato/RC_2026/install/rc26_decision/share/rc26_decision/cmake/rc26_decisionConfig.cmake
-- Up-to-date: /home/potato/RC_2026/install/rc26_decision/share/rc26_decision/cmake/rc26_decisionConfig-version.cmake
-- Up-to-date: /home/potato/RC_2026/install/rc26_decision/share/rc26_decision/package.xml
