[0.011s] Invoking command in '/home/potato/RC_2026/build/rc26_decision': CMAKE_PREFIX_PATH=/home/potato/RC_2026/install/rc26_serial:/home/potato/RC_2026/install/small_gicp:/home/potato/RC_2026/install/rc26_merge_odom:/home/potato/RC_2026/install/rc26_bringup:/home/potato/RC_2026/install/rc26_decision:/home/potato/RC_2026/install/rc26_sensor_scan:/home/potato/RC_2026/install/rc26_perception:/home/potato/RC_2026/install/rc26_omni_controller:/home/potato/RC_2026/install/rc26_odom_interface:/home/potato/RC_2026/install/rc26_localization:/home/potato/RC_2026/install/point_lio:/home/potato/RC_2026/install/mid360_driver:/opt/ros/humble:/opt/ros/humble LD_LIBRARY_PATH=/home/potato/RC_2026/install/rc26_serial/lib:/home/potato/RC_2026/install/small_gicp/lib:/home/potato/RC_2026/install/rc26_merge_odom/lib:/home/potato/RC_2026/install/rc26_decision/lib:/home/potato/RC_2026/install/rc26_sensor_scan/lib:/home/potato/RC_2026/install/rc26_perception/lib:/home/potato/RC_2026/install/rc26_omni_controller/lib:/home/potato/RC_2026/install/rc26_odom_interface/lib:/home/potato/RC_2026/install/rc26_localization/lib:/home/potato/RC_2026/install/mid360_driver/lib:/usr/local/lib:/usr/local/cuda/lib64:/usr/local/lib:/lib64:/usr/lib/x86_64-linux-gnu/gazebo-11/plugins:/opt/ros/humble/opt/rviz_ogre_vendor/lib:/opt/ros/humble/lib/x86_64-linux-gnu:/opt/ros/humble/opt/openvdb_vendor/lib:/opt/ros/humble/lib /usr/bin/cmake --build /home/potato/RC_2026/build/rc26_decision -- -j28 -l28
[0.032s] -- Found ament_cmake: 1.3.12 (/opt/ros/humble/share/ament_cmake/cmake)
[0.130s] -- Found rclcpp: 16.0.16 (/opt/ros/humble/share/rclcpp/cmake)
[0.156s] -- Found rosidl_generator_c: 3.1.7 (/opt/ros/humble/share/rosidl_generator_c/cmake)
[0.158s] -- Found rosidl_adapter: 3.1.7 (/opt/ros/humble/share/rosidl_adapter/cmake)
[0.161s] -- Found rosidl_generator_cpp: 3.1.7 (/opt/ros/humble/share/rosidl_generator_cpp/cmake)
[0.168s] -- Using all available rosidl_typesupport_c: rosidl_typesupport_fastrtps_c;rosidl_typesupport_introspection_c
[0.176s] -- Using all available rosidl_typesupport_cpp: rosidl_typesupport_fastrtps_cpp;rosidl_typesupport_introspection_cpp
[0.197s] -- Found rmw_implementation_cmake: 6.1.2 (/opt/ros/humble/share/rmw_implementation_cmake/cmake)
[0.198s] -- Found rmw_fastrtps_cpp: 6.2.9 (/opt/ros/humble/share/rmw_fastrtps_cpp/cmake)
[0.289s] -- Using RMW implementation 'rmw_fastrtps_cpp' as default
[0.324s] -- Found rclcpp_action: 16.0.16 (/opt/ros/humble/share/rclcpp_action/cmake)
[0.342s] -- Found behaviortree_cpp: 4.7.1 (/opt/ros/humble/share/behaviortree_cpp/cmake)
[0.344s] -- Found geometry_msgs: 4.9.0 (/opt/ros/humble/share/geometry_msgs/cmake)
[0.352s] -- Found nav_msgs: 4.9.0 (/opt/ros/humble/share/nav_msgs/cmake)
[0.365s] -- Found nav2_msgs: 1.1.20 (/opt/ros/humble/share/nav2_msgs/cmake)
[0.383s] -- Found tf2: 0.25.17 (/opt/ros/humble/share/tf2/cmake)
[0.387s] -- Found tf2_geometry_msgs: 0.25.17 (/opt/ros/humble/share/tf2_geometry_msgs/cmake)
[0.390s] -- Found eigen3_cmake_module: 0.1.1 (/opt/ros/humble/share/eigen3_cmake_module/cmake)
[0.391s] -- Ensuring Eigen3 include directory is part of orocos-kdl CMake target
[0.423s] -- Found rc26_serial: 0.1.0 (/home/potato/RC_2026/install/rc26_serial/share/rc26_serial/cmake)
[0.479s] -- Configuring done
[0.493s] -- Generating done
[0.497s] -- Build files have been written to: /home/potato/RC_2026/build/rc26_decision
[0.525s] [35m[1mConsolidate compiler generated dependencies of target rc26_decision_nodes[0m
[0.542s] [ 11%] [32mBuilding CXX object CMakeFiles/rc26_decision_nodes.dir/src/combat/combat_area.cpp.o[0m
[0.542s] [ 22%] [32mBuilding CXX object CMakeFiles/rc26_decision_nodes.dir/src/mc/mc_area.cpp.o[0m
[0.543s] [ 33%] [32mBuilding CXX object CMakeFiles/rc26_decision_nodes.dir/src/mf/mf_area.cpp.o[0m
[4.067s] [ 44%] [32m[1mLinking CXX shared library librc26_decision_nodes.so[0m
[4.300s] [ 77%] Built target rc26_decision_nodes
[4.310s] [35m[1mConsolidate compiler generated dependencies of target decision_node[0m
[4.328s] [ 88%] [32mBuilding CXX object CMakeFiles/decision_node.dir/src/decision_node.cpp.o[0m
[7.844s] [100%] [32m[1mLinking CXX executable decision_node[0m
[8.034s] [100%] Built target decision_node
[8.043s] Invoked command in '/home/potato/RC_2026/build/rc26_decision' returned '0': CMAKE_PREFIX_PATH=/home/potato/RC_2026/install/rc26_serial:/home/potato/RC_2026/install/small_gicp:/home/potato/RC_2026/install/rc26_merge_odom:/home/potato/RC_2026/install/rc26_bringup:/home/potato/RC_2026/install/rc26_decision:/home/potato/RC_2026/install/rc26_sensor_scan:/home/potato/RC_2026/install/rc26_perception:/home/potato/RC_2026/install/rc26_omni_controller:/home/potato/RC_2026/install/rc26_odom_interface:/home/potato/RC_2026/install/rc26_localization:/home/potato/RC_2026/install/point_lio:/home/potato/RC_2026/install/mid360_driver:/opt/ros/humble:/opt/ros/humble LD_LIBRARY_PATH=/home/potato/RC_2026/install/rc26_serial/lib:/home/potato/RC_2026/install/small_gicp/lib:/home/potato/RC_2026/install/rc26_merge_odom/lib:/home/potato/RC_2026/install/rc26_decision/lib:/home/potato/RC_2026/install/rc26_sensor_scan/lib:/home/potato/RC_2026/install/rc26_perception/lib:/home/potato/RC_2026/install/rc26_omni_controller/lib:/home/potato/RC_2026/install/rc26_odom_interface/lib:/home/potato/RC_2026/install/rc26_localization/lib:/home/potato/RC_2026/install/mid360_driver/lib:/usr/local/lib:/usr/local/cuda/lib64:/usr/local/lib:/lib64:/usr/lib/x86_64-linux-gnu/gazebo-11/plugins:/opt/ros/humble/opt/rviz_ogre_vendor/lib:/opt/ros/humble/lib/x86_64-linux-gnu:/opt/ros/humble/opt/openvdb_vendor/lib:/opt/ros/humble/lib /usr/bin/cmake --build /home/potato/RC_2026/build/rc26_decision -- -j28 -l28
[8.044s] Invoking command in '/home/potato/RC_2026/build/rc26_decision': CMAKE_PREFIX_PATH=/home/potato/RC_2026/install/rc26_serial:/home/potato/RC_2026/install/small_gicp:/home/potato/RC_2026/install/rc26_merge_odom:/home/potato/RC_2026/install/rc26_bringup:/home/potato/RC_2026/install/rc26_decision:/home/potato/RC_2026/install/rc26_sensor_scan:/home/potato/RC_2026/install/rc26_perception:/home/potato/RC_2026/install/rc26_omni_controller:/home/potato/RC_2026/install/rc26_odom_interface:/home/potato/RC_2026/install/rc26_localization:/home/potato/RC_2026/install/point_lio:/home/potato/RC_2026/install/mid360_driver:/opt/ros/humble:/opt/ros/humble LD_LIBRARY_PATH=/home/potato/RC_2026/install/rc26_serial/lib:/home/potato/RC_2026/install/small_gicp/lib:/home/potato/RC_2026/install/rc26_merge_odom/lib:/home/potato/RC_2026/install/rc26_decision/lib:/home/potato/RC_2026/install/rc26_sensor_scan/lib:/home/potato/RC_2026/install/rc26_perception/lib:/home/potato/RC_2026/install/rc26_omni_controller/lib:/home/potato/RC_2026/install/rc26_odom_interface/lib:/home/potato/RC_2026/install/rc26_localization/lib:/home/potato/RC_2026/install/mid360_driver/lib:/usr/local/lib:/usr/local/cuda/lib64:/usr/local/lib:/lib64:/usr/lib/x86_64-linux-gnu/gazebo-11/plugins:/opt/ros/humble/opt/rviz_ogre_vendor/lib:/opt/ros/humble/lib/x86_64-linux-gnu:/opt/ros/humble/opt/openvdb_vendor/lib:/opt/ros/humble/lib /usr/bin/cmake --install /home/potato/RC_2026/build/rc26_decision
[8.052s] -- Install configuration: ""
[8.052s] -- Up-to-date: /home/potato/RC_2026/install/rc26_decision/include
[8.052s] -- Up-to-date: /home/potato/RC_2026/install/rc26_decision/include/rc26_decision
[8.052s] -- Up-to-date: /home/potato/RC_2026/install/rc26_decision/include/rc26_decision/navigation
[8.052s] -- Up-to-date: /home/potato/RC_2026/install/rc26_decision/include/rc26_decision/navigation/bt_navigate_waypoint.hpp
[8.052s] -- Up-to-date: /home/potato/RC_2026/install/rc26_decision/include/rc26_decision/navigation/waypoint_navigator.hpp
[8.052s] -- Up-to-date: /home/potato/RC_2026/install/rc26_decision/include/rc26_decision/navigation/waypoint_catalog.hpp
[8.052s] -- Installing: /home/potato/RC_2026/install/rc26_decision/include/rc26_decision/mf
[8.052s] -- Installing: /home/potato/RC_2026/install/rc26_decision/include/rc26_decision/mf/mf_area.hpp
[8.052s] -- Installing: /home/potato/RC_2026/install/rc26_decision/include/rc26_decision/mc
[8.052s] -- Installing: /home/potato/RC_2026/install/rc26_decision/include/rc26_decision/mc/mc_area.hpp
[8.052s] -- Installing: /home/potato/RC_2026/install/rc26_decision/include/rc26_decision/combat
[8.052s] -- Installing: /home/potato/RC_2026/install/rc26_decision/include/rc26_decision/combat/combat_area.hpp
[8.053s] -- Installing: /home/potato/RC_2026/install/rc26_decision/lib/librc26_decision_nodes.so
[8.055s] -- Set runtime path of "/home/potato/RC_2026/install/rc26_decision/lib/librc26_decision_nodes.so" to ""
[8.056s] -- Installing: /home/potato/RC_2026/install/rc26_decision/lib/rc26_decision/decision_node
[8.057s] -- Set runtime path of "/home/potato/RC_2026/install/rc26_decision/lib/rc26_decision/decision_node" to ""
[8.057s] -- Up-to-date: /home/potato/RC_2026/install/rc26_decision/share/rc26_decision/behavior_trees
[8.057s] -- Installing: /home/potato/RC_2026/install/rc26_decision/share/rc26_decision/behavior_trees/combat_tree.xml
[8.057s] -- Installing: /home/potato/RC_2026/install/rc26_decision/share/rc26_decision/behavior_trees/mf_tree.xml
[8.057s] -- Installing: /home/potato/RC_2026/install/rc26_decision/share/rc26_decision/behavior_trees/mc_tree.xml
[8.057s] -- Installing: /home/potato/RC_2026/install/rc26_decision/share/rc26_decision/behavior_trees/main_tree.xml
[8.057s] -- Up-to-date: /home/potato/RC_2026/install/rc26_decision/share/rc26_decision/launch
[8.057s] -- Up-to-date: /home/potato/RC_2026/install/rc26_decision/share/rc26_decision/launch/__pycache__
[8.057s] -- Up-to-date: /home/potato/RC_2026/install/rc26_decision/share/rc26_decision/launch/__pycache__/waypoint_patrol.launch.cpython-310.pyc
[8.057s] -- Up-to-date: /home/potato/RC_2026/install/rc26_decision/share/rc26_decision/launch/decision.launch.py
[8.058s] -- Up-to-date: /home/potato/RC_2026/install/rc26_decision/share/rc26_decision/config
[8.058s] -- Up-to-date: /home/potato/RC_2026/install/rc26_decision/share/rc26_decision/config/decision_params.yaml
[8.058s] -- Up-to-date: /home/potato/RC_2026/install/rc26_decision/share/rc26_decision/environment/library_path.sh
[8.058s] -- Installing: /home/potato/RC_2026/install/rc26_decision/share/rc26_decision/environment/library_path.dsv
[8.058s] -- Up-to-date: /home/potato/RC_2026/install/rc26_decision/share/ament_index/resource_index/package_run_dependencies/rc26_decision
[8.058s] -- Up-to-date: /home/potato/RC_2026/install/rc26_decision/share/ament_index/resource_index/parent_prefix_path/rc26_decision
[8.058s] -- Up-to-date: /home/potato/RC_2026/install/rc26_decision/share/rc26_decision/environment/ament_prefix_path.sh
[8.058s] -- Installing: /home/potato/RC_2026/install/rc26_decision/share/rc26_decision/environment/ament_prefix_path.dsv
[8.058s] -- Up-to-date: /home/potato/RC_2026/install/rc26_decision/share/rc26_decision/environment/path.sh
[8.058s] -- Installing: /home/potato/RC_2026/install/rc26_decision/share/rc26_decision/environment/path.dsv
[8.058s] -- Up-to-date: /home/potato/RC_2026/install/rc26_decision/share/rc26_decision/local_setup.bash
[8.058s] -- Up-to-date: /home/potato/RC_2026/install/rc26_decision/share/rc26_decision/local_setup.sh
[8.058s] -- Up-to-date: /home/potato/RC_2026/install/rc26_decision/share/rc26_decision/local_setup.zsh
[8.058s] -- Installing: /home/potato/RC_2026/install/rc26_decision/share/rc26_decision/local_setup.dsv
[8.058s] -- Installing: /home/potato/RC_2026/install/rc26_decision/share/rc26_decision/package.dsv
[8.059s] -- Up-to-date: /home/potato/RC_2026/install/rc26_decision/share/ament_index/resource_index/packages/rc26_decision
[8.059s] -- Up-to-date: /home/potato/RC_2026/install/rc26_decision/share/rc26_decision/cmake/rc26_decisionTargetsExport.cmake
[8.059s] -- Up-to-date: /home/potato/RC_2026/install/rc26_decision/share/rc26_decision/cmake/rc26_decisionTargetsExport-noconfig.cmake
[8.059s] -- Up-to-date: /home/potato/RC_2026/install/rc26_decision/share/rc26_decision/cmake/ament_cmake_export_targets-extras.cmake
[8.059s] -- Up-to-date: /home/potato/RC_2026/install/rc26_decision/share/rc26_decision/cmake/ament_cmake_export_include_directories-extras.cmake
[8.059s] -- Up-to-date: /home/potato/RC_2026/install/rc26_decision/share/rc26_decision/cmake/ament_cmake_export_libraries-extras.cmake
[8.059s] -- Up-to-date: /home/potato/RC_2026/install/rc26_decision/share/rc26_decision/cmake/ament_cmake_export_dependencies-extras.cmake
[8.059s] -- Up-to-date: /home/potato/RC_2026/install/rc26_decision/share/rc26_decision/cmake/rc26_decisionConfig.cmake
[8.059s] -- Up-to-date: /home/potato/RC_2026/install/rc26_decision/share/rc26_decision/cmake/rc26_decisionConfig-version.cmake
[8.060s] -- Up-to-date: /home/potato/RC_2026/install/rc26_decision/share/rc26_decision/package.xml
[8.061s] Invoked command in '/home/potato/RC_2026/build/rc26_decision' returned '0': CMAKE_PREFIX_PATH=/home/potato/RC_2026/install/rc26_serial:/home/potato/RC_2026/install/small_gicp:/home/potato/RC_2026/install/rc26_merge_odom:/home/potato/RC_2026/install/rc26_bringup:/home/potato/RC_2026/install/rc26_decision:/home/potato/RC_2026/install/rc26_sensor_scan:/home/potato/RC_2026/install/rc26_perception:/home/potato/RC_2026/install/rc26_omni_controller:/home/potato/RC_2026/install/rc26_odom_interface:/home/potato/RC_2026/install/rc26_localization:/home/potato/RC_2026/install/point_lio:/home/potato/RC_2026/install/mid360_driver:/opt/ros/humble:/opt/ros/humble LD_LIBRARY_PATH=/home/potato/RC_2026/install/rc26_serial/lib:/home/potato/RC_2026/install/small_gicp/lib:/home/potato/RC_2026/install/rc26_merge_odom/lib:/home/potato/RC_2026/install/rc26_decision/lib:/home/potato/RC_2026/install/rc26_sensor_scan/lib:/home/potato/RC_2026/install/rc26_perception/lib:/home/potato/RC_2026/install/rc26_omni_controller/lib:/home/potato/RC_2026/install/rc26_odom_interface/lib:/home/potato/RC_2026/install/rc26_localization/lib:/home/potato/RC_2026/install/mid360_driver/lib:/usr/local/lib:/usr/local/cuda/lib64:/usr/local/lib:/lib64:/usr/lib/x86_64-linux-gnu/gazebo-11/plugins:/opt/ros/humble/opt/rviz_ogre_vendor/lib:/opt/ros/humble/lib/x86_64-linux-gnu:/opt/ros/humble/opt/openvdb_vendor/lib:/opt/ros/humble/lib /usr/bin/cmake --install /home/potato/RC_2026/build/rc26_decision
